<html>
<body>
<pre>
<h1>礦ision Build Log</h1>
<h2>Tool Versions:</h2>
IDE-Version: μVision V5.14.0.0
Copyright (C) 2015 ARM Ltd and ARM Germany GmbH. All rights reserved.
License Information: 11111 11111, 11111, LIC=D0D7S-LCNQI-UH08H-W3HKG-3CTL2-MAJL1
 
Tool Versions:
Toolchain:       MDK-ARM Standard  Version: 5.14.0.0
Toolchain Path:  D:\keil\ARM\ARMCC\Bin
C Compiler:      Armcc.exe V5.05 update 1 (build 106)
Assembler:       Armasm.exe V5.05 update 1 (build 106)
Linker/Locator:  ArmLink.exe V5.05 update 1 (build 106)
Library Manager: ArmAr.exe V5.05 update 1 (build 106)
Hex Converter:   FromElf.exe V5.05 update 1 (build 106)
CPU DLL:         SARMCM3.DLL V5.14.0.0
Dialog DLL:      DCM.DLL V1.13.1.0
Target DLL:      STLink\ST-LINKIII-KEIL_SWO.dll V2.0.14.0_KEIL
Dialog DLL:      TCM.DLL V1.14.4.0
 
<h2>Project:</h2>
D:\资料\实验室模块\MAX262_V1.1模块资料\参考测试程序\STM32F1控制程序\MAX262_STM32_LCD_PWM波_复杂版\Project\STM32_262.uvprojx
Project File Date:  03/16/2021

<h2>Output:</h2>
Build target 'STM32_262'
compiling main.c...
linking...
Program Size: Code=13120 RO-data=336 RW-data=184 ZI-data=1024  
FromELF: creating hex file...
".\Obj\STM32_262.axf" - 0 Error(s), 0 Warning(s).

<h2>Collection of Component include folders:</h2>
  D:\资料\实验室模块\MAX262_V1.1模块资料\参考测试程序\STM32F1控制程序\MAX262_STM32_LCD_PWM波_复杂版\Project\RTE
  D:\keil\ARM\PACK\Keil\STM32F1xx_DFP\1.0.5\Device\Include

<h2>Collection of Component Files used:</h2>
</pre>
</body>
</html>
