<html>
<body>
<pre>
<h1>礦ision Build Log</h1>
<h2>Project:</h2>
G:\模块\软件\32\STM32核心板keil_V4_ADS1256\水发学长\max262\STM32f103_262\Project\STM32_262.uvproj
Project File Date:  04/27/2018

<h2>Output:</h2>
compiling main.c...
D:\Keil\keil\ARM\Inc\ST\STM32F10x\stm32f10x.h(96): error:  #35: #error directive: "Please select first the target STM32F10x device used in your application (in stm32f10x.h file)"
..\User\main.c - 1 Error(s), 0 Warning(s).
Build target 'STM32_262'
compiling main.c...
D:\Keil\keil\ARM\Inc\ST\STM32F10x\stm32f10x.h(96): error:  #35: #error directive: "Please select first the target STM32F10x device used in your application (in stm32f10x.h file)"
compiling misc.c...
..\STM32F10x_StdPeriph_Driver\src\misc.c(24): error:  #5: cannot open source input file "misc.h": No such file or directory
compiling stm32f10x_adc.c...
..\STM32F10x_StdPeriph_Driver\src\stm32f10x_adc.c(23): error:  #5: cannot open source input file "stm32f10x_adc.h": No such file or directory
compiling stm32f10x_bkp.c...
..\STM32F10x_StdPeriph_Driver\src\stm32f10x_bkp.c(23): error:  #5: cannot open source input file "stm32f10x_bkp.h": No such file or directory
compiling stm32f10x_can.c...
..\STM32F10x_StdPeriph_Driver\src\stm32f10x_can.c(23): error:  #5: cannot open source input file "stm32f10x_can.h": No such file or directory
compiling stm32f10x_cec.c...
..\STM32F10x_StdPeriph_Driver\src\stm32f10x_cec.c(23): error:  #5: cannot open source input file "stm32f10x_cec.h": No such file or directory
compiling stm32f10x_crc.c...
..\STM32F10x_StdPeriph_Driver\src\stm32f10x_crc.c(23): error:  #5: cannot open source input file "stm32f10x_crc.h": No such file or directory
compiling stm32f10x_dac.c...
..\STM32F10x_StdPeriph_Driver\src\stm32f10x_dac.c(23): error:  #5: cannot open source input file "stm32f10x_dac.h": No such file or directory
compiling stm32f10x_dbgmcu.c...
..\STM32F10x_StdPeriph_Driver\src\stm32f10x_dbgmcu.c(23): error:  #5: cannot open source input file "stm32f10x_dbgmcu.h": No such file or directory
compiling stm32f10x_dma.c...
..\STM32F10x_StdPeriph_Driver\src\stm32f10x_dma.c(23): error:  #5: cannot open source input file "stm32f10x_dma.h": No such file or directory
compiling stm32f10x_exti.c...
..\STM32F10x_StdPeriph_Driver\src\stm32f10x_exti.c(23): error:  #5: cannot open source input file "stm32f10x_exti.h": No such file or directory
compiling stm32f10x_flash.c...
..\STM32F10x_StdPeriph_Driver\src\stm32f10x_flash.c(23): error:  #5: cannot open source input file "stm32f10x_flash.h": No such file or directory
compiling stm32f10x_fsmc.c...
..\STM32F10x_StdPeriph_Driver\src\stm32f10x_fsmc.c(23): error:  #5: cannot open source input file "stm32f10x_fsmc.h": No such file or directory
compiling stm32f10x_gpio.c...
..\STM32F10x_StdPeriph_Driver\src\stm32f10x_gpio.c(23): error:  #5: cannot open source input file "stm32f10x_gpio.h": No such file or directory
compiling stm32f10x_i2c.c...
..\STM32F10x_StdPeriph_Driver\src\stm32f10x_i2c.c(23): error:  #5: cannot open source input file "stm32f10x_i2c.h": No such file or directory
compiling stm32f10x_iwdg.c...
..\STM32F10x_StdPeriph_Driver\src\stm32f10x_iwdg.c(23): error:  #5: cannot open source input file "stm32f10x_iwdg.h": No such file or directory
compiling stm32f10x_pwr.c...
..\STM32F10x_StdPeriph_Driver\src\stm32f10x_pwr.c(23): error:  #5: cannot open source input file "stm32f10x_pwr.h": No such file or directory
compiling stm32f10x_rcc.c...
..\STM32F10x_StdPeriph_Driver\src\stm32f10x_rcc.c(23): error:  #5: cannot open source input file "stm32f10x_rcc.h": No such file or directory
compiling stm32f10x_rtc.c...
..\STM32F10x_StdPeriph_Driver\src\stm32f10x_rtc.c(23): error:  #5: cannot open source input file "stm32f10x_rtc.h": No such file or directory
compiling stm32f10x_sdio.c...
..\STM32F10x_StdPeriph_Driver\src\stm32f10x_sdio.c(23): error:  #5: cannot open source input file "stm32f10x_sdio.h": No such file or directory
compiling stm32f10x_spi.c...
..\STM32F10x_StdPeriph_Driver\src\stm32f10x_spi.c(23): error:  #5: cannot open source input file "stm32f10x_spi.h": No such file or directory
compiling stm32f10x_tim.c...
..\STM32F10x_StdPeriph_Driver\src\stm32f10x_tim.c(23): error:  #5: cannot open source input file "stm32f10x_tim.h": No such file or directory
compiling stm32f10x_usart.c...
..\STM32F10x_StdPeriph_Driver\src\stm32f10x_usart.c(23): error:  #5: cannot open source input file "stm32f10x_usart.h": No such file or directory
compiling stm32f10x_wwdg.c...
..\STM32F10x_StdPeriph_Driver\src\stm32f10x_wwdg.c(23): error:  #5: cannot open source input file "stm32f10x_wwdg.h": No such file or directory
compiling core_cm3.c...
compiling system_stm32f10x.c...
..\CMSIS\DeviceSupport\STM32F10x\stm32f10x.h(96): error:  #35: #error directive: "Please select first the target STM32F10x device used in your application (in stm32f10x.h file)"
assembling startup_stm32f10x_hd.s...
Target not created
Build target 'STM32_262'
compiling main.c...
..\User\main.c(48): warning:  #223-D: function "USART_Configuration" declared implicitly
..\User\main.c(54): warning:  #223-D: function "AD9226_GetAdc" declared implicitly
..\User\main.c(59): error:  #20: identifier "adc1" is undefined
..\User\main.c(60): error:  #20: identifier "j" is undefined
..\User\main.c(63): error:  #29: expected an expression
..\User\main.c(63): error:  #65: expected a ";"
..\User\main.c(68): warning:  #223-D: function "printf" declared implicitly
compiling misc.c...
compiling stm32f10x_adc.c...
compiling stm32f10x_bkp.c...
compiling stm32f10x_can.c...
compiling stm32f10x_cec.c...
compiling stm32f10x_crc.c...
compiling stm32f10x_dac.c...
compiling stm32f10x_dbgmcu.c...
compiling stm32f10x_dma.c...
compiling stm32f10x_exti.c...
compiling stm32f10x_flash.c...
compiling stm32f10x_fsmc.c...
compiling stm32f10x_gpio.c...
compiling stm32f10x_i2c.c...
compiling stm32f10x_iwdg.c...
compiling stm32f10x_pwr.c...
compiling stm32f10x_rcc.c...
compiling stm32f10x_rtc.c...
compiling stm32f10x_sdio.c...
compiling stm32f10x_spi.c...
compiling stm32f10x_tim.c...
compiling stm32f10x_usart.c...
compiling stm32f10x_wwdg.c...
compiling core_cm3.c...
compiling system_stm32f10x.c...
assembling startup_stm32f10x_hd.s...
Target not created
Build target 'STM32_262'
compiling main.c...
linking...
Program Size: Code=796 RO-data=336 RW-data=20 ZI-data=1636  
".\Obj\STM32_262.axf" - 0 Error(s), 0 Warning(s).
Build target 'STM32_262'
compiling main.c...
compiling misc.c...
compiling stm32f10x_adc.c...
compiling stm32f10x_bkp.c...
compiling stm32f10x_can.c...
compiling stm32f10x_cec.c...
compiling stm32f10x_crc.c...
compiling stm32f10x_dac.c...
compiling stm32f10x_dbgmcu.c...
compiling stm32f10x_dma.c...
compiling stm32f10x_exti.c...
compiling stm32f10x_flash.c...
compiling stm32f10x_fsmc.c...
compiling stm32f10x_gpio.c...
compiling stm32f10x_i2c.c...
compiling stm32f10x_iwdg.c...
compiling stm32f10x_pwr.c...
compiling stm32f10x_rcc.c...
compiling stm32f10x_rtc.c...
compiling stm32f10x_sdio.c...
compiling stm32f10x_spi.c...
compiling stm32f10x_tim.c...
compiling stm32f10x_usart.c...
compiling stm32f10x_wwdg.c...
compiling system_stm32f10x.c...
linking...
Program Size: Code=796 RO-data=336 RW-data=20 ZI-data=1636  
".\Obj\STM32_262.axf" - 0 Error(s), 0 Warning(s).
Build target 'STM32_262'
compiling main.c...
compiling Delay.c...
compiling PeripheralInit.c...
linking...
Program Size: Code=796 RO-data=336 RW-data=20 ZI-data=1636  
".\Obj\STM32_262.axf" - 0 Error(s), 0 Warning(s).
Build target 'STM32_262'
compiling PeripheralInit.c...
..\User\PeripheralInit.c(41): warning:  #223-D: function "MAX262_GPIO_Init" declared implicitly
..\User\PeripheralInit.c(44): error:  #159: declaration is incompatible with previous "MAX262_GPIO_Init" (declared at line 41)
compiling MAX262.c...
Target not created
Build target 'STM32_262'
compiling main.c...
compiling PeripheralInit.c...
linking...
Program Size: Code=796 RO-data=336 RW-data=20 ZI-data=1636  
".\Obj\STM32_262.axf" - 0 Error(s), 0 Warning(s).
