<html>
<body>
<pre>
<h1>µVision Build Log</h1>
<h2>Tool Versions:</h2>
IDE-Version: ¦ÌVision V5.24.2.0
Copyright (C) 2017 ARM Ltd and ARM Germany GmbH. All rights reserved.
License Information: 1 ÀîÎÄÑ§, 1, LIC=QF82M-XV6AE-JJ36S-L2R9J-2MW3Q-8890E
 
Tool Versions:
Toolchain:       MDK-ARM Plus  Version: 5.14.0.0
Toolchain Path:  F:\Keil_v5\Keil_MDK\ARM\ARMCC\Bin
C Compiler:      Armcc.exe V5.05 update 1 (build 106)
Assembler:       Armasm.exe V5.05 update 1 (build 106)
Linker/Locator:  ArmLink.exe V5.05 update 1 (build 106)
Library Manager: ArmAr.exe V5.05 update 1 (build 106)
Hex Converter:   FromElf.exe V5.05 update 1 (build 106)
CPU DLL:         SARMCM3.DLL V5.14.0.0
Dialog DLL:      DCM.DLL V1.13.1.0
Target DLL:      STLink\ST-LINKIII-KEIL_SWO.dll V2.0.14.0_KEIL
Dialog DLL:      TCM.DLL V1.14.4.0
 
<h2>Project:</h2>
H:\1.A_BSP_Code\ZGT6\USER\Template.uvprojx
Project File Date:  07/20/2024

<h2>Output:</h2>
*** Using Compiler 'V5.05 update 1 (build 106)', folder: 'F:\Keil_v5\Keil_MDK\ARM\ARMCC\Bin'
Build target 'Template'
compiling LED.c...
compiling BSP_LWX_AD.c...
compiling main.c...
compiling DSP_LWX_FFT.c...
DSP_LWX_FFT.c(136): warning:  #223-D: function "Serial_Printf" declared implicitly
  				Serial_Printf(USART3,"add s1.id,1,%d\xff\xff\xff",(int)(s2[i].real/4095));
DSP_LWX_FFT.c: 1 warning, 0 errors
linking...
Program Size: Code=24620 RO-data=804 RW-data=56 ZI-data=95632  
"..\OBJ\Template.axf" - 0 Error(s), 1 Warning(s).

<h2>Software Packages used:</h2>

Package Vendor: Keil
                https://www.keil.com/pack/Keil.STM32F4xx_DFP.2.17.1.pack
                Keil.STM32F4xx_DFP.2.17.1
                STMicroelectronics STM32F4 Series Device Support, Drivers and Examples

<h2>Collection of Component include folders:</h2>
  .\RTE\_Template
  F:\Keil_v5\Keil_MDK\ARM\PACK\Keil\STM32F4xx_DFP\2.17.1\Drivers\CMSIS\Device\ST\STM32F4xx\Include

<h2>Collection of Component Files used:</h2>
Build Time Elapsed:  00:00:05
</pre>
</body>
</html>
