Component: ARM Compiler 5.05 update 1 (build 106) Tool: armlink [4d0efa]

==============================================================================

Section Cross References

    main.o(.text) refers to delay.o(.text) for delay_init
    main.o(.text) refers to usart.o(.text) for uart_init
    main.o(.text) refers to sram.o(.text) for FSMC_SRAM_Init
    main.o(.text) refers to vet6_bsp_usart3.o(.text) for uart3_init
    main.o(.text) refers to led.o(.text) for LED_Init
    main.o(.text) refers to bsp_lwx_ad.o(.text) for BSP_ADC1_All_SETUP
    main.o(.text) refers to dsp_lwx_fft.o(.text) for cfft_f32_mag0
    main.o(.text) refers to dsp_lwx_fft.o(.bss) for s0
    system_stm32f4xx.o(.text) refers to system_stm32f4xx.o(.data) for SystemCoreClock
    led.o(.text) refers to stm32f4xx_rcc.o(.text) for RCC_AHB1PeriphClockCmd
    led.o(.text) refers to stm32f4xx_gpio.o(.text) for GPIO_Init
    led.o(.text) refers to delay.o(.text) for delay_ms
    bsp_lwx_ad.o(.text) refers to stm32f4xx_rcc.o(.text) for RCC_AHB1PeriphClockCmd
    bsp_lwx_ad.o(.text) refers to stm32f4xx_gpio.o(.text) for GPIO_PinAFConfig
    bsp_lwx_ad.o(.text) refers to stm32f4xx_tim.o(.text) for TIM_TimeBaseInit
    bsp_lwx_ad.o(.text) refers to stm32f4xx_adc.o(.text) for ADC_CommonInit
    bsp_lwx_ad.o(.text) refers to stm32f4xx_dma.o(.text) for DMA_Init
    bsp_lwx_ad.o(.text) refers to bsp_lwx_ad.o(.bss) for BSP_G_AD_A
    dsp_lwx_fft.o(.text) refers to fft_1.o(.text) for InitTableFFT
    dsp_lwx_fft.o(.text) refers to vet6_bsp_usart3.o(.text) for Serial_Printf
    dsp_lwx_fft.o(.text) refers to atan2f.o(i.__hardfp_atan2f) for __hardfp_atan2f
    dsp_lwx_fft.o(.text) refers to f2d.o(.text) for __aeabi_f2d
    dsp_lwx_fft.o(.text) refers to cos.o(i.__hardfp_cos) for __hardfp_cos
    dsp_lwx_fft.o(.text) refers to dadd.o(.text) for __aeabi_dadd
    dsp_lwx_fft.o(.text) refers to d2f.o(.text) for __aeabi_d2f
    dsp_lwx_fft.o(.text) refers to printfa.o(i.__0printf) for __2printf
    dsp_lwx_fft.o(.text) refers to bsp_lwx_ad.o(.bss) for BSP_G_AD_A
    dsp_lwx_fft.o(.text) refers to dsp_lwx_fft.o(.bss) for s0
    sram.o(.text) refers to stm32f4xx_rcc.o(.text) for RCC_AHB1PeriphClockCmd
    sram.o(.text) refers to stm32f4xx_gpio.o(.text) for GPIO_Init
    sram.o(.text) refers to stm32f4xx_fsmc.o(.text) for FSMC_NORSRAMInit
    vet6_bsp_usart3.o(.text) refers to stm32f4xx_rcc.o(.text) for RCC_AHB1PeriphClockCmd
    vet6_bsp_usart3.o(.text) refers to stm32f4xx_gpio.o(.text) for GPIO_PinAFConfig
    vet6_bsp_usart3.o(.text) refers to stm32f4xx_usart.o(.text) for USART_Init
    vet6_bsp_usart3.o(.text) refers to misc.o(.text) for NVIC_Init
    vet6_bsp_usart3.o(.text) refers to printfa.o(i.__0vsprintf) for vsprintf
    vet6_bsp_usart3.o(.text) refers to vet6_bsp_usart3.o(.data) for USART3_RX_STA
    vet6_bsp_usart3.o(.text) refers to vet6_bsp_usart3.o(.bss) for USART3_RX_BUF
    startup_stm32f40_41xxx.o(RESET) refers to startup_stm32f40_41xxx.o(STACK) for __initial_sp
    startup_stm32f40_41xxx.o(RESET) refers to startup_stm32f40_41xxx.o(.text) for Reset_Handler
    startup_stm32f40_41xxx.o(RESET) refers to stm32f4xx_it.o(.text) for NMI_Handler
    startup_stm32f40_41xxx.o(RESET) refers to usart.o(.text) for USART1_IRQHandler
    startup_stm32f40_41xxx.o(RESET) refers to vet6_bsp_usart3.o(.text) for USART3_IRQHandler
    startup_stm32f40_41xxx.o(.text) refers to system_stm32f4xx.o(.text) for SystemInit
    startup_stm32f40_41xxx.o(.text) refers to entry.o(.ARM.Collect$$$$00000000) for __main
    stm32f4xx_adc.o(.text) refers to stm32f4xx_rcc.o(.text) for RCC_APB2PeriphResetCmd
    stm32f4xx_can.o(.text) refers to stm32f4xx_rcc.o(.text) for RCC_APB1PeriphResetCmd
    stm32f4xx_cryp.o(.text) refers to stm32f4xx_rcc.o(.text) for RCC_AHB2PeriphResetCmd
    stm32f4xx_cryp_aes.o(.text) refers to stm32f4xx_cryp.o(.text) for CRYP_KeyStructInit
    stm32f4xx_cryp_des.o(.text) refers to stm32f4xx_cryp.o(.text) for CRYP_KeyStructInit
    stm32f4xx_cryp_tdes.o(.text) refers to stm32f4xx_cryp.o(.text) for CRYP_KeyStructInit
    stm32f4xx_dac.o(.text) refers to stm32f4xx_rcc.o(.text) for RCC_APB1PeriphResetCmd
    stm32f4xx_dma2d.o(.text) refers to stm32f4xx_rcc.o(.text) for RCC_AHB1PeriphResetCmd
    stm32f4xx_fsmc.o(.text) refers to stm32f4xx_fsmc.o(.constdata) for FSMC_DefaultTimingStruct
    stm32f4xx_gpio.o(.text) refers to stm32f4xx_rcc.o(.text) for RCC_AHB1PeriphResetCmd
    stm32f4xx_hash.o(.text) refers to stm32f4xx_rcc.o(.text) for RCC_AHB2PeriphResetCmd
    stm32f4xx_hash_md5.o(.text) refers to stm32f4xx_hash.o(.text) for HASH_DeInit
    stm32f4xx_hash_sha1.o(.text) refers to stm32f4xx_hash.o(.text) for HASH_DeInit
    stm32f4xx_i2c.o(.text) refers to stm32f4xx_rcc.o(.text) for RCC_APB1PeriphResetCmd
    stm32f4xx_ltdc.o(.text) refers to stm32f4xx_rcc.o(.text) for RCC_APB2PeriphResetCmd
    stm32f4xx_pwr.o(.text) refers to stm32f4xx_rcc.o(.text) for RCC_APB1PeriphResetCmd
    stm32f4xx_rcc.o(.text) refers to stm32f4xx_rcc.o(.data) for APBAHBPrescTable
[...]
    ..\FWLIB\src\stm32f4xx_gpio.c            0x00000000   Number         0  stm32f4xx_gpio.o ABSOLUTE
    ..\FWLIB\src\stm32f4xx_hash.c            0x00000000   Number         0  stm32f4xx_hash.o ABSOLUTE
    ..\FWLIB\src\stm32f4xx_hash_md5.c        0x00000000   Number         0  stm32f4xx_hash_md5.o ABSOLUTE
    ..\FWLIB\src\stm32f4xx_hash_sha1.c       0x00000000   Number         0  stm32f4xx_hash_sha1.o ABSOLUTE
    ..\FWLIB\src\stm32f4xx_i2c.c             0x00000000   Number         0  stm32f4xx_i2c.o ABSOLUTE
    ..\FWLIB\src\stm32f4xx_iwdg.c            0x00000000   Number         0  stm32f4xx_iwdg.o ABSOLUTE
    ..\FWLIB\src\stm32f4xx_ltdc.c            0x00000000   Number         0  stm32f4xx_ltdc.o ABSOLUTE
    ..\FWLIB\src\stm32f4xx_pwr.c             0x00000000   Number         0  stm32f4xx_pwr.o ABSOLUTE
    ..\FWLIB\src\stm32f4xx_rcc.c             0x00000000   Number         0  stm32f4xx_rcc.o ABSOLUTE
    ..\FWLIB\src\stm32f4xx_rng.c             0x00000000   Number         0  stm32f4xx_rng.o ABSOLUTE
    ..\FWLIB\src\stm32f4xx_rtc.c             0x00000000   Number         0  stm32f4xx_rtc.o ABSOLUTE
    ..\FWLIB\src\stm32f4xx_sai.c             0x00000000   Number         0  stm32f4xx_sai.o ABSOLUTE
    ..\FWLIB\src\stm32f4xx_sdio.c            0x00000000   Number         0  stm32f4xx_sdio.o ABSOLUTE
    ..\FWLIB\src\stm32f4xx_spi.c             0x00000000   Number         0  stm32f4xx_spi.o ABSOLUTE
    ..\FWLIB\src\stm32f4xx_syscfg.c          0x00000000   Number         0  stm32f4xx_syscfg.o ABSOLUTE
    ..\FWLIB\src\stm32f4xx_tim.c             0x00000000   Number         0  stm32f4xx_tim.o ABSOLUTE
    ..\FWLIB\src\stm32f4xx_usart.c           0x00000000   Number         0  stm32f4xx_usart.o ABSOLUTE
    ..\FWLIB\src\stm32f4xx_wwdg.c            0x00000000   Number         0  stm32f4xx_wwdg.o ABSOLUTE
    ..\SYSTEM\delay\delay.c                  0x00000000   Number         0  delay.o ABSOLUTE
    ..\SYSTEM\sys\sys.c                      0x00000000   Number         0  sys.o ABSOLUTE
    ..\SYSTEM\usart\usart.c                  0x00000000   Number         0  usart.o ABSOLUTE
    ..\\BSP_DSP\\fft.c                       0x00000000   Number         0  fft_1.o ABSOLUTE
    ..\\FWLIB\\src\\misc.c                   0x00000000   Number         0  misc.o ABSOLUTE
    ..\\FWLIB\\src\\stm32f4xx_adc.c          0x00000000   Number         0  stm32f4xx_adc.o ABSOLUTE
    ..\\FWLIB\\src\\stm32f4xx_can.c          0x00000000   Number         0  stm32f4xx_can.o ABSOLUTE
    ..\\FWLIB\\src\\stm32f4xx_crc.c          0x00000000   Number         0  stm32f4xx_crc.o ABSOLUTE
    ..\\FWLIB\\src\\stm32f4xx_cryp.c         0x00000000   Number         0  stm32f4xx_cryp.o ABSOLUTE
    ..\\FWLIB\\src\\stm32f4xx_cryp_aes.c     0x00000000   Number         0  stm32f4xx_cryp_aes.o ABSOLUTE
    ..\\FWLIB\\src\\stm32f4xx_cryp_des.c     0x00000000   Number         0  stm32f4xx_cryp_des.o ABSOLUTE
    ..\\FWLIB\\src\\stm32f4xx_cryp_tdes.c    0x00000000   Number         0  stm32f4xx_cryp_tdes.o ABSOLUTE
    ..\\FWLIB\\src\\stm32f4xx_dac.c          0x00000000   Number         0  stm32f4xx_dac.o ABSOLUTE
    ..\\FWLIB\\src\\stm32f4xx_dbgmcu.c       0x00000000   Number         0  stm32f4xx_dbgmcu.o ABSOLUTE
    ..\\FWLIB\\src\\stm32f4xx_dcmi.c         0x00000000   Number         0  stm32f4xx_dcmi.o ABSOLUTE
    ..\\FWLIB\\src\\stm32f4xx_dma.c          0x00000000   Number         0  stm32f4xx_dma.o ABSOLUTE
    ..\\FWLIB\\src\\stm32f4xx_dma2d.c        0x00000000   Number         0  stm32f4xx_dma2d.o ABSOLUTE
    ..\\FWLIB\\src\\stm32f4xx_exti.c         0x00000000   Number         0  stm32f4xx_exti.o ABSOLUTE
    ..\\FWLIB\\src\\stm32f4xx_flash.c        0x00000000   Number         0  stm32f4xx_flash.o ABSOLUTE
    ..\\FWLIB\\src\\stm32f4xx_flash_ramfunc.c 0x00000000   Number         0  stm32f4xx_flash_ramfunc.o ABSOLUTE
    ..\\FWLIB\\src\\stm32f4xx_fsmc.c         0x00000000   Number         0  stm32f4xx_fsmc.o ABSOLUTE
    ..\\FWLIB\\src\\stm32f4xx_gpio.c         0x00000000   Number         0  stm32f4xx_gpio.o ABSOLUTE
    ..\\FWLIB\\src\\stm32f4xx_hash.c         0x00000000   Number         0  stm32f4xx_hash.o ABSOLUTE
    ..\\FWLIB\\src\\stm32f4xx_hash_md5.c     0x00000000   Number         0  stm32f4xx_hash_md5.o ABSOLUTE
    ..\\FWLIB\\src\\stm32f4xx_hash_sha1.c    0x00000000   Number         0  stm32f4xx_hash_sha1.o ABSOLUTE
    ..\\FWLIB\\src\\stm32f4xx_i2c.c          0x00000000   Number         0  stm32f4xx_i2c.o ABSOLUTE
    ..\\FWLIB\\src\\stm32f4xx_iwdg.c         0x00000000   Number         0  stm32f4xx_iwdg.o ABSOLUTE
    ..\\FWLIB\\src\\stm32f4xx_ltdc.c         0x00000000   Number         0  stm32f4xx_ltdc.o ABSOLUTE
    ..\\FWLIB\\src\\stm32f4xx_pwr.c          0x00000000   Number         0  stm32f4xx_pwr.o ABSOLUTE
    ..\\FWLIB\\src\\stm32f4xx_rcc.c          0x00000000   Number         0  stm32f4xx_rcc.o ABSOLUTE
    ..\\FWLIB\\src\\stm32f4xx_rng.c          0x00000000   Number         0  stm32f4xx_rng.o ABSOLUTE
    ..\\FWLIB\\src\\stm32f4xx_rtc.c          0x00000000   Number         0  stm32f4xx_rtc.o ABSOLUTE
    ..\\FWLIB\\src\\stm32f4xx_sai.c          0x00000000   Number         0  stm32f4xx_sai.o ABSOLUTE
    ..\\FWLIB\\src\\stm32f4xx_sdio.c         0x00000000   Number         0  stm32f4xx_sdio.o ABSOLUTE
    ..\\FWLIB\\src\\stm32f4xx_spi.c          0x00000000   Number         0  stm32f4xx_spi.o ABSOLUTE
    ..\\FWLIB\\src\\stm32f4xx_syscfg.c       0x00000000   Number         0  stm32f4xx_syscfg.o ABSOLUTE
    ..\\FWLIB\\src\\stm32f4xx_tim.c          0x00000000   Number         0  stm32f4xx_tim.o ABSOLUTE
    ..\\FWLIB\\src\\stm32f4xx_usart.c        0x00000000   Number         0  stm32f4xx_usart.o ABSOLUTE
    ..\\FWLIB\\src\\stm32f4xx_wwdg.c         0x00000000   Number         0  stm32f4xx_wwdg.o ABSOLUTE
    ..\\SYSTEM\\delay\\delay.c               0x00000000   Number         0  delay.o ABSOLUTE
    ..\\SYSTEM\\sys\\sys.c                   0x00000000   Number         0  sys.o ABSOLUTE
    ..\\SYSTEM\\usart\\usart.c               0x00000000   Number         0  usart.o ABSOLUTE
    BSP_LWX_AD.c                             0x00000000   Number         0  bsp_lwx_ad.o ABSOLUTE
    BSP_LWX_AD.c                             0x00000000   Number         0  bsp_lwx_ad.o ABSOLUTE
    DSP_LWX_FFT.c                            0x00000000   Number         0  dsp_lwx_fft.o ABSOLUTE
    DSP_LWX_FFT.c                            0x00000000   Number         0  dsp_lwx_fft.o ABSOLUTE
    LED.c                                    0x00000000   Number         0  led.o ABSOLUTE
    LED.c                                    0x00000000   Number         0  led.o ABSOLUTE
    VET6_BSP_USART3.c                        0x00000000   Number         0  vet6_bsp_usart3.o ABSOLUTE
    VET6_BSP_USART3.c                        0x00000000   Number         0  vet6_bsp_usart3.o ABSOLUTE
    cdcmple.s                                0x00000000   Number         0  cdcmple.o ABSOLUTE
    cdrcmple.s                               0x00000000   Number         0  cdrcmple.o ABSOLUTE
    dc.s                                     0x00000000   Number         0  dc.o ABSOLUTE
    handlers.s                               0x00000000   Number         0  handlers.o ABSOLUTE
    init.s                                   0x00000000   Number         0  init.o ABSOLUTE
    main.c                                   0x00000000   Number         0  main.o ABSOLUTE
    main.c                                   0x00000000   Number         0  main.o ABSOLUTE
    sram.c                                   0x00000000   Number         0  sram.o ABSOLUTE
    sram.c                                   0x00000000   Number         0  sram.o ABSOLUTE
    stm32f4xx_it.c                           0x00000000   Number         0  stm32f4xx_it.o ABSOLUTE
    stm32f4xx_it.c                           0x00000000   Number         0  stm32f4xx_it.o ABSOLUTE
    system_stm32f4xx.c                       0x00000000   Number         0  system_stm32f4xx.o ABSOLUTE
    system_stm32f4xx.c                       0x00000000   Number         0  system_stm32f4xx.o ABSOLUTE
    RESET                                    0x08000000   Section      392  startup_stm32f40_41xxx.o(RESET)
    .ARM.Collect$$$$00000000                 0x08000188   Section        0  entry.o(.ARM.Collect$$$$00000000)
    .ARM.Collect$$$$00000001                 0x08000188   Section        4  entry2.o(.ARM.Collect$$$$00000001)
    .ARM.Collect$$$$00000004                 0x0800018c   Section        4  entry5.o(.ARM.Collect$$$$00000004)
    .ARM.Collect$$$$00000008                 0x08000190   Section        0  entry7b.o(.ARM.Collect$$$$00000008)
    .ARM.Collect$$$$0000000A                 0x08000190   Section        0  entry8b.o(.ARM.Collect$$$$0000000A)
    .ARM.Collect$$$$0000000B                 0x08000190   Section        8  entry9a.o(.ARM.Collect$$$$0000000B)
    .ARM.Collect$$$$0000000D                 0x08000198   Section        0  entry10a.o(.ARM.Collect$$$$0000000D)
    .ARM.Collect$$$$0000000F                 0x08000198   Section        0  entry11a.o(.ARM.Collect$$$$0000000F)
    .ARM.Collect$$$$00002712                 0x08000198   Section        4  entry2.o(.ARM.Collect$$$$00002712)
    __lit__00000000                          0x08000198   Data           4  entry2.o(.ARM.Collect$$$$00002712)
    .text                                    0x0800019c   Section        0  main.o(.text)
    .text                                    0x08000298   Section        0  stm32f4xx_it.o(.text)
    .text                                    0x080002b4   Section        0  system_stm32f4xx.o(.text)
    SetSysClock                              0x080002b5   Thumb Code   220  system_stm32f4xx.o(.text)
    .text                                    0x080004c4   Section        0  led.o(.text)
    .text                                    0x08000520   Section        0  bsp_lwx_ad.o(.text)
    .text                                    0x080008e8   Section        0  dsp_lwx_fft.o(.text)
    arm_sqrt_f32                             0x080008e9   Thumb Code    38  dsp_lwx_fft.o(.text)
    .text                                    0x08000ce0   Section        0  sram.o(.text)
    .text                                    0x08000fd8   Section        0  vet6_bsp_usart3.o(.text)
    .text                                    0x080011f4   Section       36  startup_stm32f40_41xxx.o(.text)
    $v0                                      0x080011f4   Number         0  startup_stm32f40_41xxx.o(.text)
    .text                                    0x08001218   Section        0  misc.o(.text)
    .text                                    0x080012f8   Section        0  stm32f4xx_adc.o(.text)
    .text                                    0x0800175c   Section        0  stm32f4xx_dma.o(.text)
    .text                                    0x08001b04   Section        0  stm32f4xx_fsmc.o(.text)
    .text                                    0x080020cc   Section        0  stm32f4xx_gpio.o(.text)
    .text                                    0x08002360   Section        0  stm32f4xx_rcc.o(.text)
    .text                                    0x080029bc   Section        0  stm32f4xx_tim.o(.text)
    TI4_Config                               0x0800315b   Thumb Code    80  stm32f4xx_tim.o(.text)
    TI3_Config                               0x080031bd   Thumb Code    72  stm32f4xx_tim.o(.text)
    TI2_Config                               0x0800321f   Thumb Code    90  stm32f4xx_tim.o(.text)
    TI1_Config                               0x0800328b   Thumb Code    58  stm32f4xx_tim.o(.text)
    .text                                    0x08003660   Section        0  stm32f4xx_usart.o(.text)
    .text                                    0x08003ab4   Section        0  delay.o(.text)
    .text                                    0x08003bb8   Section        0  usart.o(.text)
    .text                                    0x08003d00   Section        0  fft_1.o(.text)
    .text                                    0x08003f98   Section        0  dadd.o(.text)
    .text                                    0x080040e6   Section        0  dfltui.o(.text)
    .text                                    0x08004100   Section        0  dfixui.o(.text)
    .text                                    0x08004132   Section        0  f2d.o(.text)
    .text                                    0x08004158   Section        0  d2f.o(.text)
    .text                                    0x08004190   Section        0  uidiv.o(.text)
    .text                                    0x080041bc   Section        0  uldiv.o(.text)
    .text                                    0x0800421e   Section        0  llshl.o(.text)
    .text                                    0x0800423c   Section        0  llushr.o(.text)
    .text                                    0x0800425c   Section        0  llsshr.o(.text)
    .text                                    0x08004280   Section        0  iusefp.o(.text)
    .text                                    0x08004280   Section        0  fepilogue.o(.text)
    .text                                    0x080042ee   Section        0  depilogue.o(.text)
    .text                                    0x080043a8   Section        0  dmul.o(.text)
    .text                                    0x0800448c   Section        0  ddiv.o(.text)
    .text                                    0x0800456a   Section        0  dflti.o(.text)
    .text                                    0x0800458c   Section        0  dfixul.o(.text)
    .text                                    0x080045bc   Section       48  cdcmple.o(.text)
    .text                                    0x080045ec   Section       48  cdrcmple.o(.text)
    .text                                    0x0800461c   Section       36  init.o(.text)
    .text                                    0x08004640   Section        0  dfixi.o(.text)
    i.__0printf                              0x08004680   Section        0  printfa.o(i.__0printf)
    i.__0vsprintf                            0x080046a0   Section        0  printfa.o(i.__0vsprintf)
    i.__ARM_fpclassify                       0x080046c4   Section        0  fpclassify.o(i.__ARM_fpclassify)
    i.__ARM_fpclassifyf                      0x080046f4   Section        0  fpclassifyf.o(i.__ARM_fpclassifyf)
    i.__hardfp_atan2f                        0x0800471c   Section        0  atan2f.o(i.__hardfp_atan2f)
    i.__hardfp_cos                           0x08004970   Section        0  cos.o(i.__hardfp_cos)
    i.__hardfp_log                           0x08004a38   Section        0  log.o(i.__hardfp_log)
    i.__hardfp_log2                          0x08004e00   Section        0  log2.o(i.__hardfp_log2)
    i.__hardfp_sin                           0x08004f00   Section        0  sin.o(i.__hardfp_sin)
    i.__ieee754_rem_pio2                     0x08004fc8   Section        0  rred.o(i.__ieee754_rem_pio2)
    i.__kernel_cos                           0x08005400   Section        0  cos_i.o(i.__kernel_cos)
    i.__kernel_poly                          0x08005570   Section        0  poly.o(i.__kernel_poly)
    i.__kernel_sin                           0x08005668   Section        0  sin_i.o(i.__kernel_sin)
    i.__mathlib_dbl_divzero                  0x08005798   Section        0  dunder.o(i.__mathlib_dbl_divzero)
    i.__mathlib_dbl_infnan                   0x080057c8   Section        0  dunder.o(i.__mathlib_dbl_infnan)
    i.__mathlib_dbl_invalid                  0x080057e0   Section        0  dunder.o(i.__mathlib_dbl_invalid)
    i.__mathlib_dbl_underflow                0x08005800   Section        0  dunder.o(i.__mathlib_dbl_underflow)
    i.__mathlib_flt_infnan2                  0x08005820   Section        0  funder.o(i.__mathlib_flt_infnan2)
    i.__mathlib_flt_underflow                0x08005828   Section        0  funder.o(i.__mathlib_flt_underflow)
    i.__scatterload_copy                     0x08005838   Section       14  handlers.o(i.__scatterload_copy)
    i.__scatterload_null                     0x08005846   Section        2  handlers.o(i.__scatterload_null)
    i.__scatterload_zeroinit                 0x08005848   Section       14  handlers.o(i.__scatterload_zeroinit)
    i.__set_errno                            0x08005858   Section        0  errno.o(i.__set_errno)
    i._fp_digits                             0x08005864   Section        0  printfa.o(i._fp_digits)
    _fp_digits                               0x08005865   Thumb Code   334  printfa.o(i._fp_digits)
    i._printf_core                           0x080059c8   Section        0  printfa.o(i._printf_core)
    _printf_core                             0x080059c9   Thumb Code  1744  printfa.o(i._printf_core)
    i._printf_post_padding                   0x080060a4   Section        0  printfa.o(i._printf_post_padding)
    _printf_post_padding                     0x080060a5   Thumb Code    36  printfa.o(i._printf_post_padding)
    i._printf_pre_padding                    0x080060c8   Section        0  printfa.o(i._printf_pre_padding)
    _printf_pre_padding                      0x080060c9   Thumb Code    46  printfa.o(i._printf_pre_padding)
    i._sputc                                 0x080060f6   Section        0  printfa.o(i._sputc)
    _sputc                                   0x080060f7   Thumb Code    10  printfa.o(i._sputc)
    i.fabs                                   0x08006100   Section        0  fabs.o(i.fabs)
    i.frexp                                  0x08006118   Section        0  frexp.o(i.frexp)
    i.log                                    0x080061a4   Section        0  log.o(i.log)
    .constdata                               0x080061b4   Section       28  stm32f4xx_fsmc.o(.constdata)
    .constdata                               0x080061d0   Section       48  cos_i.o(.constdata)
    C                                        0x080061d0   Data          48  cos_i.o(.constdata)
    .constdata                               0x08006200   Section       56  log.o(.constdata)
    Lg2                                      0x08006200   Data          24  log.o(.constdata)
    Lg                                       0x08006218   Data          32  log.o(.constdata)
    .constdata                               0x08006238   Section      200  rred.o(.constdata)
    pio2s                                    0x08006238   Data          48  rred.o(.constdata)
    twooverpi                                0x08006268   Data         152  rred.o(.constdata)
    .constdata                               0x08006300   Section       40  sin_i.o(.constdata)
    S                                        0x08006300   Data          40  sin_i.o(.constdata)
    .constdata                               0x08006328   Section        8  qnan.o(.constdata)
    .data                                    0x20000000   Section       20  system_stm32f4xx.o(.data)
    .data                                    0x20000014   Section        2  vet6_bsp_usart3.o(.data)
    .data                                    0x20000016   Section       16  stm32f4xx_rcc.o(.data)
    APBAHBPrescTable                         0x20000016   Data          16  stm32f4xx_rcc.o(.data)
    .data                                    0x20000026   Section        4  delay.o(.data)
    fac_us                                   0x20000026   Data           1  delay.o(.data)
    fac_ms                                   0x20000028   Data           2  delay.o(.data)
    .data                                    0x2000002c   Section        6  usart.o(.data)
    .data                                    0x20000034   Section        4  errno.o(.data)
    _errno                                   0x20000034   Data           4  errno.o(.data)
    .bss                                     0x20000038   Section    12288  bsp_lwx_ad.o(.bss)
    .bss                                     0x20003038   Section    73728  dsp_lwx_fft.o(.bss)
    .bss                                     0x20015038   Section      200  vet6_bsp_usart3.o(.bss)
    .bss                                     0x20015100   Section      200  usart.o(.bss)
    .bss                                     0x200151c8   Section     8192  fft_1.o(.bss)
    STACK                                    0x200171c8   Section     1024  startup_stm32f40_41xxx.o(STACK)

    Global Symbols

    Symbol Name                              Value     Ov Type        Size  Object(Section)

    BuildAttributes$$THM_ISAv4$E$P$D$K$B$S$7EM$VFPi3$EXTD16$VFPS$VFMA$PE$A:L22UL41UL21$X:L11$S22US41US21$IEEE1$IW$USESV6$~STKCKD$USESV7$~SHL$OTIME$ROPI$IEEEX$EBA8$MICROLIB$REQ8$PRES8$EABIv2 0x00000000   Number         0  anon$$obj.o ABSOLUTE
    __ARM_use_no_argv                        0x00000000   Number         0  main.o ABSOLUTE
    __use_no_errno                           0x00000000   Number         0  useno.o ABSOLUTE
    __use_no_exception_handling              0x00000000   Number         0  useno.o ABSOLUTE
    __use_no_fp                              0x00000000   Number         0  useno.o ABSOLUTE
    __use_no_heap                            0x00000000   Number         0  useno.o ABSOLUTE
    __use_no_heap_region                     0x00000000   Number         0  useno.o ABSOLUTE
    __use_no_semihosting                     0x00000000   Number         0  useno.o ABSOLUTE
    __use_no_semihosting_swi                 0x00000000   Number         0  useno.o ABSOLUTE
    __use_no_signal_handling                 0x00000000   Number         0  useno.o ABSOLUTE
    _printf_a                                0x00000000   Number         0  stubs.o ABSOLUTE
    _printf_c                                0x00000000   Number         0  stubs.o ABSOLUTE
    _printf_charcount                        0x00000000   Number         0  stubs.o ABSOLUTE
    _printf_d                                0x00000000   Number         0  stubs.o ABSOLUTE
    _printf_e                                0x00000000   Number         0  stubs.o ABSOLUTE
    _printf_f                                0x00000000   Number         0  stubs.o ABSOLUTE
    _printf_flags                            0x00000000   Number         0  stubs.o ABSOLUTE
    _printf_fp_dec                           0x00000000   Number         0  stubs.o ABSOLUTE
    _printf_fp_hex                           0x00000000   Number         0  stubs.o ABSOLUTE
    _printf_g                                0x00000000   Number         0  stubs.o ABSOLUTE
    _printf_i                                0x00000000   Number         0  stubs.o ABSOLUTE
    _printf_int_dec                          0x00000000   Number         0  stubs.o ABSOLUTE
    _printf_l                                0x00000000   Number         0  stubs.o ABSOLUTE
    _printf_lc                               0x00000000   Number         0  stubs.o ABSOLUTE
    _printf_ll                               0x00000000   Number         0  stubs.o ABSOLUTE
    _printf_lld                              0x00000000   Number         0  stubs.o ABSOLUTE
    _printf_lli                              0x00000000   Number         0  stubs.o ABSOLUTE
    _printf_llo                              0x00000000   Number         0  stubs.o ABSOLUTE
    _printf_llu                              0x00000000   Number         0  stubs.o ABSOLUTE
    _printf_llx                              0x00000000   Number         0  stubs.o ABSOLUTE
    _printf_longlong_dec                     0x00000000   Number         0  stubs.o ABSOLUTE
    _printf_longlong_hex                     0x00000000   Number         0  stubs.o ABSOLUTE
    _printf_longlong_oct                     0x00000000   Number         0  stubs.o ABSOLUTE
    _printf_ls                               0x00000000   Number         0  stubs.o ABSOLUTE
    _printf_mbtowc                           0x00000000   Number         0  stubs.o ABSOLUTE
    _printf_n                                0x00000000   Number         0  stubs.o ABSOLUTE
    _printf_o                                0x00000000   Number         0  stubs.o ABSOLUTE
    _printf_p                                0x00000000   Number         0  stubs.o ABSOLUTE
    _printf_percent                          0x00000000   Number         0  stubs.o ABSOLUTE
    _printf_pre_padding                      0x00000000   Number         0  stubs.o ABSOLUTE
    _printf_return_value                     0x00000000   Number         0  stubs.o ABSOLUTE
    _printf_s                                0x00000000   Number         0  stubs.o ABSOLUTE
    _printf_sizespec                         0x00000000   Number         0  stubs.o ABSOLUTE
    _printf_str                              0x00000000   Number         0  stubs.o ABSOLUTE
    _printf_truncate_signed                  0x00000000   Number         0  stubs.o ABSOLUTE
    _printf_truncate_unsigned                0x00000000   Number         0  stubs.o ABSOLUTE
    _printf_u                                0x00000000   Number         0  stubs.o ABSOLUTE
    _printf_wc                               0x00000000   Number         0  stubs.o ABSOLUTE
    _printf_wctomb                           0x00000000   Number         0  stubs.o ABSOLUTE
    _printf_widthprec                        0x00000000   Number         0  stubs.o ABSOLUTE
    _printf_x                                0x00000000   Number         0  stubs.o ABSOLUTE
    __cpp_initialize__aeabi_                  - Undefined Weak Reference
    __cxa_finalize                            - Undefined Weak Reference
    __decompress                              - Undefined Weak Reference
    _clock_init                               - Undefined Weak Reference
    _microlib_exit                            - Undefined Weak Reference
    __Vectors_Size                           0x00000188   Number         0  startup_stm32f40_41xxx.o ABSOLUTE
    __Vectors                                0x08000000   Data           4  startup_stm32f40_41xxx.o(RESET)
    __Vectors_End                            0x08000188   Data           0  startup_stm32f40_41xxx.o(RESET)
    __main                                   0x08000189   Thumb Code     0  entry.o(.ARM.Collect$$$$00000000)
    _main_stk                                0x08000189   Thumb Code     0  entry2.o(.ARM.Collect$$$$00000001)
    _main_scatterload                        0x0800018d   Thumb Code     0  entry5.o(.ARM.Collect$$$$00000004)
    __main_after_scatterload                 0x08000191   Thumb Code     0  entry5.o(.ARM.Collect$$$$00000004)
    _main_clock                              0x08000191   Thumb Code     0  entry7b.o(.ARM.Collect$$$$00000008)
    _main_cpp_init                           0x08000191   Thumb Code     0  entry8b.o(.ARM.Collect$$$$0000000A)
    _main_init                               0x08000191   Thumb Code     0  entry9a.o(.ARM.Collect$$$$0000000B)
    __rt_final_cpp                           0x08000199   Thumb Code     0  entry10a.o(.ARM.Collect$$$$0000000D)
    __rt_final_exit                          0x08000199   Thumb Code     0  entry11a.o(.ARM.Collect$$$$0000000F)
    main                                     0x0800019d   Thumb Code   162  main.o(.text)
    NMI_Handler                              0x08000299   Thumb Code     2  stm32f4xx_it.o(.text)
    HardFault_Handler                        0x0800029b   Thumb Code     4  stm32f4xx_it.o(.text)
    MemManage_Handler                        0x0800029f   Thumb Code     4  stm32f4xx_it.o(.text)
    BusFault_Handler                         0x080002a3   Thumb Code     4  stm32f4xx_it.o(.text)
    UsageFault_Handler                       0x080002a7   Thumb Code     4  stm32f4xx_it.o(.text)
    SVC_Handler                              0x080002ab   Thumb Code     2  stm32f4xx_it.o(.text)
    DebugMon_Handler                         0x080002ad   Thumb Code     2  stm32f4xx_it.o(.text)
    PendSV_Handler                           0x080002af   Thumb Code     2  stm32f4xx_it.o(.text)
    SysTick_Handler                          0x080002b1   Thumb Code     2  stm32f4xx_it.o(.text)
    SystemInit                               0x08000391   Thumb Code    88  system_stm32f4xx.o(.text)
    SystemCoreClockUpdate                    0x080003e9   Thumb Code   174  system_stm32f4xx.o(.text)
    LED_Init                                 0x080004c5   Thumb Code    50  led.o(.text)
    LED_Shine                                0x080004f7   Thumb Code    38  led.o(.text)
    BSP_ADC1_GPIO_Init                       0x08000521   Thumb Code    52  bsp_lwx_ad.o(.text)
    BSP_TIM2_Init                            0x08000555   Thumb Code    62  bsp_lwx_ad.o(.text)
    BSP_ADC1_Init                            0x08000593   Thumb Code   114  bsp_lwx_ad.o(.text)
    BSP_ADC1_DMA_Init                        0x08000605   Thumb Code    96  bsp_lwx_ad.o(.text)
    BSP_ADC1_All_SETUP                       0x08000665   Thumb Code    24  bsp_lwx_ad.o(.text)
    BSP_ADC2_GPIO_Init                       0x0800067d   Thumb Code    52  bsp_lwx_ad.o(.text)
    BSP_ADC2_Init                            0x080006b1   Thumb Code   114  bsp_lwx_ad.o(.text)
    BSP_ADC2_DMA_Init                        0x08000723   Thumb Code   104  bsp_lwx_ad.o(.text)
    BSP_ADC2_All_SETUP                       0x0800078b   Thumb Code    20  bsp_lwx_ad.o(.text)
    BSP_ADC3_GPIO_Init                       0x0800079f   Thumb Code    52  bsp_lwx_ad.o(.text)
    BSP_ADC3_Init                            0x080007d3   Thumb Code   114  bsp_lwx_ad.o(.text)
    BSP_ADC3_DMA_Init                        0x08000845   Thumb Code   100  bsp_lwx_ad.o(.text)
    BSP_ADC3_All_SETUP                       0x080008a9   Thumb Code    24  bsp_lwx_ad.o(.text)
    cfft_f32_mag0                            0x0800090f   Thumb Code   152  dsp_lwx_fft.o(.text)
    cfft_f32_mag1                            0x080009a7   Thumb Code   152  dsp_lwx_fft.o(.text)
    cfft_f32_mag2                            0x08000a3f   Thumb Code   204  dsp_lwx_fft.o(.text)
    PowerPhaseRadians_f32                    0x08000b0b   Thumb Code   156  dsp_lwx_fft.o(.text)
    cfft_f32_phase                           0x08000ba7   Thumb Code   222  dsp_lwx_fft.o(.text)
    FSMC_SRAM_Init                           0x08000ce1   Thumb Code   694  sram.o(.text)
    FSMC_SRAM_WriteBuffer                    0x08000f97   Thumb Code    24  sram.o(.text)
    FSMC_SRAM_ReadBuffer                     0x08000faf   Thumb Code    22  sram.o(.text)
    uart3_init                               0x08000fd9   Thumb Code   164  vet6_bsp_usart3.o(.text)
    Serial_SendByte                          0x0800107d   Thumb Code    30  vet6_bsp_usart3.o(.text)
    Serial_SendArray                         0x0800109b   Thumb Code    34  vet6_bsp_usart3.o(.text)
    Serial_SendString                        0x080010bd   Thumb Code    30  vet6_bsp_usart3.o(.text)
    Serial_Pow                               0x080010db   Thumb Code    20  vet6_bsp_usart3.o(.text)
    Serial_SendNumber                        0x080010ef   Thumb Code    62  vet6_bsp_usart3.o(.text)
    my_fputc                                 0x0800112d   Thumb Code    20  vet6_bsp_usart3.o(.text)
    Serial_Printf                            0x08001141   Thumb Code    42  vet6_bsp_usart3.o(.text)
    USART3_IRQHandler                        0x0800116b   Thumb Code   122  vet6_bsp_usart3.o(.text)
    Reset_Handler                            0x080011f5   Thumb Code     8  startup_stm32f40_41xxx.o(.text)
    ADC_IRQHandler                           0x0800120f   Thumb Code     0  startup_stm32f40_41xxx.o(.text)
    CAN1_RX0_IRQHandler                      0x0800120f   Thumb Code     0  startup_stm32f40_41xxx.o(.text)
    CAN1_RX1_IRQHandler                      0x0800120f   Thumb Code     0  startup_stm32f40_41xxx.o(.text)
    CAN1_SCE_IRQHandler                      0x0800120f   Thumb Code     0  startup_stm32f40_41xxx.o(.text)
    CAN1_TX_IRQHandler                       0x0800120f   Thumb Code     0  startup_stm32f40_41xxx.o(.text)
    CAN2_RX0_IRQHandler                      0x0800120f   Thumb Code     0  startup_stm32f40_41xxx.o(.text)
    CAN2_RX1_IRQHandler                      0x0800120f   Thumb Code     0  startup_stm32f40_41xxx.o(.text)
    CAN2_SCE_IRQHandler                      0x0800120f   Thumb Code     0  startup_stm32f40_41xxx.o(.text)
    CAN2_TX_IRQHandler                       0x0800120f   Thumb Code     0  startup_stm32f40_41xxx.o(.text)
    CRYP_IRQHandler                          0x0800120f   Thumb Code     0  startup_stm32f40_41xxx.o(.text)
    DCMI_IRQHandler                          0x0800120f   Thumb Code     0  startup_stm32f40_41xxx.o(.text)
    DMA1_Stream0_IRQHandler                  0x0800120f   Thumb Code     0  startup_stm32f40_41xxx.o(.text)
    DMA1_Stream1_IRQHandler                  0x0800120f   Thumb Code     0  startup_stm32f40_41xxx.o(.text)
    DMA1_Stream2_IRQHandler                  0x0800120f   Thumb Code     0  startup_stm32f40_41xxx.o(.text)
    DMA1_Stream3_IRQHandler                  0x0800120f   Thumb Code     0  startup_stm32f40_41xxx.o(.text)
    DMA1_Stream4_IRQHandler                  0x0800120f   Thumb Code     0  startup_stm32f40_41xxx.o(.text)
    DMA1_Stream5_IRQHandler                  0x0800120f   Thumb Code     0  startup_stm32f40_41xxx.o(.text)
    DMA1_Stream6_IRQHandler                  0x0800120f   Thumb Code     0  startup_stm32f40_41xxx.o(.text)
    DMA1_Stream7_IRQHandler                  0x0800120f   Thumb Code     0  startup_stm32f40_41xxx.o(.text)
    DMA2_Stream0_IRQHandler                  0x0800120f   Thumb Code     0  startup_stm32f40_41xxx.o(.text)
    DMA2_Stream1_IRQHandler                  0x0800120f   Thumb Code     0  startup_stm32f40_41xxx.o(.text)
    DMA2_Stream2_IRQHandler                  0x0800120f   Thumb Code     0  startup_stm32f40_41xxx.o(.text)
    DMA2_Stream3_IRQHandler                  0x0800120f   Thumb Code     0  startup_stm32f40_41xxx.o(.text)
    DMA2_Stream4_IRQHandler                  0x0800120f   Thumb Code     0  startup_stm32f40_41xxx.o(.text)
    DMA2_Stream5_IRQHandler                  0x0800120f   Thumb Code     0  startup_stm32f40_41xxx.o(.text)
    DMA2_Stream6_IRQHandler                  0x0800120f   Thumb Code     0  startup_stm32f40_41xxx.o(.text)
    DMA2_Stream7_IRQHandler                  0x0800120f   Thumb Code     0  startup_stm32f40_41xxx.o(.text)
    ETH_IRQHandler                           0x0800120f   Thumb Code     0  startup_stm32f40_41xxx.o(.text)
    ETH_WKUP_IRQHandler                      0x0800120f   Thumb Code     0  startup_stm32f40_41xxx.o(.text)
    EXTI0_IRQHandler                         0x0800120f   Thumb Code     0  startup_stm32f40_41xxx.o(.text)
    EXTI15_10_IRQHandler                     0x0800120f   Thumb Code     0  startup_stm32f40_41xxx.o(.text)
    EXTI1_IRQHandler                         0x0800120f   Thumb Code     0  startup_stm32f40_41xxx.o(.text)
    EXTI2_IRQHandler                         0x0800120f   Thumb Code     0  startup_stm32f40_41xxx.o(.text)
    EXTI3_IRQHandler                         0x0800120f   Thumb Code     0  startup_stm32f40_41xxx.o(.text)
    EXTI4_IRQHandler                         0x0800120f   Thumb Code     0  startup_stm32f40_41xxx.o(.text)
    EXTI9_5_IRQHandler                       0x0800120f   Thumb Code     0  startup_stm32f40_41xxx.o(.text)
    FLASH_IRQHandler                         0x0800120f   Thumb Code     0  startup_stm32f40_41xxx.o(.text)
    FPU_IRQHandler                           0x0800120f   Thumb Code     0  startup_stm32f40_41xxx.o(.text)
    FSMC_IRQHandler                          0x0800120f   Thumb Code     0  startup_stm32f40_41xxx.o(.text)
    HASH_RNG_IRQHandler                      0x0800120f   Thumb Code     0  startup_stm32f40_41xxx.o(.text)
    I2C1_ER_IRQHandler                       0x0800120f   Thumb Code     0  startup_stm32f40_41xxx.o(.text)
    I2C1_EV_IRQHandler                       0x0800120f   Thumb Code     0  startup_stm32f40_41xxx.o(.text)
    I2C2_ER_IRQHandler                       0x0800120f   Thumb Code     0  startup_stm32f40_41xxx.o(.text)
    I2C2_EV_IRQHandler                       0x0800120f   Thumb Code     0  startup_stm32f40_41xxx.o(.text)
    I2C3_ER_IRQHandler                       0x0800120f   Thumb Code     0  startup_stm32f40_41xxx.o(.text)
    I2C3_EV_IRQHandler                       0x0800120f   Thumb Code     0  startup_stm32f40_41xxx.o(.text)
    OTG_FS_IRQHandler                        0x0800120f   Thumb Code     0  startup_stm32f40_41xxx.o(.text)
    OTG_FS_WKUP_IRQHandler                   0x0800120f   Thumb Code     0  startup_stm32f40_41xxx.o(.text)
    OTG_HS_EP1_IN_IRQHandler                 0x0800120f   Thumb Code     0  startup_stm32f40_41xxx.o(.text)
    OTG_HS_EP1_OUT_IRQHandler                0x0800120f   Thumb Code     0  startup_stm32f40_41xxx.o(.text)
    OTG_HS_IRQHandler                        0x0800120f   Thumb Code     0  startup_stm32f40_41xxx.o(.text)
    OTG_HS_WKUP_IRQHandler                   0x0800120f   Thumb Code     0  startup_stm32f40_41xxx.o(.text)
    PVD_IRQHandler                           0x0800120f   Thumb Code     0  startup_stm32f40_41xxx.o(.text)
    RCC_IRQHandler                           0x0800120f   Thumb Code     0  startup_stm32f40_41xxx.o(.text)
    RTC_Alarm_IRQHandler                     0x0800120f   Thumb Code     0  startup_stm32f40_41xxx.o(.text)
    RTC_WKUP_IRQHandler                      0x0800120f   Thumb Code     0  startup_stm32f40_41xxx.o(.text)
    SDIO_IRQHandler                          0x0800120f   Thumb Code     0  startup_stm32f40_41xxx.o(.text)
    SPI1_IRQHandler                          0x0800120f   Thumb Code     0  startup_stm32f40_41xxx.o(.text)
    SPI2_IRQHandler                          0x0800120f   Thumb Code     0  startup_stm32f40_41xxx.o(.text)
    SPI3_IRQHandler                          0x0800120f   Thumb Code     0  startup_stm32f40_41xxx.o(.text)
    TAMP_STAMP_IRQHandler                    0x0800120f   Thumb Code     0  startup_stm32f40_41xxx.o(.text)
    TIM1_BRK_TIM9_IRQHandler                 0x0800120f   Thumb Code     0  startup_stm32f40_41xxx.o(.text)
    TIM1_CC_IRQHandler                       0x0800120f   Thumb Code     0  startup_stm32f40_41xxx.o(.text)
    TIM1_TRG_COM_TIM11_IRQHandler            0x0800120f   Thumb Code     0  startup_stm32f40_41xxx.o(.text)
    TIM1_UP_TIM10_IRQHandler                 0x0800120f   Thumb Code     0  startup_stm32f40_41xxx.o(.text)
    TIM2_IRQHandler                          0x0800120f   Thumb Code     0  startup_stm32f40_41xxx.o(.text)
    TIM3_IRQHandler                          0x0800120f   Thumb Code     0  startup_stm32f40_41xxx.o(.text)
    TIM4_IRQHandler                          0x0800120f   Thumb Code     0  startup_stm32f40_41xxx.o(.text)
    TIM5_IRQHandler                          0x0800120f   Thumb Code     0  startup_stm32f40_41xxx.o(.text)
    TIM6_DAC_IRQHandler                      0x0800120f   Thumb Code     0  startup_stm32f40_41xxx.o(.text)
    TIM7_IRQHandler                          0x0800120f   Thumb Code     0  startup_stm32f40_41xxx.o(.text)
    TIM8_BRK_TIM12_IRQHandler                0x0800120f   Thumb Code     0  startup_stm32f40_41xxx.o(.text)
    TIM8_CC_IRQHandler                       0x0800120f   Thumb Code     0  startup_stm32f40_41xxx.o(.text)
    TIM8_TRG_COM_TIM14_IRQHandler            0x0800120f   Thumb Code     0  startup_stm32f40_41xxx.o(.text)
    TIM8_UP_TIM13_IRQHandler                 0x0800120f   Thumb Code     0  startup_stm32f40_41xxx.o(.text)
    UART4_IRQHandler                         0x0800120f   Thumb Code     0  startup_stm32f40_41xxx.o(.text)
    UART5_IRQHandler                         0x0800120f   Thumb Code     0  startup_stm32f40_41xxx.o(.text)
    USART2_IRQHandler                        0x0800120f   Thumb Code     0  startup_stm32f40_41xxx.o(.text)
    USART6_IRQHandler                        0x0800120f   Thumb Code     0  startup_stm32f40_41xxx.o(.text)
    WWDG_IRQHandler                          0x0800120f   Thumb Code     0  startup_stm32f40_41xxx.o(.text)
    NVIC_PriorityGroupConfig                 0x08001219   Thumb Code    10  misc.o(.text)
    NVIC_Init                                0x08001223   Thumb Code   106  misc.o(.text)
    NVIC_SetVectorTable                      0x0800128d   Thumb Code    14  misc.o(.text)
    NVIC_SystemLPConfig                      0x0800129b   Thumb Code    34  misc.o(.text)
    SysTick_CLKSourceConfig                  0x080012bd   Thumb Code    40  misc.o(.text)
    ADC_DeInit                               0x080012f9   Thumb Code    22  stm32f4xx_adc.o(.text)
    ADC_Init                                 0x0800130f   Thumb Code    74  stm32f4xx_adc.o(.text)
    ADC_StructInit                           0x08001359   Thumb Code    20  stm32f4xx_adc.o(.text)
    ADC_CommonInit                           0x0800136d   Thumb Code    34  stm32f4xx_adc.o(.text)
    ADC_CommonStructInit                     0x0800138f   Thumb Code    12  stm32f4xx_adc.o(.text)
    ADC_Cmd                                  0x0800139b   Thumb Code    22  stm32f4xx_adc.o(.text)
    ADC_AnalogWatchdogCmd                    0x080013b1   Thumb Code    16  stm32f4xx_adc.o(.text)
    ADC_AnalogWatchdogThresholdsConfig       0x080013c1   Thumb Code     6  stm32f4xx_adc.o(.text)
    ADC_AnalogWatchdogSingleChannelConfig    0x080013c7   Thumb Code    16  stm32f4xx_adc.o(.text)
    ADC_TempSensorVrefintCmd                 0x080013d7   Thumb Code    34  stm32f4xx_adc.o(.text)
    ADC_VBATCmd                              0x080013f9   Thumb Code    34  stm32f4xx_adc.o(.text)
    ADC_RegularChannelConfig                 0x0800141b   Thumb Code   184  stm32f4xx_adc.o(.text)
    ADC_SoftwareStartConv                    0x080014d3   Thumb Code    10  stm32f4xx_adc.o(.text)
    ADC_GetSoftwareStartConvStatus           0x080014dd   Thumb Code    20  stm32f4xx_adc.o(.text)
    ADC_EOCOnEachRegularChannelCmd           0x080014f1   Thumb Code    22  stm32f4xx_adc.o(.text)
    ADC_ContinuousModeCmd                    0x08001507   Thumb Code    22  stm32f4xx_adc.o(.text)
    ADC_DiscModeChannelCountConfig           0x0800151d   Thumb Code    24  stm32f4xx_adc.o(.text)
    ADC_DiscModeCmd                          0x08001535   Thumb Code    22  stm32f4xx_adc.o(.text)
    ADC_GetConversionValue                   0x0800154b   Thumb Code     8  stm32f4xx_adc.o(.text)
    ADC_GetMultiModeConversionValue          0x08001553   Thumb Code     8  stm32f4xx_adc.o(.text)
    ADC_DMACmd                               0x0800155b   Thumb Code    22  stm32f4xx_adc.o(.text)
    ADC_DMARequestAfterLastTransferCmd       0x08001571   Thumb Code    22  stm32f4xx_adc.o(.text)
    ADC_MultiModeDMARequestAfterLastTransferCmd 0x08001587   Thumb Code    34  stm32f4xx_adc.o(.text)
    ADC_InjectedChannelConfig                0x080015a9   Thumb Code   130  stm32f4xx_adc.o(.text)
    ADC_InjectedSequencerLengthConfig        0x0800162b   Thumb Code    24  stm32f4xx_adc.o(.text)
    ADC_SetInjectedOffset                    0x08001643   Thumb Code    20  stm32f4xx_adc.o(.text)
    ADC_ExternalTrigInjectedConvConfig       0x08001657   Thumb Code    16  stm32f4xx_adc.o(.text)
    ADC_ExternalTrigInjectedConvEdgeConfig   0x08001667   Thumb Code    16  stm32f4xx_adc.o(.text)
    ADC_SoftwareStartInjectedConv            0x08001677   Thumb Code    10  stm32f4xx_adc.o(.text)
    ADC_GetSoftwareStartInjectedConvCmdStatus 0x08001681   Thumb Code    20  stm32f4xx_adc.o(.text)
    ADC_AutoInjectedConvCmd                  0x08001695   Thumb Code    22  stm32f4xx_adc.o(.text)
    ADC_InjectedDiscModeCmd                  0x080016ab   Thumb Code    22  stm32f4xx_adc.o(.text)
    ADC_GetInjectedConversionValue           0x080016c1   Thumb Code    28  stm32f4xx_adc.o(.text)
    ADC_ITConfig                             0x080016dd   Thumb Code    56  stm32f4xx_adc.o(.text)
    ADC_GetFlagStatus                        0x08001715   Thumb Code    18  stm32f4xx_adc.o(.text)
    ADC_ClearFlag                            0x08001727   Thumb Code     6  stm32f4xx_adc.o(.text)
    ADC_GetITStatus                          0x0800172d   Thumb Code    38  stm32f4xx_adc.o(.text)
    ADC_ClearITPendingBit                    0x08001753   Thumb Code    10  stm32f4xx_adc.o(.text)
    DMA_DeInit                               0x0800175d   Thumb Code   324  stm32f4xx_dma.o(.text)
    DMA_Init                                 0x080018a1   Thumb Code    82  stm32f4xx_dma.o(.text)
    DMA_StructInit                           0x080018f3   Thumb Code    34  stm32f4xx_dma.o(.text)
    DMA_Cmd                                  0x08001915   Thumb Code    22  stm32f4xx_dma.o(.text)
    DMA_PeriphIncOffsetSizeConfig            0x0800192b   Thumb Code    22  stm32f4xx_dma.o(.text)
    DMA_FlowControllerConfig                 0x08001941   Thumb Code    22  stm32f4xx_dma.o(.text)
    DMA_SetCurrDataCounter                   0x08001957   Thumb Code     4  stm32f4xx_dma.o(.text)
    DMA_GetCurrDataCounter                   0x0800195b   Thumb Code     8  stm32f4xx_dma.o(.text)
    DMA_DoubleBufferModeConfig               0x08001963   Thumb Code    24  stm32f4xx_dma.o(.text)
    DMA_DoubleBufferModeCmd                  0x0800197b   Thumb Code    22  stm32f4xx_dma.o(.text)
    DMA_MemoryTargetConfig                   0x08001991   Thumb Code    10  stm32f4xx_dma.o(.text)
    DMA_GetCurrentMemoryTarget               0x0800199b   Thumb Code    20  stm32f4xx_dma.o(.text)
    DMA_GetCmdStatus                         0x080019af   Thumb Code    20  stm32f4xx_dma.o(.text)
    DMA_GetFIFOStatus                        0x080019c3   Thumb Code    12  stm32f4xx_dma.o(.text)
    DMA_GetFlagStatus                        0x080019cf   Thumb Code    56  stm32f4xx_dma.o(.text)
    DMA_ClearFlag                            0x08001a07   Thumb Code    40  stm32f4xx_dma.o(.text)
    DMA_ITConfig                             0x08001a2f   Thumb Code    58  stm32f4xx_dma.o(.text)
    DMA_GetITStatus                          0x08001a69   Thumb Code    84  stm32f4xx_dma.o(.text)
    DMA_ClearITPendingBit                    0x08001abd   Thumb Code    40  stm32f4xx_dma.o(.text)
    FSMC_NORSRAMDeInit                       0x08001b05   Thumb Code    54  stm32f4xx_fsmc.o(.text)
    FSMC_NORSRAMInit                         0x08001b3b   Thumb Code   230  stm32f4xx_fsmc.o(.text)
    FSMC_NORSRAMStructInit                   0x08001c21   Thumb Code    48  stm32f4xx_fsmc.o(.text)
    FSMC_NORSRAMCmd                          0x08001c51   Thumb Code    46  stm32f4xx_fsmc.o(.text)
    FSMC_NANDDeInit                          0x08001c7f   Thumb Code    62  stm32f4xx_fsmc.o(.text)
    FSMC_NANDInit                            0x08001cbd   Thumb Code   132  stm32f4xx_fsmc.o(.text)
    FSMC_NANDStructInit                      0x08001d41   Thumb Code    54  stm32f4xx_fsmc.o(.text)
    FSMC_NANDCmd                             0x08001d77   Thumb Code    86  stm32f4xx_fsmc.o(.text)
    FSMC_NANDECCCmd                          0x08001dcd   Thumb Code    86  stm32f4xx_fsmc.o(.text)
    FSMC_GetECC                              0x08001e23   Thumb Code    24  stm32f4xx_fsmc.o(.text)
    FSMC_PCCARDDeInit                        0x08001e3b   Thumb Code    36  stm32f4xx_fsmc.o(.text)
    FSMC_PCCARDInit                          0x08001e5f   Thumb Code   130  stm32f4xx_fsmc.o(.text)
    FSMC_PCCARDStructInit                    0x08001ee1   Thumb Code    60  stm32f4xx_fsmc.o(.text)
    FSMC_PCCARDCmd                           0x08001f1d   Thumb Code    44  stm32f4xx_fsmc.o(.text)
    FSMC_ITConfig                            0x08001f49   Thumb Code   128  stm32f4xx_fsmc.o(.text)
    FSMC_GetFlagStatus                       0x08001fc9   Thumb Code    54  stm32f4xx_fsmc.o(.text)
    FSMC_ClearFlag                           0x08001fff   Thumb Code    74  stm32f4xx_fsmc.o(.text)
    FSMC_GetITStatus                         0x08002049   Thumb Code    62  stm32f4xx_fsmc.o(.text)
    FSMC_ClearITPendingBit                   0x08002087   Thumb Code    66  stm32f4xx_fsmc.o(.text)
    GPIO_DeInit                              0x080020cd   Thumb Code   268  stm32f4xx_gpio.o(.text)
    GPIO_Init                                0x080021d9   Thumb Code   144  stm32f4xx_gpio.o(.text)
    GPIO_StructInit                          0x08002269   Thumb Code    18  stm32f4xx_gpio.o(.text)
    GPIO_PinLockConfig                       0x0800227b   Thumb Code    34  stm32f4xx_gpio.o(.text)
    GPIO_ReadInputDataBit                    0x0800229d   Thumb Code    18  stm32f4xx_gpio.o(.text)
    GPIO_ReadInputData                       0x080022af   Thumb Code     8  stm32f4xx_gpio.o(.text)
    GPIO_ReadOutputDataBit                   0x080022b7   Thumb Code    18  stm32f4xx_gpio.o(.text)
    GPIO_ReadOutputData                      0x080022c9   Thumb Code     8  stm32f4xx_gpio.o(.text)
    GPIO_SetBits                             0x080022d1   Thumb Code     4  stm32f4xx_gpio.o(.text)
    GPIO_ResetBits                           0x080022d5   Thumb Code     4  stm32f4xx_gpio.o(.text)
    GPIO_WriteBit                            0x080022d9   Thumb Code    10  stm32f4xx_gpio.o(.text)
    GPIO_Write                               0x080022e3   Thumb Code     4  stm32f4xx_gpio.o(.text)
    GPIO_ToggleBits                          0x080022e7   Thumb Code     8  stm32f4xx_gpio.o(.text)
    GPIO_PinAFConfig                         0x080022ef   Thumb Code    70  stm32f4xx_gpio.o(.text)
    RCC_DeInit                               0x08002361   Thumb Code    82  stm32f4xx_rcc.o(.text)
    RCC_HSEConfig                            0x080023b3   Thumb Code    14  stm32f4xx_rcc.o(.text)
    RCC_GetFlagStatus                        0x080023c1   Thumb Code    60  stm32f4xx_rcc.o(.text)
    RCC_WaitForHSEStartUp                    0x080023fd   Thumb Code    56  stm32f4xx_rcc.o(.text)
    RCC_AdjustHSICalibrationValue            0x08002435   Thumb Code    20  stm32f4xx_rcc.o(.text)
    RCC_HSICmd                               0x08002449   Thumb Code     6  stm32f4xx_rcc.o(.text)
    RCC_LSEConfig                            0x0800244f   Thumb Code    46  stm32f4xx_rcc.o(.text)
    RCC_LSICmd                               0x0800247d   Thumb Code     6  stm32f4xx_rcc.o(.text)
    RCC_PLLConfig                            0x08002483   Thumb Code    32  stm32f4xx_rcc.o(.text)
    RCC_PLLCmd                               0x080024a3   Thumb Code     6  stm32f4xx_rcc.o(.text)
    RCC_PLLI2SConfig                         0x080024a9   Thumb Code    14  stm32f4xx_rcc.o(.text)
    RCC_PLLI2SCmd                            0x080024b7   Thumb Code     6  stm32f4xx_rcc.o(.text)
    RCC_PLLSAIConfig                         0x080024bd   Thumb Code    20  stm32f4xx_rcc.o(.text)
    RCC_PLLSAICmd                            0x080024d1   Thumb Code     6  stm32f4xx_rcc.o(.text)
    RCC_ClockSecuritySystemCmd               0x080024d7   Thumb Code     6  stm32f4xx_rcc.o(.text)
    RCC_MCO1Config                           0x080024dd   Thumb Code    28  stm32f4xx_rcc.o(.text)
    RCC_MCO2Config                           0x080024f9   Thumb Code    28  stm32f4xx_rcc.o(.text)
    RCC_SYSCLKConfig                         0x08002515   Thumb Code    20  stm32f4xx_rcc.o(.text)
    RCC_GetSYSCLKSource                      0x08002529   Thumb Code    12  stm32f4xx_rcc.o(.text)
    RCC_HCLKConfig                           0x08002535   Thumb Code    20  stm32f4xx_rcc.o(.text)
    RCC_PCLK1Config                          0x08002549   Thumb Code    20  stm32f4xx_rcc.o(.text)
    RCC_PCLK2Config                          0x0800255d   Thumb Code    22  stm32f4xx_rcc.o(.text)
    RCC_GetClocksFreq                        0x08002573   Thumb Code   222  stm32f4xx_rcc.o(.text)
    RCC_RTCCLKConfig                         0x08002651   Thumb Code    54  stm32f4xx_rcc.o(.text)
    RCC_RTCCLKCmd                            0x08002687   Thumb Code     8  stm32f4xx_rcc.o(.text)
    RCC_BackupResetCmd                       0x0800268f   Thumb Code     8  stm32f4xx_rcc.o(.text)
    RCC_I2SCLKConfig                         0x08002697   Thumb Code     6  stm32f4xx_rcc.o(.text)
    RCC_SAIPLLI2SClkDivConfig                0x0800269d   Thumb Code    26  stm32f4xx_rcc.o(.text)
    RCC_SAIPLLSAIClkDivConfig                0x080026b7   Thumb Code    28  stm32f4xx_rcc.o(.text)
    RCC_SAIBlockACLKConfig                   0x080026d3   Thumb Code    20  stm32f4xx_rcc.o(.text)
    RCC_SAIBlockBCLKConfig                   0x080026e7   Thumb Code    20  stm32f4xx_rcc.o(.text)
    RCC_LTDCCLKDivConfig                     0x080026fb   Thumb Code    20  stm32f4xx_rcc.o(.text)
    RCC_TIMCLKPresConfig                     0x0800270f   Thumb Code     6  stm32f4xx_rcc.o(.text)
    RCC_AHB1PeriphClockCmd                   0x08002715   Thumb Code    34  stm32f4xx_rcc.o(.text)
    RCC_AHB2PeriphClockCmd                   0x08002737   Thumb Code    78  stm32f4xx_rcc.o(.text)
    RCC_AHB3PeriphClockCmd                   0x08002785   Thumb Code    34  stm32f4xx_rcc.o(.text)
    RCC_APB1PeriphClockCmd                   0x080027a7   Thumb Code    34  stm32f4xx_rcc.o(.text)
    RCC_APB2PeriphClockCmd                   0x080027c9   Thumb Code    34  stm32f4xx_rcc.o(.text)
    RCC_AHB1PeriphResetCmd                   0x080027eb   Thumb Code    34  stm32f4xx_rcc.o(.text)
    RCC_AHB2PeriphResetCmd                   0x0800280d   Thumb Code    34  stm32f4xx_rcc.o(.text)
    RCC_AHB3PeriphResetCmd                   0x0800282f   Thumb Code    34  stm32f4xx_rcc.o(.text)
    RCC_APB1PeriphResetCmd                   0x08002851   Thumb Code    34  stm32f4xx_rcc.o(.text)
    RCC_APB2PeriphResetCmd                   0x08002873   Thumb Code    34  stm32f4xx_rcc.o(.text)
    RCC_AHB1PeriphClockLPModeCmd             0x08002895   Thumb Code    34  stm32f4xx_rcc.o(.text)
    RCC_AHB2PeriphClockLPModeCmd             0x080028b7   Thumb Code    34  stm32f4xx_rcc.o(.text)
    RCC_AHB3PeriphClockLPModeCmd             0x080028d9   Thumb Code    34  stm32f4xx_rcc.o(.text)
    RCC_APB1PeriphClockLPModeCmd             0x080028fb   Thumb Code    34  stm32f4xx_rcc.o(.text)
    RCC_APB2PeriphClockLPModeCmd             0x0800291d   Thumb Code    34  stm32f4xx_rcc.o(.text)
    RCC_LSEModeConfig                        0x0800293f   Thumb Code    40  stm32f4xx_rcc.o(.text)
    RCC_ITConfig                             0x08002967   Thumb Code    34  stm32f4xx_rcc.o(.text)
    RCC_ClearFlag                            0x08002989   Thumb Code    18  stm32f4xx_rcc.o(.text)
    RCC_GetITStatus                          0x0800299b   Thumb Code    22  stm32f4xx_rcc.o(.text)
    RCC_ClearITPendingBit                    0x080029b1   Thumb Code     8  stm32f4xx_rcc.o(.text)
    TIM_DeInit                               0x080029bd   Thumb Code   346  stm32f4xx_tim.o(.text)
    TIM_TimeBaseInit                         0x08002b17   Thumb Code   104  stm32f4xx_tim.o(.text)
    TIM_TimeBaseStructInit                   0x08002b7f   Thumb Code    18  stm32f4xx_tim.o(.text)
    TIM_PrescalerConfig                      0x08002b91   Thumb Code     6  stm32f4xx_tim.o(.text)
    TIM_CounterModeConfig                    0x08002b97   Thumb Code    18  stm32f4xx_tim.o(.text)
    TIM_SetCounter                           0x08002ba9   Thumb Code     4  stm32f4xx_tim.o(.text)
    TIM_SetAutoreload                        0x08002bad   Thumb Code     4  stm32f4xx_tim.o(.text)
    TIM_GetCounter                           0x08002bb1   Thumb Code     6  stm32f4xx_tim.o(.text)
    TIM_GetPrescaler                         0x08002bb7   Thumb Code     6  stm32f4xx_tim.o(.text)
    TIM_UpdateDisableConfig                  0x08002bbd   Thumb Code    24  stm32f4xx_tim.o(.text)
    TIM_UpdateRequestConfig                  0x08002bd5   Thumb Code    24  stm32f4xx_tim.o(.text)
    TIM_ARRPreloadConfig                     0x08002bed   Thumb Code    24  stm32f4xx_tim.o(.text)
    TIM_SelectOnePulseMode                   0x08002c05   Thumb Code    18  stm32f4xx_tim.o(.text)
    TIM_SetClockDivision                     0x08002c17   Thumb Code    18  stm32f4xx_tim.o(.text)
    TIM_Cmd                                  0x08002c29   Thumb Code    24  stm32f4xx_tim.o(.text)
    TIM_OC1Init                              0x08002c41   Thumb Code   114  stm32f4xx_tim.o(.text)
    TIM_OC2Init                              0x08002cb3   Thumb Code   154  stm32f4xx_tim.o(.text)
    TIM_OC3Init                              0x08002d4d   Thumb Code   204  stm32f4xx_tim.o(.text)
    TIM_OC4Init                              0x08002e19   Thumb Code   112  stm32f4xx_tim.o(.text)
    TIM_OCStructInit                         0x08002e89   Thumb Code    20  stm32f4xx_tim.o(.text)
    TIM_SelectOCxM                           0x08002e9d   Thumb Code    86  stm32f4xx_tim.o(.text)
    TIM_SetCompare1                          0x08002ef3   Thumb Code     4  stm32f4xx_tim.o(.text)
    TIM_SetCompare2                          0x08002ef7   Thumb Code     4  stm32f4xx_tim.o(.text)
    TIM_SetCompare3                          0x08002efb   Thumb Code     4  stm32f4xx_tim.o(.text)
    TIM_SetCompare4                          0x08002eff   Thumb Code     4  stm32f4xx_tim.o(.text)
    TIM_ForcedOC1Config                      0x08002f03   Thumb Code    18  stm32f4xx_tim.o(.text)
    TIM_ForcedOC2Config                      0x08002f15   Thumb Code    26  stm32f4xx_tim.o(.text)
    TIM_ForcedOC3Config                      0x08002f2f   Thumb Code    18  stm32f4xx_tim.o(.text)
    TIM_ForcedOC4Config                      0x08002f41   Thumb Code    26  stm32f4xx_tim.o(.text)
    TIM_OC1PreloadConfig                     0x08002f5b   Thumb Code    18  stm32f4xx_tim.o(.text)
    TIM_OC2PreloadConfig                     0x08002f6d   Thumb Code    26  stm32f4xx_tim.o(.text)
    TIM_OC3PreloadConfig                     0x08002f87   Thumb Code    18  stm32f4xx_tim.o(.text)
    TIM_OC4PreloadConfig                     0x08002f99   Thumb Code    26  stm32f4xx_tim.o(.text)
    TIM_OC1FastConfig                        0x08002fb3   Thumb Code    18  stm32f4xx_tim.o(.text)
    TIM_OC2FastConfig                        0x08002fc5   Thumb Code    26  stm32f4xx_tim.o(.text)
    TIM_OC3FastConfig                        0x08002fdf   Thumb Code    18  stm32f4xx_tim.o(.text)
    TIM_OC4FastConfig                        0x08002ff1   Thumb Code    26  stm32f4xx_tim.o(.text)
    TIM_ClearOC1Ref                          0x0800300b   Thumb Code    18  stm32f4xx_tim.o(.text)
    TIM_ClearOC2Ref                          0x0800301d   Thumb Code    24  stm32f4xx_tim.o(.text)
    TIM_ClearOC3Ref                          0x08003035   Thumb Code    18  stm32f4xx_tim.o(.text)
    TIM_ClearOC4Ref                          0x08003047   Thumb Code    24  stm32f4xx_tim.o(.text)
    TIM_OC1PolarityConfig                    0x0800305f   Thumb Code    18  stm32f4xx_tim.o(.text)
    TIM_OC1NPolarityConfig                   0x08003071   Thumb Code    18  stm32f4xx_tim.o(.text)
    TIM_OC2PolarityConfig                    0x08003083   Thumb Code    26  stm32f4xx_tim.o(.text)
    TIM_OC2NPolarityConfig                   0x0800309d   Thumb Code    26  stm32f4xx_tim.o(.text)
    TIM_OC3PolarityConfig                    0x080030b7   Thumb Code    26  stm32f4xx_tim.o(.text)
    TIM_OC3NPolarityConfig                   0x080030d1   Thumb Code    26  stm32f4xx_tim.o(.text)
    TIM_OC4PolarityConfig                    0x080030eb   Thumb Code    26  stm32f4xx_tim.o(.text)
    TIM_CCxCmd                               0x08003105   Thumb Code    30  stm32f4xx_tim.o(.text)
    TIM_CCxNCmd                              0x08003123   Thumb Code    30  stm32f4xx_tim.o(.text)
    TIM_SetIC4Prescaler                      0x08003141   Thumb Code    26  stm32f4xx_tim.o(.text)
    TIM_SetIC3Prescaler                      0x080031ab   Thumb Code    18  stm32f4xx_tim.o(.text)
    TIM_SetIC2Prescaler                      0x08003205   Thumb Code    26  stm32f4xx_tim.o(.text)
    TIM_SetIC1Prescaler                      0x08003279   Thumb Code    18  stm32f4xx_tim.o(.text)
    TIM_ICInit                               0x080032c5   Thumb Code   110  stm32f4xx_tim.o(.text)
    TIM_ICStructInit                         0x08003333   Thumb Code    18  stm32f4xx_tim.o(.text)
    TIM_PWMIConfig                           0x08003345   Thumb Code   124  stm32f4xx_tim.o(.text)
    TIM_GetCapture1                          0x080033c1   Thumb Code     6  stm32f4xx_tim.o(.text)
    TIM_GetCapture2                          0x080033c7   Thumb Code     6  stm32f4xx_tim.o(.text)
    TIM_GetCapture3                          0x080033cd   Thumb Code     6  stm32f4xx_tim.o(.text)
    TIM_GetCapture4                          0x080033d3   Thumb Code     6  stm32f4xx_tim.o(.text)
    TIM_BDTRConfig                           0x080033d9   Thumb Code    32  stm32f4xx_tim.o(.text)
    TIM_BDTRStructInit                       0x080033f9   Thumb Code    18  stm32f4xx_tim.o(.text)
    TIM_CtrlPWMOutputs                       0x0800340b   Thumb Code    30  stm32f4xx_tim.o(.text)
    TIM_SelectCOM                            0x08003429   Thumb Code    24  stm32f4xx_tim.o(.text)
    TIM_CCPreloadControl                     0x08003441   Thumb Code    24  stm32f4xx_tim.o(.text)
    TIM_ITConfig                             0x08003459   Thumb Code    18  stm32f4xx_tim.o(.text)
    TIM_GenerateEvent                        0x0800346b   Thumb Code     4  stm32f4xx_tim.o(.text)
    TIM_GetFlagStatus                        0x0800346f   Thumb Code    18  stm32f4xx_tim.o(.text)
    TIM_ClearFlag                            0x08003481   Thumb Code     6  stm32f4xx_tim.o(.text)
    TIM_GetITStatus                          0x08003487   Thumb Code    34  stm32f4xx_tim.o(.text)
    TIM_ClearITPendingBit                    0x080034a9   Thumb Code     6  stm32f4xx_tim.o(.text)
    TIM_DMAConfig                            0x080034af   Thumb Code    10  stm32f4xx_tim.o(.text)
    TIM_DMACmd                               0x080034b9   Thumb Code    18  stm32f4xx_tim.o(.text)
    TIM_SelectCCDMA                          0x080034cb   Thumb Code    24  stm32f4xx_tim.o(.text)
    TIM_InternalClockConfig                  0x080034e3   Thumb Code    12  stm32f4xx_tim.o(.text)
    TIM_SelectInputTrigger                   0x080034ef   Thumb Code    18  stm32f4xx_tim.o(.text)
    TIM_ITRxExternalClockConfig              0x08003501   Thumb Code    24  stm32f4xx_tim.o(.text)
    TIM_TIxExternalClockConfig               0x08003519   Thumb Code    62  stm32f4xx_tim.o(.text)
    TIM_ETRConfig                            0x08003557   Thumb Code    28  stm32f4xx_tim.o(.text)
    TIM_ETRClockMode1Config                  0x08003573   Thumb Code    54  stm32f4xx_tim.o(.text)
    TIM_ETRClockMode2Config                  0x080035a9   Thumb Code    32  stm32f4xx_tim.o(.text)
    TIM_SelectOutputTrigger                  0x080035c9   Thumb Code    18  stm32f4xx_tim.o(.text)
    TIM_SelectSlaveMode                      0x080035db   Thumb Code    18  stm32f4xx_tim.o(.text)
    TIM_SelectMasterSlaveMode                0x080035ed   Thumb Code    18  stm32f4xx_tim.o(.text)
    TIM_EncoderInterfaceConfig               0x080035ff   Thumb Code    66  stm32f4xx_tim.o(.text)
    TIM_SelectHallSensor                     0x08003641   Thumb Code    24  stm32f4xx_tim.o(.text)
    TIM_RemapConfig                          0x08003659   Thumb Code     6  stm32f4xx_tim.o(.text)
    USART_DeInit                             0x08003661   Thumb Code   206  stm32f4xx_usart.o(.text)
    USART_Init                               0x0800372f   Thumb Code   204  stm32f4xx_usart.o(.text)
    USART_StructInit                         0x080037fb   Thumb Code    24  stm32f4xx_usart.o(.text)
    USART_ClockInit                          0x08003813   Thumb Code    32  stm32f4xx_usart.o(.text)
    USART_ClockStructInit                    0x08003833   Thumb Code    12  stm32f4xx_usart.o(.text)
    USART_Cmd                                0x0800383f   Thumb Code    24  stm32f4xx_usart.o(.text)
    USART_SetPrescaler                       0x08003857   Thumb Code    16  stm32f4xx_usart.o(.text)
    USART_OverSampling8Cmd                   0x08003867   Thumb Code    22  stm32f4xx_usart.o(.text)
    USART_OneBitMethodCmd                    0x0800387d   Thumb Code    24  stm32f4xx_usart.o(.text)
    USART_SendData                           0x08003895   Thumb Code     8  stm32f4xx_usart.o(.text)
    USART_ReceiveData                        0x0800389d   Thumb Code    10  stm32f4xx_usart.o(.text)
    USART_SetAddress                         0x080038a7   Thumb Code    18  stm32f4xx_usart.o(.text)
    USART_ReceiverWakeUpCmd                  0x080038b9   Thumb Code    24  stm32f4xx_usart.o(.text)
    USART_WakeUpConfig                       0x080038d1   Thumb Code    18  stm32f4xx_usart.o(.text)
    USART_LINBreakDetectLengthConfig         0x080038e3   Thumb Code    18  stm32f4xx_usart.o(.text)
    USART_LINCmd                             0x080038f5   Thumb Code    24  stm32f4xx_usart.o(.text)
    USART_SendBreak                          0x0800390d   Thumb Code    10  stm32f4xx_usart.o(.text)
    USART_HalfDuplexCmd                      0x08003917   Thumb Code    24  stm32f4xx_usart.o(.text)
    USART_SetGuardTime                       0x0800392f   Thumb Code    16  stm32f4xx_usart.o(.text)
    USART_SmartCardCmd                       0x0800393f   Thumb Code    24  stm32f4xx_usart.o(.text)
    USART_SmartCardNACKCmd                   0x08003957   Thumb Code    24  stm32f4xx_usart.o(.text)
    USART_IrDAConfig                         0x0800396f   Thumb Code    18  stm32f4xx_usart.o(.text)
    USART_IrDACmd                            0x08003981   Thumb Code    24  stm32f4xx_usart.o(.text)
    USART_DMACmd                             0x08003999   Thumb Code    18  stm32f4xx_usart.o(.text)
    USART_ITConfig                           0x080039ab   Thumb Code    74  stm32f4xx_usart.o(.text)
    USART_GetFlagStatus                      0x080039f5   Thumb Code    26  stm32f4xx_usart.o(.text)
    USART_ClearFlag                          0x08003a0f   Thumb Code    18  stm32f4xx_usart.o(.text)
    USART_GetITStatus                        0x08003a21   Thumb Code   118  stm32f4xx_usart.o(.text)
    USART_ClearITPendingBit                  0x08003a97   Thumb Code    30  stm32f4xx_usart.o(.text)
    delay_init                               0x08003ab5   Thumb Code    52  delay.o(.text)
    delay_us                                 0x08003ae9   Thumb Code    72  delay.o(.text)
    delay_xms                                0x08003b31   Thumb Code    72  delay.o(.text)
    delay_ms                                 0x08003b79   Thumb Code    56  delay.o(.text)
    _sys_exit                                0x08003bb9   Thumb Code     4  usart.o(.text)
    fputc                                    0x08003bbd   Thumb Code    22  usart.o(.text)
    uart_init                                0x08003bd3   Thumb Code   164  usart.o(.text)
    USART1_IRQHandler                        0x08003c77   Thumb Code   122  usart.o(.text)
    InitTableFFT                             0x08003d01   Thumb Code   170  fft_1.o(.text)
    cfft                                     0x08003dab   Thumb Code   476  fft_1.o(.text)
    __aeabi_dadd                             0x08003f99   Thumb Code   322  dadd.o(.text)
    __aeabi_dsub                             0x080040db   Thumb Code     6  dadd.o(.text)
    __aeabi_drsub                            0x080040e1   Thumb Code     6  dadd.o(.text)
    __aeabi_ui2d                             0x080040e7   Thumb Code    26  dfltui.o(.text)
    __aeabi_d2uiz                            0x08004101   Thumb Code    50  dfixui.o(.text)
    __aeabi_f2d                              0x08004133   Thumb Code    38  f2d.o(.text)
    __aeabi_d2f                              0x08004159   Thumb Code    56  d2f.o(.text)
    __aeabi_uidiv                            0x08004191   Thumb Code     0  uidiv.o(.text)
    __aeabi_uidivmod                         0x08004191   Thumb Code    44  uidiv.o(.text)
    __aeabi_uldivmod                         0x080041bd   Thumb Code    98  uldiv.o(.text)
    __aeabi_llsl                             0x0800421f   Thumb Code    30  llshl.o(.text)
    _ll_shift_l                              0x0800421f   Thumb Code     0  llshl.o(.text)
    __aeabi_llsr                             0x0800423d   Thumb Code    32  llushr.o(.text)
    _ll_ushift_r                             0x0800423d   Thumb Code     0  llushr.o(.text)
    __aeabi_lasr                             0x0800425d   Thumb Code    36  llsshr.o(.text)
    _ll_sshift_r                             0x0800425d   Thumb Code     0  llsshr.o(.text)
    __I$use$fp                               0x08004281   Thumb Code     0  iusefp.o(.text)
    _float_round                             0x08004281   Thumb Code    18  fepilogue.o(.text)
    _float_epilogue                          0x08004293   Thumb Code    92  fepilogue.o(.text)
    _double_round                            0x080042ef   Thumb Code    30  depilogue.o(.text)
    _double_epilogue                         0x0800430d   Thumb Code   156  depilogue.o(.text)
    __aeabi_dmul                             0x080043a9   Thumb Code   228  dmul.o(.text)
    __aeabi_ddiv                             0x0800448d   Thumb Code   222  ddiv.o(.text)
    __aeabi_i2d                              0x0800456b   Thumb Code    34  dflti.o(.text)
    __aeabi_d2ulz                            0x0800458d   Thumb Code    48  dfixul.o(.text)
    __aeabi_cdcmpeq                          0x080045bd   Thumb Code     0  cdcmple.o(.text)
    __aeabi_cdcmple                          0x080045bd   Thumb Code    48  cdcmple.o(.text)
    __aeabi_cdrcmple                         0x080045ed   Thumb Code    48  cdrcmple.o(.text)
    __scatterload                            0x0800461d   Thumb Code    28  init.o(.text)
    __scatterload_rt2                        0x0800461d   Thumb Code     0  init.o(.text)
    __aeabi_d2iz                             0x08004641   Thumb Code    62  dfixi.o(.text)
    __0printf                                0x08004681   Thumb Code    22  printfa.o(i.__0printf)
    __1printf                                0x08004681   Thumb Code     0  printfa.o(i.__0printf)
    __2printf                                0x08004681   Thumb Code     0  printfa.o(i.__0printf)
    __c89printf                              0x08004681   Thumb Code     0  printfa.o(i.__0printf)
    printf                                   0x08004681   Thumb Code     0  printfa.o(i.__0printf)
    __0vsprintf                              0x080046a1   Thumb Code    30  printfa.o(i.__0vsprintf)
    __1vsprintf                              0x080046a1   Thumb Code     0  printfa.o(i.__0vsprintf)
    __2vsprintf                              0x080046a1   Thumb Code     0  printfa.o(i.__0vsprintf)
    __c89vsprintf                            0x080046a1   Thumb Code     0  printfa.o(i.__0vsprintf)
    vsprintf                                 0x080046a1   Thumb Code     0  printfa.o(i.__0vsprintf)
    __ARM_fpclassify                         0x080046c5   Thumb Code    48  fpclassify.o(i.__ARM_fpclassify)
    __ARM_fpclassifyf                        0x080046f5   Thumb Code    38  fpclassifyf.o(i.__ARM_fpclassifyf)
    __hardfp_atan2f                          0x0800471d   Thumb Code   502  atan2f.o(i.__hardfp_atan2f)
    __hardfp_cos                             0x08004971   Thumb Code   180  cos.o(i.__hardfp_cos)
    __hardfp_log                             0x08004a39   Thumb Code   872  log.o(i.__hardfp_log)
    __hardfp_log2                            0x08004e01   Thumb Code   220  log2.o(i.__hardfp_log2)
    __hardfp_sin                             0x08004f01   Thumb Code   180  sin.o(i.__hardfp_sin)
    __ieee754_rem_pio2                       0x08004fc9   Thumb Code   938  rred.o(i.__ieee754_rem_pio2)
    __kernel_cos                             0x08005401   Thumb Code   322  cos_i.o(i.__kernel_cos)
    __kernel_poly                            0x08005571   Thumb Code   248  poly.o(i.__kernel_poly)
    __kernel_sin                             0x08005669   Thumb Code   280  sin_i.o(i.__kernel_sin)
    __mathlib_dbl_divzero                    0x08005799   Thumb Code    28  dunder.o(i.__mathlib_dbl_divzero)
    __mathlib_dbl_infnan                     0x080057c9   Thumb Code    20  dunder.o(i.__mathlib_dbl_infnan)
    __mathlib_dbl_invalid                    0x080057e1   Thumb Code    24  dunder.o(i.__mathlib_dbl_invalid)
    __mathlib_dbl_underflow                  0x08005801   Thumb Code    24  dunder.o(i.__mathlib_dbl_underflow)
    __mathlib_flt_infnan2                    0x08005821   Thumb Code     6  funder.o(i.__mathlib_flt_infnan2)
    __mathlib_flt_underflow                  0x08005829   Thumb Code    10  funder.o(i.__mathlib_flt_underflow)
    __scatterload_copy                       0x08005839   Thumb Code    14  handlers.o(i.__scatterload_copy)
    __scatterload_null                       0x08005847   Thumb Code     2  handlers.o(i.__scatterload_null)
    __scatterload_zeroinit                   0x08005849   Thumb Code    14  handlers.o(i.__scatterload_zeroinit)
    __set_errno                              0x08005859   Thumb Code     6  errno.o(i.__set_errno)
    fabs                                     0x08006101   Thumb Code    24  fabs.o(i.fabs)
    frexp                                    0x08006119   Thumb Code   118  frexp.o(i.frexp)
    log                                      0x080061a5   Thumb Code    16  log.o(i.log)
    FSMC_DefaultTimingStruct                 0x080061b4   Data          28  stm32f4xx_fsmc.o(.constdata)
    __mathlib_zero                           0x08006328   Data           8  qnan.o(.constdata)
    Region$$Table$$Base                      0x08006330   Number         0  anon$$obj.o(Region$$Table)
    Region$$Table$$Limit                     0x08006350   Number         0  anon$$obj.o(Region$$Table)
    SystemCoreClock                          0x20000000   Data           4  system_stm32f4xx.o(.data)
    AHBPrescTable                            0x20000004   Data          16  system_stm32f4xx.o(.data)
    USART3_RX_STA                            0x20000014   Data           2  vet6_bsp_usart3.o(.data)
    __stdout                                 0x2000002c   Data           4  usart.o(.data)
    USART_RX_STA                             0x20000030   Data           2  usart.o(.data)
    BSP_G_AD_A                               0x20000038   Data        4096  bsp_lwx_ad.o(.bss)
    BSP_G_AD_B                               0x20001038   Data        4096  bsp_lwx_ad.o(.bss)
    BSP_G_AD_C                               0x20002038   Data        4096  bsp_lwx_ad.o(.bss)
    s0                                       0x20003038   Data       24576  dsp_lwx_fft.o(.bss)
    s1                                       0x20009038   Data       24576  dsp_lwx_fft.o(.bss)
    s2                                       0x2000f038   Data       24576  dsp_lwx_fft.o(.bss)
    USART3_RX_BUF                            0x20015038   Data         200  vet6_bsp_usart3.o(.bss)
    USART_RX_BUF                             0x20015100   Data         200  usart.o(.bss)
    costab                                   0x200151c8   Data        4096  fft_1.o(.bss)
    sintab                                   0x200161c8   Data        4096  fft_1.o(.bss)
    __initial_sp                             0x200175c8   Data           0  startup_stm32f40_41xxx.o(STACK)



==============================================================================

Memory Map of the image

  Image Entry point : 0x08000189

  Load Region LR_IROM1 (Base: 0x08000000, Size: 0x00006388, Max: 0x00100000, ABSOLUTE)

    Execution Region ER_IROM1 (Exec base: 0x08000000, Load base: 0x08000000, Size: 0x00006350, Max: 0x00100000, ABSOLUTE)

    Exec Addr    Load Addr    Size         Type   Attr      Idx    E Section Name        Object

    0x08000000   0x08000000   0x00000188   Data   RO          498    RESET               startup_stm32f40_41xxx.o
    0x08000188   0x08000188   0x00000000   Code   RO         1380  * .ARM.Collect$$$$00000000  mc_w.l(entry.o)
    0x08000188   0x08000188   0x00000004   Code   RO         1718    .ARM.Collect$$$$00000001  mc_w.l(entry2.o)
    0x0800018c   0x0800018c   0x00000004   Code   RO         1721    .ARM.Collect$$$$00000004  mc_w.l(entry5.o)
    0x08000190   0x08000190   0x00000000   Code   RO         1723    .ARM.Collect$$$$00000008  mc_w.l(entry7b.o)
    0x08000190   0x08000190   0x00000000   Code   RO         1725    .ARM.Collect$$$$0000000A  mc_w.l(entry8b.o)
    0x08000190   0x08000190   0x00000008   Code   RO         1726    .ARM.Collect$$$$0000000B  mc_w.l(entry9a.o)
    0x08000198   0x08000198   0x00000000   Code   RO         1728    .ARM.Collect$$$$0000000D  mc_w.l(entry10a.o)
    0x08000198   0x08000198   0x00000000   Code   RO         1730    .ARM.Collect$$$$0000000F  mc_w.l(entry11a.o)
    0x08000198   0x08000198   0x00000004   Code   RO         1719    .ARM.Collect$$$$00002712  mc_w.l(entry2.o)
    0x0800019c   0x0800019c   0x000000fc   Code   RO            3    .text               main.o
    0x08000298   0x08000298   0x0000001a   Code   RO          175    .text               stm32f4xx_it.o
    0x080002b2   0x080002b2   0x00000002   PAD
    0x080002b4   0x080002b4   0x00000210   Code   RO          299    .text               system_stm32f4xx.o
    0x080004c4   0x080004c4   0x0000005c   Code   RO          325    .text               led.o
    0x08000520   0x08000520   0x000003c8   Code   RO          345    .text               bsp_lwx_ad.o
    0x080008e8   0x080008e8   0x000003f8   Code   RO          371    .text               dsp_lwx_fft.o
    0x08000ce0   0x08000ce0   0x000002f8   Code   RO          408    .text               sram.o
    0x08000fd8   0x08000fd8   0x0000021c   Code   RO          464    .text               vet6_bsp_usart3.o
    0x080011f4   0x080011f4   0x00000024   Code   RO          499    .text               startup_stm32f40_41xxx.o
    0x08001218   0x08001218   0x000000e0   Code   RO          505    .text               misc.o
    0x080012f8   0x080012f8   0x00000464   Code   RO          525    .text               stm32f4xx_adc.o
    0x0800175c   0x0800175c   0x000003a8   Code   RO          748    .text               stm32f4xx_dma.o
    0x08001b04   0x08001b04   0x000005c8   Code   RO          831    .text               stm32f4xx_fsmc.o
    0x080020cc   0x080020cc   0x00000294   Code   RO          854    .text               stm32f4xx_gpio.o
    0x08002360   0x08002360   0x0000065c   Code   RO         1017    .text               stm32f4xx_rcc.o
    0x080029bc   0x080029bc   0x00000ca2   Code   RO         1162    .text               stm32f4xx_tim.o
    0x0800365e   0x0800365e   0x00000002   PAD
    0x08003660   0x08003660   0x00000454   Code   RO         1182    .text               stm32f4xx_usart.o
    0x08003ab4   0x08003ab4   0x00000104   Code   RO         1222    .text               delay.o
    0x08003bb8   0x08003bb8   0x00000148   Code   RO         1265    .text               usart.o
    0x08003d00   0x08003d00   0x00000298   Code   RO         1296    .text               fft_1.o
    0x08003f98   0x08003f98   0x0000014e   Code   RO         1644    .text               mf_w.l(dadd.o)
    0x080040e6   0x080040e6   0x0000001a   Code   RO         1646    .text               mf_w.l(dfltui.o)
    0x08004100   0x08004100   0x00000032   Code   RO         1648    .text               mf_w.l(dfixui.o)
    0x08004132   0x08004132   0x00000026   Code   RO         1650    .text               mf_w.l(f2d.o)
    0x08004158   0x08004158   0x00000038   Code   RO         1652    .text               mf_w.l(d2f.o)
    0x08004190   0x08004190   0x0000002c   Code   RO         1732    .text               mc_w.l(uidiv.o)
    0x080041bc   0x080041bc   0x00000062   Code   RO         1734    .text               mc_w.l(uldiv.o)
    0x0800421e   0x0800421e   0x0000001e   Code   RO         1736    .text               mc_w.l(llshl.o)
    0x0800423c   0x0800423c   0x00000020   Code   RO         1738    .text               mc_w.l(llushr.o)
    0x0800425c   0x0800425c   0x00000024   Code   RO         1740    .text               mc_w.l(llsshr.o)
    0x08004280   0x08004280   0x00000000   Code   RO         1749    .text               mc_w.l(iusefp.o)
    0x08004280   0x08004280   0x0000006e   Code   RO         1750    .text               mf_w.l(fepilogue.o)
    0x080042ee   0x080042ee   0x000000ba   Code   RO         1752    .text               mf_w.l(depilogue.o)
    0x080043a8   0x080043a8   0x000000e4   Code   RO         1754    .text               mf_w.l(dmul.o)
    0x0800448c   0x0800448c   0x000000de   Code   RO         1756    .text               mf_w.l(ddiv.o)
    0x0800456a   0x0800456a   0x00000022   Code   RO         1760    .text               mf_w.l(dflti.o)
    0x0800458c   0x0800458c   0x00000030   Code   RO         1762    .text               mf_w.l(dfixul.o)
    0x080045bc   0x080045bc   0x00000030   Code   RO         1764    .text               mf_w.l(cdcmple.o)
    0x080045ec   0x080045ec   0x00000030   Code   RO         1766    .text               mf_w.l(cdrcmple.o)
    0x0800461c   0x0800461c   0x00000024   Code   RO         1779    .text               mc_w.l(init.o)
    0x08004640   0x08004640   0x0000003e   Code   RO         1781    .text               mf_w.l(dfixi.o)
    0x0800467e   0x0800467e   0x00000002   PAD
    0x08004680   0x08004680   0x00000020   Code   RO         1616    i.__0printf         mc_w.l(printfa.o)
    0x080046a0   0x080046a0   0x00000024   Code   RO         1622    i.__0vsprintf       mc_w.l(printfa.o)
    0x080046c4   0x080046c4   0x00000030   Code   RO         1774    i.__ARM_fpclassify  m_wm.l(fpclassify.o)
    0x080046f4   0x080046f4   0x00000026   Code   RO         1671    i.__ARM_fpclassifyf  m_wm.l(fpclassifyf.o)
    0x0800471a   0x0800471a   0x00000002   PAD
    0x0800471c   0x0800471c   0x00000250   Code   RO         1336    i.__hardfp_atan2f   m_wm.l(atan2f.o)
    0x0800496c   0x0800496c   0x00000004   PAD
    0x08004970   0x08004970   0x000000c8   Code   RO         1348    i.__hardfp_cos      m_wm.l(cos.o)
    0x08004a38   0x08004a38   0x000003c4   Code   RO         1693    i.__hardfp_log      m_wm.l(log.o)
    0x08004dfc   0x08004dfc   0x00000004   PAD
    0x08004e00   0x08004e00   0x00000100   Code   RO         1360    i.__hardfp_log2     m_wm.l(log2.o)
    0x08004f00   0x08004f00   0x000000c8   Code   RO         1368    i.__hardfp_sin      m_wm.l(sin.o)
    0x08004fc8   0x08004fc8   0x00000438   Code   RO         1707    i.__ieee754_rem_pio2  m_wm.l(rred.o)
    0x08005400   0x08005400   0x00000170   Code   RO         1654    i.__kernel_cos      m_wm.l(cos_i.o)
    0x08005570   0x08005570   0x000000f8   Code   RO         1776    i.__kernel_poly     m_wm.l(poly.o)
    0x08005668   0x08005668   0x00000130   Code   RO         1712    i.__kernel_sin      m_wm.l(sin_i.o)
    0x08005798   0x08005798   0x00000030   Code   RO         1657    i.__mathlib_dbl_divzero  m_wm.l(dunder.o)
    0x080057c8   0x080057c8   0x00000014   Code   RO         1658    i.__mathlib_dbl_infnan  m_wm.l(dunder.o)
    0x080057dc   0x080057dc   0x00000004   PAD
    0x080057e0   0x080057e0   0x00000020   Code   RO         1660    i.__mathlib_dbl_invalid  m_wm.l(dunder.o)
    0x08005800   0x08005800   0x00000020   Code   RO         1663    i.__mathlib_dbl_underflow  m_wm.l(dunder.o)
    0x08005820   0x08005820   0x00000006   Code   RO         1681    i.__mathlib_flt_infnan2  m_wm.l(funder.o)
    0x08005826   0x08005826   0x00000002   PAD
    0x08005828   0x08005828   0x00000010   Code   RO         1685    i.__mathlib_flt_underflow  m_wm.l(funder.o)
    0x08005838   0x08005838   0x0000000e   Code   RO         1785    i.__scatterload_copy  mc_w.l(handlers.o)
    0x08005846   0x08005846   0x00000002   Code   RO         1786    i.__scatterload_null  mc_w.l(handlers.o)
    0x08005848   0x08005848   0x0000000e   Code   RO         1787    i.__scatterload_zeroinit  mc_w.l(handlers.o)
    0x08005856   0x08005856   0x00000002   PAD
    0x08005858   0x08005858   0x0000000c   Code   RO         1744    i.__set_errno       mc_w.l(errno.o)
    0x08005864   0x08005864   0x00000164   Code   RO         1623    i._fp_digits        mc_w.l(printfa.o)
    0x080059c8   0x080059c8   0x000006dc   Code   RO         1624    i._printf_core      mc_w.l(printfa.o)
    0x080060a4   0x080060a4   0x00000024   Code   RO         1625    i._printf_post_padding  mc_w.l(printfa.o)
    0x080060c8   0x080060c8   0x0000002e   Code   RO         1626    i._printf_pre_padding  mc_w.l(printfa.o)
    0x080060f6   0x080060f6   0x0000000a   Code   RO         1628    i._sputc            mc_w.l(printfa.o)
    0x08006100   0x08006100   0x00000018   Code   RO         1770    i.fabs              m_wm.l(fabs.o)
    0x08006118   0x08006118   0x0000008c   Code   RO         1675    i.frexp             m_wm.l(frexp.o)
    0x080061a4   0x080061a4   0x00000010   Code   RO         1695    i.log               m_wm.l(log.o)
    0x080061b4   0x080061b4   0x0000001c   Data   RO          832    .constdata          stm32f4xx_fsmc.o
    0x080061d0   0x080061d0   0x00000030   Data   RO         1655    .constdata          m_wm.l(cos_i.o)
    0x08006200   0x08006200   0x00000038   Data   RO         1696    .constdata          m_wm.l(log.o)
    0x08006238   0x08006238   0x000000c8   Data   RO         1709    .constdata          m_wm.l(rred.o)
    0x08006300   0x08006300   0x00000028   Data   RO         1713    .constdata          m_wm.l(sin_i.o)
    0x08006328   0x08006328   0x00000008   Data   RO         1778    .constdata          m_wm.l(qnan.o)
    0x08006330   0x08006330   0x00000020   Data   RO         1783    Region$$Table       anon$$obj.o


    Execution Region RW_IRAM1 (Exec base: 0x20000000, Load base: 0x08006350, Size: 0x000175c8, Max: 0x00020000, ABSOLUTE)

    Exec Addr    Load Addr    Size         Type   Attr      Idx    E Section Name        Object

    0x20000000   0x08006350   0x00000014   Data   RW          300    .data               system_stm32f4xx.o
    0x20000014   0x08006364   0x00000002   Data   RW          466    .data               vet6_bsp_usart3.o
    0x20000016   0x08006366   0x00000010   Data   RW         1018    .data               stm32f4xx_rcc.o
    0x20000026   0x08006376   0x00000004   Data   RW         1223    .data               delay.o
    0x2000002a   0x0800637a   0x00000002   PAD
    0x2000002c   0x0800637c   0x00000006   Data   RW         1267    .data               usart.o
    0x20000032   0x08006382   0x00000002   PAD
    0x20000034   0x08006384   0x00000004   Data   RW         1745    .data               mc_w.l(errno.o)
    0x20000038        -       0x00003000   Zero   RW          346    .bss                bsp_lwx_ad.o
    0x20003038        -       0x00012000   Zero   RW          372    .bss                dsp_lwx_fft.o
    0x20015038        -       0x000000c8   Zero   RW          465    .bss                vet6_bsp_usart3.o
    0x20015100        -       0x000000c8   Zero   RW         1266    .bss                usart.o
    0x200151c8        -       0x00002000   Zero   RW         1297    .bss                fft_1.o
    0x200171c8        -       0x00000400   Zero   RW          496    STACK               startup_stm32f40_41xxx.o


==============================================================================

Image component sizes


      Code (inc. data)   RO Data    RW Data    ZI Data      Debug   Object Name

       968         40          0          0      12288       3773   bsp_lwx_ad.o
       260          8          0          4          0       1425   delay.o
      1016         92          0          0      73728      15748   dsp_lwx_fft.o
       664         18          0          0       8192      14916   fft_1.o
        92          4          0          0          0        625   led.o
       252         90          0          0          0     285519   main.o
       224         20          0          0          0       1805   misc.o
       760         20          0          0          0     244780   sram.o
        36          8        392          0       1024        816   startup_stm32f40_41xxx.o
      1124         24          0          0          0      10478   stm32f4xx_adc.o
       936         32          0          0          0       6281   stm32f4xx_dma.o
      1480         18         28          0          0       5598   stm32f4xx_fsmc.o
       660         44          0          0          0       4081   stm32f4xx_gpio.o
        26          0          0          0          0      69474   stm32f4xx_it.o
      1628         52          0         16          0      12864   stm32f4xx_rcc.o
      3234         60          0          0          0      22284   stm32f4xx_tim.o
      1108         34          0          0          0       7780   stm32f4xx_usart.o
       528         46          0         20          0       1759   system_stm32f4xx.o
       328         16          0          6        200       3290   usart.o
       540         16          0          2        200       5316   vet6_bsp_usart3.o

    ----------------------------------------------------------------------
     15868        642        452         52      95632     718612   Object Totals
         0          0         32          0          0          0   (incl. Generated)
         4          0          0          4          0          0   (incl. Padding)

    ----------------------------------------------------------------------

      Code (inc. data)   RO Data    RW Data    ZI Data      Debug   Library Member Name

       592         90          0          0          0        184   atan2f.o
       200         20          0          0          0        164   cos.o
       368         46         48          0          0        200   cos_i.o
       132         36          0          0          0        496   dunder.o
        24          0          0          0          0        124   fabs.o
        48          0          0          0          0        124   fpclassify.o
        38          0          0          0          0        116   fpclassifyf.o
       140         22          0          0          0        132   frexp.o
        22          6          0          0          0        232   funder.o
       980         92         56          0          0        440   log.o
       256         36          0          0          0        164   log2.o
       248          0          0          0          0        152   poly.o
         0          0          8          0          0          0   qnan.o
      1080        142        200          0          0        188   rred.o
       200         20          0          0          0        164   sin.o
       304         24         40          0          0        208   sin_i.o
         0          0          0          0          0          0   entry.o
         0          0          0          0          0          0   entry10a.o
         0          0          0          0          0          0   entry11a.o
         8          4          0          0          0          0   entry2.o
         4          0          0          0          0          0   entry5.o
         0          0          0          0          0          0   entry7b.o
         0          0          0          0          0          0   entry8b.o
         8          4          0          0          0          0   entry9a.o
        12          6          0          4          0         68   errno.o
        30          0          0          0          0          0   handlers.o
        36          8          0          0          0         68   init.o
         0          0          0          0          0          0   iusefp.o
        30          0          0          0          0         68   llshl.o
        36          0          0          0          0         68   llsshr.o
        32          0          0          0          0         68   llushr.o
      2272         96          0          0          0        592   printfa.o
        44          0          0          0          0         80   uidiv.o
        98          0          0          0          0         92   uldiv.o
        48          0          0          0          0         68   cdcmple.o
        48          0          0          0          0         68   cdrcmple.o
        56          0          0          0          0         88   d2f.o
       334          0          0          0          0        148   dadd.o
       222          0          0          0          0        100   ddiv.o
       186          0          0          0          0        176   depilogue.o
        62          0          0          0          0         80   dfixi.o
        50          0          0          0          0         76   dfixui.o
        48          0          0          0          0         68   dfixul.o
        34          0          0          0          0         76   dflti.o
        26          0          0          0          0         76   dfltui.o
       228          0          0          0          0         96   dmul.o
        38          0          0          0          0         68   f2d.o
       110          0          0          0          0        168   fepilogue.o

    ----------------------------------------------------------------------
      8752        660        352          4          0       5548   Library Totals
        20          8          0          0          0          0   (incl. Padding)

    ----------------------------------------------------------------------

      Code (inc. data)   RO Data    RW Data    ZI Data      Debug   Library Name

      4632        534        352          0          0       3088   m_wm.l
      2610        118          0          4          0       1104   mc_w.l
      1490          0          0          0          0       1356   mf_w.l

    ----------------------------------------------------------------------
      8752        660        352          4          0       5548   Library Totals

    ----------------------------------------------------------------------

==============================================================================


      Code (inc. data)   RO Data    RW Data    ZI Data      Debug   

     24620       1302        804         56      95632     717064   Grand Totals
     24620       1302        804         56      95632     717064   ELF Image Totals
     24620       1302        804         56          0          0   ROM Totals

==============================================================================

    Total RO  Size (Code + RO Data)                25424 (  24.83kB)
    Total RW  Size (RW Data + ZI Data)             95688 (  93.45kB)
    Total ROM Size (Code + RO Data + RW Data)      25480 (  24.88kB)

==============================================================================

