<html>
<body>
<pre>
<h1>礦ision Build Log</h1>
<h2>Tool Versions:</h2>
IDE-Version: μVision V5.24.2.0
Copyright (C) 2017 ARM Ltd and ARM Germany GmbH. All rights reserved.
License Information: 1 李文学, 1, LIC=QF82M-XV6AE-JJ36S-L2R9J-2MW3Q-8890E
 
Tool Versions:
Toolchain:       MDK-ARM Plus  Version: 5.14.0.0
Toolchain Path:  F:\Keil_v5\Keil_MDK\ARM\ARMCC\Bin
C Compiler:      Armcc.exe V5.05 update 1 (build 106)
Assembler:       Armasm.exe V5.05 update 1 (build 106)
Linker/Locator:  ArmLink.exe V5.05 update 1 (build 106)
Library Manager: ArmAr.exe V5.05 update 1 (build 106)
Hex Converter:   FromElf.exe V5.05 update 1 (build 106)
CPU DLL:         SARMCM3.DLL V5.14.0.0
Dialog DLL:      DCM.DLL V1.13.1.0
Target DLL:      CMSIS_AGDI.dll V1.21.0.0
Dialog DLL:      TCM.DLL V1.14.4.0
 
<h2>Project:</h2>
F:\C 用户 李文学\Desktop\MSP432电容电感的测量\MSP432_1.3.1[DDS][AD][RST][HMI][CD4051]\CDLQ(23C题)\msp432_proj.uvprojx
Project File Date:  07/13/2024

<h2>Output:</h2>
*** Using Compiler 'V5.05 update 1 (build 106)', folder: 'F:\Keil_v5\Keil_MDK\ARM\ARMCC\Bin'
Build target 'Target 1'
compiling main.c...
source\app\main.c(220): warning:  #174-D: expression has no effect
  				HMI_Commond == 0;
source\app\main.c(251): warning:  #174-D: expression has no effect
  				HMI_Commond == 0;
source\app\main.c(511): warning:  #174-D: expression has no effect
  					DataState == 0x09;
source\app\main.c: 3 warnings, 0 errors
linking...
Program Size: Code=10276 RO-data=1416 RW-data=1644 ZI-data=2964  
".\Objects\msp432_proj.axf" - 0 Error(s), 3 Warning(s).

<h2>Software Packages used:</h2>

Package Vendor: ARM
                http://www.keil.com/pack/ARM.CMSIS.5.0.1.pack
                ARM.CMSIS.5.0.1
                CMSIS (Cortex Microcontroller Software Interface Standard)
   * Component: DSP Version: 1.5.1

Package Vendor: TexasInstruments
                http://software-dl.ti.com/msp430/msp430_public_sw/mcu/msp430/msp432cmsis/latest/exports/TexasInstruments.MSP432E4_DFP.3.2.6.pack
                TexasInstruments.MSP432E4_DFP.3.2.6
                Device Family Pack for Texas Instruments SimpleLink(TM) MSP432E4 Series

<h2>Collection of Component include folders:</h2>
  .\RTE\_Target_1
  F:\Keil_v5\Keil_MDK\ARM\PACK\ARM\CMSIS\5.0.1\CMSIS\Include
  F:\Keil_v5\Keil_MDK\ARM\PACK\TexasInstruments\MSP432E4_DFP\3.2.6\Device\Include

<h2>Collection of Component Files used:</h2>

   * Component: ARM::CMSIS:DSP:1.5.1
      Include file:  CMSIS\Include\arm_math.h
      Library file:  CMSIS\Lib\ARM\arm_cortexM4lf_math.lib
Build Time Elapsed:  00:00:01
</pre>
</body>
</html>
