<!doctype html public "-//w3c//dtd html 4.0 transitional//en">
<html><head>
<title>Static Call Graph - [.\Objects\msp432_proj.axf]</title></head>
<body><HR>
<H1>Static Call Graph for image .\Objects\msp432_proj.axf</H1><HR>
<BR><P>#&#060CALLGRAPH&#062# ARM Linker, 5050106: Last Updated: Sat Jul 13 13:17:34 2024
<BR><P>
<H3>Maximum Stack Usage =        240 bytes + Unknown(Cycles, Untraceable Function Pointers)</H3><H3>
Call chain for Maximum Stack Depth:</H3>
main &rArr; C_Measure &rArr; Filter &rArr; __aeabi_dmul &rArr; _double_epilogue &rArr; _double_round
<P>
<H3>
Mutually Recursive functions
</H3> <LI><a href="#[1]">NMI_Handler</a>&nbsp;&nbsp;&nbsp;&rArr;&nbsp;&nbsp;&nbsp;<a href="#[1]">NMI_Handler</a><BR>
 <LI><a href="#[2]">HardFault_Handler</a>&nbsp;&nbsp;&nbsp;&rArr;&nbsp;&nbsp;&nbsp;<a href="#[2]">HardFault_Handler</a><BR>
 <LI><a href="#[3]">MemManage_Handler</a>&nbsp;&nbsp;&nbsp;&rArr;&nbsp;&nbsp;&nbsp;<a href="#[3]">MemManage_Handler</a><BR>
 <LI><a href="#[4]">BusFault_Handler</a>&nbsp;&nbsp;&nbsp;&rArr;&nbsp;&nbsp;&nbsp;<a href="#[4]">BusFault_Handler</a><BR>
 <LI><a href="#[5]">UsageFault_Handler</a>&nbsp;&nbsp;&nbsp;&rArr;&nbsp;&nbsp;&nbsp;<a href="#[5]">UsageFault_Handler</a><BR>
 <LI><a href="#[6]">SVC_Handler</a>&nbsp;&nbsp;&nbsp;&rArr;&nbsp;&nbsp;&nbsp;<a href="#[6]">SVC_Handler</a><BR>
 <LI><a href="#[7]">DebugMon_Handler</a>&nbsp;&nbsp;&nbsp;&rArr;&nbsp;&nbsp;&nbsp;<a href="#[7]">DebugMon_Handler</a><BR>
 <LI><a href="#[8]">PendSV_Handler</a>&nbsp;&nbsp;&nbsp;&rArr;&nbsp;&nbsp;&nbsp;<a href="#[8]">PendSV_Handler</a><BR>
 <LI><a href="#[18]">ADC0SS0_IRQHandler</a>&nbsp;&nbsp;&nbsp;&rArr;&nbsp;&nbsp;&nbsp;<a href="#[18]">ADC0SS0_IRQHandler</a><BR>
 <LI><a href="#[74]">SysCtlDelay</a>&nbsp;&nbsp;&nbsp;&rArr;&nbsp;&nbsp;&nbsp;<a href="#[74]">SysCtlDelay</a><BR>
</UL>
<P>
<H3>
Function Pointers
</H3><UL>
 <LI><a href="#[18]">ADC0SS0_IRQHandler</a> from startup_msp432e401y_uvision.o(.text) referenced from startup_msp432e401y_uvision.o(RESET)
 <LI><a href="#[19]">ADC0SS1_IRQHandler</a> from startup_msp432e401y_uvision.o(.text) referenced from startup_msp432e401y_uvision.o(RESET)
 <LI><a href="#[1a]">ADC0SS2_IRQHandler</a> from startup_msp432e401y_uvision.o(.text) referenced from startup_msp432e401y_uvision.o(RESET)
 <LI><a href="#[1b]">ADC0SS3_IRQHandler</a> from adc_1.o(i.ADC0SS3_IRQHandler) referenced from startup_msp432e401y_uvision.o(RESET)
 <LI><a href="#[38]">ADC1SS0_IRQHandler</a> from startup_msp432e401y_uvision.o(.text) referenced from startup_msp432e401y_uvision.o(RESET)
 <LI><a href="#[39]">ADC1SS1_IRQHandler</a> from startup_msp432e401y_uvision.o(.text) referenced from startup_msp432e401y_uvision.o(RESET)
 <LI><a href="#[3a]">ADC1SS2_IRQHandler</a> from startup_msp432e401y_uvision.o(.text) referenced from startup_msp432e401y_uvision.o(RESET)
 <LI><a href="#[3b]">ADC1SS3_IRQHandler</a> from adc_1.o(i.ADC1SS3_IRQHandler) referenced from startup_msp432e401y_uvision.o(RESET)
 <LI><a href="#[64]">AES0_IRQHandler</a> from startup_msp432e401y_uvision.o(.text) referenced from startup_msp432e401y_uvision.o(RESET)
 <LI><a href="#[4]">BusFault_Handler</a> from startup_msp432e401y_uvision.o(.text) referenced from startup_msp432e401y_uvision.o(RESET)
 <LI><a href="#[30]">CAN0_IRQHandler</a> from startup_msp432e401y_uvision.o(.text) referenced from startup_msp432e401y_uvision.o(RESET)
 <LI><a href="#[31]">CAN1_IRQHandler</a> from startup_msp432e401y_uvision.o(.text) referenced from startup_msp432e401y_uvision.o(RESET)
 <LI><a href="#[23]">COMP0_IRQHandler</a> from startup_msp432e401y_uvision.o(.text) referenced from startup_msp432e401y_uvision.o(RESET)
 <LI><a href="#[24]">COMP1_IRQHandler</a> from startup_msp432e401y_uvision.o(.text) referenced from startup_msp432e401y_uvision.o(RESET)
 <LI><a href="#[25]">COMP2_IRQHandler</a> from startup_msp432e401y_uvision.o(.text) referenced from startup_msp432e401y_uvision.o(RESET)
 <LI><a href="#[65]">DES0_IRQHandler</a> from startup_msp432e401y_uvision.o(.text) referenced from startup_msp432e401y_uvision.o(RESET)
 <LI><a href="#[7]">DebugMon_Handler</a> from startup_msp432e401y_uvision.o(.text) referenced from startup_msp432e401y_uvision.o(RESET)
 <LI><a href="#[32]">EMAC0_IRQHandler</a> from startup_msp432e401y_uvision.o(.text) referenced from startup_msp432e401y_uvision.o(RESET)
 <LI><a href="#[3c]">EPI0_IRQHandler</a> from startup_msp432e401y_uvision.o(.text) referenced from startup_msp432e401y_uvision.o(RESET)
 <LI><a href="#[27]">FLASH_IRQHandler</a> from startup_msp432e401y_uvision.o(.text) referenced from startup_msp432e401y_uvision.o(RESET)
 <LI><a href="#[a]">GPIOA_IRQHandler</a> from startup_msp432e401y_uvision.o(.text) referenced from startup_msp432e401y_uvision.o(RESET)
 <LI><a href="#[b]">GPIOB_IRQHandler</a> from startup_msp432e401y_uvision.o(.text) referenced from startup_msp432e401y_uvision.o(RESET)
 <LI><a href="#[c]">GPIOC_IRQHandler</a> from startup_msp432e401y_uvision.o(.text) referenced from startup_msp432e401y_uvision.o(RESET)
 <LI><a href="#[d]">GPIOD_IRQHandler</a> from startup_msp432e401y_uvision.o(.text) referenced from startup_msp432e401y_uvision.o(RESET)
 <LI><a href="#[e]">GPIOE_IRQHandler</a> from startup_msp432e401y_uvision.o(.text) referenced from startup_msp432e401y_uvision.o(RESET)
 <LI><a href="#[28]">GPIOF_IRQHandler</a> from startup_msp432e401y_uvision.o(.text) referenced from startup_msp432e401y_uvision.o(RESET)
 <LI><a href="#[29]">GPIOG_IRQHandler</a> from startup_msp432e401y_uvision.o(.text) referenced from startup_msp432e401y_uvision.o(RESET)
 <LI><a href="#[2a]">GPIOH_IRQHandler</a> from startup_msp432e401y_uvision.o(.text) referenced from startup_msp432e401y_uvision.o(RESET)
 <LI><a href="#[3d]">GPIOJ_IRQHandler</a> from startup_msp432e401y_uvision.o(.text) referenced from startup_msp432e401y_uvision.o(RESET)
 <LI><a href="#[3e]">GPIOK_IRQHandler</a> from startup_msp432e401y_uvision.o(.text) referenced from startup_msp432e401y_uvision.o(RESET)
 <LI><a href="#[3f]">GPIOL_IRQHandler</a> from startup_msp432e401y_uvision.o(.text) referenced from startup_msp432e401y_uvision.o(RESET)
 <LI><a href="#[50]">GPIOM_IRQHandler</a> from startup_msp432e401y_uvision.o(.text) referenced from startup_msp432e401y_uvision.o(RESET)
 <LI><a href="#[51]">GPION_IRQHandler</a> from startup_msp432e401y_uvision.o(.text) referenced from startup_msp432e401y_uvision.o(RESET)
 <LI><a href="#[53]">GPIOP0_IRQHandler</a> from startup_msp432e401y_uvision.o(.text) referenced from startup_msp432e401y_uvision.o(RESET)
 <LI><a href="#[54]">GPIOP1_IRQHandler</a> from startup_msp432e401y_uvision.o(.text) referenced from startup_msp432e401y_uvision.o(RESET)
 <LI><a href="#[55]">GPIOP2_IRQHandler</a> from startup_msp432e401y_uvision.o(.text) referenced from startup_msp432e401y_uvision.o(RESET)
 <LI><a href="#[56]">GPIOP3_IRQHandler</a> from startup_msp432e401y_uvision.o(.text) referenced from startup_msp432e401y_uvision.o(RESET)
 <LI><a href="#[57]">GPIOP4_IRQHandler</a> from startup_msp432e401y_uvision.o(.text) referenced from startup_msp432e401y_uvision.o(RESET)
 <LI><a href="#[58]">GPIOP5_IRQHandler</a> from startup_msp432e401y_uvision.o(.text) referenced from startup_msp432e401y_uvision.o(RESET)
 <LI><a href="#[59]">GPIOP6_IRQHandler</a> from startup_msp432e401y_uvision.o(.text) referenced from startup_msp432e401y_uvision.o(RESET)
 <LI><a href="#[5a]">GPIOP7_IRQHandler</a> from startup_msp432e401y_uvision.o(.text) referenced from startup_msp432e401y_uvision.o(RESET)
 <LI><a href="#[5b]">GPIOQ0_IRQHandler</a> from startup_msp432e401y_uvision.o(.text) referenced from startup_msp432e401y_uvision.o(RESET)
 <LI><a href="#[5c]">GPIOQ1_IRQHandler</a> from startup_msp432e401y_uvision.o(.text) referenced from startup_msp432e401y_uvision.o(RESET)
 <LI><a href="#[5d]">GPIOQ2_IRQHandler</a> from startup_msp432e401y_uvision.o(.text) referenced from startup_msp432e401y_uvision.o(RESET)
 <LI><a href="#[5e]">GPIOQ3_IRQHandler</a> from startup_msp432e401y_uvision.o(.text) referenced from startup_msp432e401y_uvision.o(RESET)
 <LI><a href="#[5f]">GPIOQ4_IRQHandler</a> from startup_msp432e401y_uvision.o(.text) referenced from startup_msp432e401y_uvision.o(RESET)
 <LI><a href="#[60]">GPIOQ5_IRQHandler</a> from startup_msp432e401y_uvision.o(.text) referenced from startup_msp432e401y_uvision.o(RESET)
 <LI><a href="#[61]">GPIOQ6_IRQHandler</a> from startup_msp432e401y_uvision.o(.text) referenced from startup_msp432e401y_uvision.o(RESET)
 <LI><a href="#[62]">GPIOQ7_IRQHandler</a> from startup_msp432e401y_uvision.o(.text) referenced from startup_msp432e401y_uvision.o(RESET)
 <LI><a href="#[33]">HIBERNATE_IRQHandler</a> from startup_msp432e401y_uvision.o(.text) referenced from startup_msp432e401y_uvision.o(RESET)
 <LI><a href="#[2]">HardFault_Handler</a> from startup_msp432e401y_uvision.o(.text) referenced from startup_msp432e401y_uvision.o(RESET)
 <LI><a href="#[12]">I2C0_IRQHandler</a> from startup_msp432e401y_uvision.o(.text) referenced from startup_msp432e401y_uvision.o(RESET)
 <LI><a href="#[2f]">I2C1_IRQHandler</a> from startup_msp432e401y_uvision.o(.text) referenced from startup_msp432e401y_uvision.o(RESET)
 <LI><a href="#[47]">I2C2_IRQHandler</a> from startup_msp432e401y_uvision.o(.text) referenced from startup_msp432e401y_uvision.o(RESET)
 <LI><a href="#[48]">I2C3_IRQHandler</a> from startup_msp432e401y_uvision.o(.text) referenced from startup_msp432e401y_uvision.o(RESET)
 <LI><a href="#[4e]">I2C4_IRQHandler</a> from startup_msp432e401y_uvision.o(.text) referenced from startup_msp432e401y_uvision.o(RESET)
 <LI><a href="#[4f]">I2C5_IRQHandler</a> from startup_msp432e401y_uvision.o(.text) referenced from startup_msp432e401y_uvision.o(RESET)
 <LI><a href="#[6a]">I2C6_IRQHandler</a> from startup_msp432e401y_uvision.o(.text) referenced from startup_msp432e401y_uvision.o(RESET)
 <LI><a href="#[6b]">I2C7_IRQHandler</a> from startup_msp432e401y_uvision.o(.text) referenced from startup_msp432e401y_uvision.o(RESET)
 <LI><a href="#[6c]">I2C8_IRQHandler</a> from startup_msp432e401y_uvision.o(.text) referenced from startup_msp432e401y_uvision.o(RESET)
 <LI><a href="#[6d]">I2C9_IRQHandler</a> from startup_msp432e401y_uvision.o(.text) referenced from startup_msp432e401y_uvision.o(RESET)
 <LI><a href="#[3]">MemManage_Handler</a> from startup_msp432e401y_uvision.o(.text) referenced from startup_msp432e401y_uvision.o(RESET)
 <LI><a href="#[1]">NMI_Handler</a> from startup_msp432e401y_uvision.o(.text) referenced from startup_msp432e401y_uvision.o(RESET)
 <LI><a href="#[14]">PWM0_0_IRQHandler</a> from startup_msp432e401y_uvision.o(.text) referenced from startup_msp432e401y_uvision.o(RESET)
 <LI><a href="#[15]">PWM0_1_IRQHandler</a> from startup_msp432e401y_uvision.o(.text) referenced from startup_msp432e401y_uvision.o(RESET)
 <LI><a href="#[16]">PWM0_2_IRQHandler</a> from startup_msp432e401y_uvision.o(.text) referenced from startup_msp432e401y_uvision.o(RESET)
 <LI><a href="#[35]">PWM0_3_IRQHandler</a> from startup_msp432e401y_uvision.o(.text) referenced from startup_msp432e401y_uvision.o(RESET)
 <LI><a href="#[13]">PWM0_FAULT_IRQHandler</a> from startup_msp432e401y_uvision.o(.text) referenced from startup_msp432e401y_uvision.o(RESET)
 <LI><a href="#[8]">PendSV_Handler</a> from startup_msp432e401y_uvision.o(.text) referenced from startup_msp432e401y_uvision.o(RESET)
 <LI><a href="#[17]">QEI0_IRQHandler</a> from startup_msp432e401y_uvision.o(.text) referenced from startup_msp432e401y_uvision.o(RESET)
 <LI><a href="#[0]">Reset_Handler</a> from startup_msp432e401y_uvision.o(.text) referenced from startup_msp432e401y_uvision.o(RESET)
 <LI><a href="#[63]">SHA0_IRQHandler</a> from startup_msp432e401y_uvision.o(.text) referenced from startup_msp432e401y_uvision.o(RESET)
 <LI><a href="#[11]">SSI0_IRQHandler</a> from startup_msp432e401y_uvision.o(.text) referenced from startup_msp432e401y_uvision.o(RESET)
 <LI><a href="#[2c]">SSI1_IRQHandler</a> from startup_msp432e401y_uvision.o(.text) referenced from startup_msp432e401y_uvision.o(RESET)
 <LI><a href="#[40]">SSI2_IRQHandler</a> from startup_msp432e401y_uvision.o(.text) referenced from startup_msp432e401y_uvision.o(RESET)
 <LI><a href="#[41]">SSI3_IRQHandler</a> from startup_msp432e401y_uvision.o(.text) referenced from startup_msp432e401y_uvision.o(RESET)
 <LI><a href="#[6]">SVC_Handler</a> from startup_msp432e401y_uvision.o(.text) referenced from startup_msp432e401y_uvision.o(RESET)
 <LI><a href="#[26]">SYSCTL_IRQHandler</a> from startup_msp432e401y_uvision.o(.text) referenced from startup_msp432e401y_uvision.o(RESET)
 <LI><a href="#[4d]">SYSEXC_IRQHandler</a> from startup_msp432e401y_uvision.o(.text) referenced from startup_msp432e401y_uvision.o(RESET)
 <LI><a href="#[9]">SysTick_Handler</a> from system_init.o(i.SysTick_Handler) referenced from startup_msp432e401y_uvision.o(RESET)
 <LI><a href="#[9]">SysTick_Handler</a> from system_init.o(i.SysTick_Handler) referenced from system_init.o(i.sys_init)
 <LI><a href="#[6f]">SystemInit</a> from system_msp432e401y.o(i.SystemInit) referenced from startup_msp432e401y_uvision.o(.text)
 <LI><a href="#[52]">TAMPER0_IRQHandler</a> from startup_msp432e401y_uvision.o(.text) referenced from startup_msp432e401y_uvision.o(RESET)
 <LI><a href="#[1d]">TIMER0A_IRQHandler</a> from startup_msp432e401y_uvision.o(.text) referenced from startup_msp432e401y_uvision.o(RESET)
 <LI><a href="#[1e]">TIMER0B_IRQHandler</a> from startup_msp432e401y_uvision.o(.text) referenced from startup_msp432e401y_uvision.o(RESET)
 <LI><a href="#[1f]">TIMER1A_IRQHandler</a> from startup_msp432e401y_uvision.o(.text) referenced from startup_msp432e401y_uvision.o(RESET)
 <LI><a href="#[20]">TIMER1B_IRQHandler</a> from startup_msp432e401y_uvision.o(.text) referenced from startup_msp432e401y_uvision.o(RESET)
 <LI><a href="#[21]">TIMER2A_IRQHandler</a> from main.o(i.TIMER2A_IRQHandler) referenced from startup_msp432e401y_uvision.o(RESET)
 <LI><a href="#[22]">TIMER2B_IRQHandler</a> from startup_msp432e401y_uvision.o(.text) referenced from startup_msp432e401y_uvision.o(RESET)
 <LI><a href="#[2d]">TIMER3A_IRQHandler</a> from startup_msp432e401y_uvision.o(.text) referenced from startup_msp432e401y_uvision.o(RESET)
 <LI><a href="#[2e]">TIMER3B_IRQHandler</a> from main.o(i.TIMER3B_IRQHandler) referenced from startup_msp432e401y_uvision.o(RESET)
 <LI><a href="#[49]">TIMER4A_IRQHandler</a> from startup_msp432e401y_uvision.o(.text) referenced from startup_msp432e401y_uvision.o(RESET)
 <LI><a href="#[4a]">TIMER4B_IRQHandler</a> from startup_msp432e401y_uvision.o(.text) referenced from startup_msp432e401y_uvision.o(RESET)
 <LI><a href="#[4b]">TIMER5A_IRQHandler</a> from startup_msp432e401y_uvision.o(.text) referenced from startup_msp432e401y_uvision.o(RESET)
 <LI><a href="#[4c]">TIMER5B_IRQHandler</a> from startup_msp432e401y_uvision.o(.text) referenced from startup_msp432e401y_uvision.o(RESET)
 <LI><a href="#[66]">TIMER6A_IRQHandler</a> from startup_msp432e401y_uvision.o(.text) referenced from startup_msp432e401y_uvision.o(RESET)
 <LI><a href="#[67]">TIMER6B_IRQHandler</a> from startup_msp432e401y_uvision.o(.text) referenced from startup_msp432e401y_uvision.o(RESET)
 <LI><a href="#[68]">TIMER7A_IRQHandler</a> from startup_msp432e401y_uvision.o(.text) referenced from startup_msp432e401y_uvision.o(RESET)
 <LI><a href="#[69]">TIMER7B_IRQHandler</a> from startup_msp432e401y_uvision.o(.text) referenced from startup_msp432e401y_uvision.o(RESET)
 <LI><a href="#[f]">UART0_IRQHandler</a> from uart_1.o(i.UART0_IRQHandler) referenced from startup_msp432e401y_uvision.o(RESET)
 <LI><a href="#[10]">UART1_IRQHandler</a> from startup_msp432e401y_uvision.o(.text) referenced from startup_msp432e401y_uvision.o(RESET)
 <LI><a href="#[2b]">UART2_IRQHandler</a> from main.o(i.UART2_IRQHandler) referenced from startup_msp432e401y_uvision.o(RESET)
 <LI><a href="#[42]">UART3_IRQHandler</a> from startup_msp432e401y_uvision.o(.text) referenced from startup_msp432e401y_uvision.o(RESET)
 <LI><a href="#[43]">UART4_IRQHandler</a> from startup_msp432e401y_uvision.o(.text) referenced from startup_msp432e401y_uvision.o(RESET)
 <LI><a href="#[44]">UART5_IRQHandler</a> from startup_msp432e401y_uvision.o(.text) referenced from startup_msp432e401y_uvision.o(RESET)
 <LI><a href="#[45]">UART6_IRQHandler</a> from startup_msp432e401y_uvision.o(.text) referenced from startup_msp432e401y_uvision.o(RESET)
 <LI><a href="#[46]">UART7_IRQHandler</a> from startup_msp432e401y_uvision.o(.text) referenced from startup_msp432e401y_uvision.o(RESET)
 <LI><a href="#[37]">UDMAERR_IRQHandler</a> from startup_msp432e401y_uvision.o(.text) referenced from startup_msp432e401y_uvision.o(RESET)
 <LI><a href="#[36]">UDMA_IRQHandler</a> from startup_msp432e401y_uvision.o(.text) referenced from startup_msp432e401y_uvision.o(RESET)
 <LI><a href="#[34]">USB0_IRQHandler</a> from startup_msp432e401y_uvision.o(.text) referenced from startup_msp432e401y_uvision.o(RESET)
 <LI><a href="#[5]">UsageFault_Handler</a> from startup_msp432e401y_uvision.o(.text) referenced from startup_msp432e401y_uvision.o(RESET)
 <LI><a href="#[1c]">WATCHDOG_IRQHandler</a> from startup_msp432e401y_uvision.o(.text) referenced from startup_msp432e401y_uvision.o(RESET)
 <LI><a href="#[70]">__main</a> from entry.o(.ARM.Collect$$$$00000000) referenced from startup_msp432e401y_uvision.o(.text)
 <LI><a href="#[71]">_sputc</a> from printf6.o(i._sputc) referenced from printf6.o(i.__0sprintf$6)
 <LI><a href="#[6e]">main</a> from main.o(i.main) referenced from entry9a.o(.ARM.Collect$$$$0000000B)
</UL>
<P>
<H3>
Global Symbols
</H3>
<P><STRONG><a name="[70]"></a>__main</STRONG> (Thumb, 0 bytes, Stack size unknown bytes, entry.o(.ARM.Collect$$$$00000000))
<BR>[Address Reference Count : 1]<UL><LI> startup_msp432e401y_uvision.o(.text)
</UL>
<P><STRONG><a name="[c6]"></a>_main_stk</STRONG> (Thumb, 0 bytes, Stack size unknown bytes, entry2.o(.ARM.Collect$$$$00000001))

<P><STRONG><a name="[72]"></a>_main_scatterload</STRONG> (Thumb, 0 bytes, Stack size unknown bytes, entry5.o(.ARM.Collect$$$$00000004))
<BR><BR>[Calls]<UL><LI><a href="#[73]">&gt;&gt;</a>&nbsp;&nbsp;&nbsp;__scatterload
</UL>

<P><STRONG><a name="[83]"></a>__main_after_scatterload</STRONG> (Thumb, 0 bytes, Stack size unknown bytes, entry5.o(.ARM.Collect$$$$00000004))
<BR><BR>[Called By]<UL><LI><a href="#[73]">&gt;&gt;</a>&nbsp;&nbsp;&nbsp;__scatterload
</UL>

<P><STRONG><a name="[c7]"></a>_main_clock</STRONG> (Thumb, 0 bytes, Stack size unknown bytes, entry7b.o(.ARM.Collect$$$$00000008))

<P><STRONG><a name="[c8]"></a>_main_cpp_init</STRONG> (Thumb, 0 bytes, Stack size unknown bytes, entry8b.o(.ARM.Collect$$$$0000000A))

<P><STRONG><a name="[c9]"></a>_main_init</STRONG> (Thumb, 0 bytes, Stack size unknown bytes, entry9a.o(.ARM.Collect$$$$0000000B))

<P><STRONG><a name="[ca]"></a>__rt_final_cpp</STRONG> (Thumb, 0 bytes, Stack size unknown bytes, entry10a.o(.ARM.Collect$$$$0000000D))

<P><STRONG><a name="[cb]"></a>__rt_final_exit</STRONG> (Thumb, 0 bytes, Stack size unknown bytes, entry11a.o(.ARM.Collect$$$$0000000F))

<P><STRONG><a name="[74]"></a>SysCtlDelay</STRONG> (Thumb, 6 bytes, Stack size 0 bytes, sysctl.o(.emb_text))
<BR><BR>[Calls]<UL><LI><a href="#[74]">&gt;&gt;</a>&nbsp;&nbsp;&nbsp;SysCtlDelay
</UL>
<BR>[Called By]<UL><LI><a href="#[74]">&gt;&gt;</a>&nbsp;&nbsp;&nbsp;SysCtlDelay
<LI><a href="#[f]">&gt;&gt;</a>&nbsp;&nbsp;&nbsp;UART0_IRQHandler
<LI><a href="#[9d]">&gt;&gt;</a>&nbsp;&nbsp;&nbsp;delay_ms
</UL>

<P><STRONG><a name="[0]"></a>Reset_Handler</STRONG> (Thumb, 8 bytes, Stack size 0 bytes, startup_msp432e401y_uvision.o(.text))
<BR>[Address Reference Count : 1]<UL><LI> startup_msp432e401y_uvision.o(RESET)
</UL>
<P><STRONG><a name="[1]"></a>NMI_Handler</STRONG> (Thumb, 2 bytes, Stack size 0 bytes, startup_msp432e401y_uvision.o(.text))
<BR><BR>[Calls]<UL><LI><a href="#[1]">&gt;&gt;</a>&nbsp;&nbsp;&nbsp;NMI_Handler
</UL>
<BR>[Called By]<UL><LI><a href="#[1]">&gt;&gt;</a>&nbsp;&nbsp;&nbsp;NMI_Handler
</UL>
<BR>[Address Reference Count : 1]<UL><LI> startup_msp432e401y_uvision.o(RESET)
</UL>
<P><STRONG><a name="[2]"></a>HardFault_Handler</STRONG> (Thumb, 2 bytes, Stack size 0 bytes, startup_msp432e401y_uvision.o(.text))
<BR><BR>[Calls]<UL><LI><a href="#[2]">&gt;&gt;</a>&nbsp;&nbsp;&nbsp;HardFault_Handler
</UL>
<BR>[Called By]<UL><LI><a href="#[2]">&gt;&gt;</a>&nbsp;&nbsp;&nbsp;HardFault_Handler
</UL>
<BR>[Address Reference Count : 1]<UL><LI> startup_msp432e401y_uvision.o(RESET)
</UL>
<P><STRONG><a name="[3]"></a>MemManage_Handler</STRONG> (Thumb, 2 bytes, Stack size 0 bytes, startup_msp432e401y_uvision.o(.text))
<BR><BR>[Calls]<UL><LI><a href="#[3]">&gt;&gt;</a>&nbsp;&nbsp;&nbsp;MemManage_Handler
</UL>
<BR>[Called By]<UL><LI><a href="#[3]">&gt;&gt;</a>&nbsp;&nbsp;&nbsp;MemManage_Handler
</UL>
<BR>[Address Reference Count : 1]<UL><LI> startup_msp432e401y_uvision.o(RESET)
</UL>
<P><STRONG><a name="[4]"></a>BusFault_Handler</STRONG> (Thumb, 2 bytes, Stack size 0 bytes, startup_msp432e401y_uvision.o(.text))
<BR><BR>[Calls]<UL><LI><a href="#[4]">&gt;&gt;</a>&nbsp;&nbsp;&nbsp;BusFault_Handler
</UL>
<BR>[Called By]<UL><LI><a href="#[4]">&gt;&gt;</a>&nbsp;&nbsp;&nbsp;BusFault_Handler
</UL>
<BR>[Address Reference Count : 1]<UL><LI> startup_msp432e401y_uvision.o(RESET)
</UL>
<P><STRONG><a name="[5]"></a>UsageFault_Handler</STRONG> (Thumb, 2 bytes, Stack size 0 bytes, startup_msp432e401y_uvision.o(.text))
<BR><BR>[Calls]<UL><LI><a href="#[5]">&gt;&gt;</a>&nbsp;&nbsp;&nbsp;UsageFault_Handler
</UL>
<BR>[Called By]<UL><LI><a href="#[5]">&gt;&gt;</a>&nbsp;&nbsp;&nbsp;UsageFault_Handler
</UL>
<BR>[Address Reference Count : 1]<UL><LI> startup_msp432e401y_uvision.o(RESET)
</UL>
<P><STRONG><a name="[6]"></a>SVC_Handler</STRONG> (Thumb, 2 bytes, Stack size 0 bytes, startup_msp432e401y_uvision.o(.text))
<BR><BR>[Calls]<UL><LI><a href="#[6]">&gt;&gt;</a>&nbsp;&nbsp;&nbsp;SVC_Handler
</UL>
<BR>[Called By]<UL><LI><a href="#[6]">&gt;&gt;</a>&nbsp;&nbsp;&nbsp;SVC_Handler
</UL>
<BR>[Address Reference Count : 1]<UL><LI> startup_msp432e401y_uvision.o(RESET)
</UL>
<P><STRONG><a name="[7]"></a>DebugMon_Handler</STRONG> (Thumb, 2 bytes, Stack size 0 bytes, startup_msp432e401y_uvision.o(.text))
<BR><BR>[Calls]<UL><LI><a href="#[7]">&gt;&gt;</a>&nbsp;&nbsp;&nbsp;DebugMon_Handler
</UL>
<BR>[Called By]<UL><LI><a href="#[7]">&gt;&gt;</a>&nbsp;&nbsp;&nbsp;DebugMon_Handler
</UL>
<BR>[Address Reference Count : 1]<UL><LI> startup_msp432e401y_uvision.o(RESET)
</UL>
<P><STRONG><a name="[8]"></a>PendSV_Handler</STRONG> (Thumb, 2 bytes, Stack size 0 bytes, startup_msp432e401y_uvision.o(.text))
<BR><BR>[Calls]<UL><LI><a href="#[8]">&gt;&gt;</a>&nbsp;&nbsp;&nbsp;PendSV_Handler
</UL>
<BR>[Called By]<UL><LI><a href="#[8]">&gt;&gt;</a>&nbsp;&nbsp;&nbsp;PendSV_Handler
</UL>
<BR>[Address Reference Count : 1]<UL><LI> startup_msp432e401y_uvision.o(RESET)
</UL>
<P><STRONG><a name="[18]"></a>ADC0SS0_IRQHandler</STRONG> (Thumb, 0 bytes, Stack size 0 bytes, startup_msp432e401y_uvision.o(.text))
<BR><BR>[Calls]<UL><LI><a href="#[18]">&gt;&gt;</a>&nbsp;&nbsp;&nbsp;ADC0SS0_IRQHandler
</UL>
<BR>[Called By]<UL><LI><a href="#[18]">&gt;&gt;</a>&nbsp;&nbsp;&nbsp;ADC0SS0_IRQHandler
</UL>
<BR>[Address Reference Count : 1]<UL><LI> startup_msp432e401y_uvision.o(RESET)
</UL>
<P><STRONG><a name="[19]"></a>ADC0SS1_IRQHandler</STRONG> (Thumb, 0 bytes, Stack size 0 bytes, startup_msp432e401y_uvision.o(.text))
<BR>[Address Reference Count : 1]<UL><LI> startup_msp432e401y_uvision.o(RESET)
</UL>
<P><STRONG><a name="[1a]"></a>ADC0SS2_IRQHandler</STRONG> (Thumb, 0 bytes, Stack size 0 bytes, startup_msp432e401y_uvision.o(.text))
<BR>[Address Reference Count : 1]<UL><LI> startup_msp432e401y_uvision.o(RESET)
</UL>
<P><STRONG><a name="[38]"></a>ADC1SS0_IRQHandler</STRONG> (Thumb, 0 bytes, Stack size 0 bytes, startup_msp432e401y_uvision.o(.text))
<BR>[Address Reference Count : 1]<UL><LI> startup_msp432e401y_uvision.o(RESET)
</UL>
<P><STRONG><a name="[39]"></a>ADC1SS1_IRQHandler</STRONG> (Thumb, 0 bytes, Stack size 0 bytes, startup_msp432e401y_uvision.o(.text))
<BR>[Address Reference Count : 1]<UL><LI> startup_msp432e401y_uvision.o(RESET)
</UL>
<P><STRONG><a name="[3a]"></a>ADC1SS2_IRQHandler</STRONG> (Thumb, 0 bytes, Stack size 0 bytes, startup_msp432e401y_uvision.o(.text))
<BR>[Address Reference Count : 1]<UL><LI> startup_msp432e401y_uvision.o(RESET)
</UL>
<P><STRONG><a name="[64]"></a>AES0_IRQHandler</STRONG> (Thumb, 0 bytes, Stack size 0 bytes, startup_msp432e401y_uvision.o(.text))
<BR>[Address Reference Count : 1]<UL><LI> startup_msp432e401y_uvision.o(RESET)
</UL>
<P><STRONG><a name="[30]"></a>CAN0_IRQHandler</STRONG> (Thumb, 0 bytes, Stack size 0 bytes, startup_msp432e401y_uvision.o(.text))
<BR>[Address Reference Count : 1]<UL><LI> startup_msp432e401y_uvision.o(RESET)
</UL>
<P><STRONG><a name="[31]"></a>CAN1_IRQHandler</STRONG> (Thumb, 0 bytes, Stack size 0 bytes, startup_msp432e401y_uvision.o(.text))
<BR>[Address Reference Count : 1]<UL><LI> startup_msp432e401y_uvision.o(RESET)
</UL>
<P><STRONG><a name="[23]"></a>COMP0_IRQHandler</STRONG> (Thumb, 0 bytes, Stack size 0 bytes, startup_msp432e401y_uvision.o(.text))
<BR>[Address Reference Count : 1]<UL><LI> startup_msp432e401y_uvision.o(RESET)
</UL>
<P><STRONG><a name="[24]"></a>COMP1_IRQHandler</STRONG> (Thumb, 0 bytes, Stack size 0 bytes, startup_msp432e401y_uvision.o(.text))
<BR>[Address Reference Count : 1]<UL><LI> startup_msp432e401y_uvision.o(RESET)
</UL>
<P><STRONG><a name="[25]"></a>COMP2_IRQHandler</STRONG> (Thumb, 0 bytes, Stack size 0 bytes, startup_msp432e401y_uvision.o(.text))
<BR>[Address Reference Count : 1]<UL><LI> startup_msp432e401y_uvision.o(RESET)
</UL>
<P><STRONG><a name="[65]"></a>DES0_IRQHandler</STRONG> (Thumb, 0 bytes, Stack size 0 bytes, startup_msp432e401y_uvision.o(.text))
<BR>[Address Reference Count : 1]<UL><LI> startup_msp432e401y_uvision.o(RESET)
</UL>
<P><STRONG><a name="[32]"></a>EMAC0_IRQHandler</STRONG> (Thumb, 0 bytes, Stack size 0 bytes, startup_msp432e401y_uvision.o(.text))
<BR>[Address Reference Count : 1]<UL><LI> startup_msp432e401y_uvision.o(RESET)
</UL>
<P><STRONG><a name="[3c]"></a>EPI0_IRQHandler</STRONG> (Thumb, 0 bytes, Stack size 0 bytes, startup_msp432e401y_uvision.o(.text))
<BR>[Address Reference Count : 1]<UL><LI> startup_msp432e401y_uvision.o(RESET)
</UL>
<P><STRONG><a name="[27]"></a>FLASH_IRQHandler</STRONG> (Thumb, 0 bytes, Stack size 0 bytes, startup_msp432e401y_uvision.o(.text))
<BR>[Address Reference Count : 1]<UL><LI> startup_msp432e401y_uvision.o(RESET)
</UL>
<P><STRONG><a name="[a]"></a>GPIOA_IRQHandler</STRONG> (Thumb, 0 bytes, Stack size 0 bytes, startup_msp432e401y_uvision.o(.text))
<BR>[Address Reference Count : 1]<UL><LI> startup_msp432e401y_uvision.o(RESET)
</UL>
<P><STRONG><a name="[b]"></a>GPIOB_IRQHandler</STRONG> (Thumb, 0 bytes, Stack size 0 bytes, startup_msp432e401y_uvision.o(.text))
<BR>[Address Reference Count : 1]<UL><LI> startup_msp432e401y_uvision.o(RESET)
</UL>
<P><STRONG><a name="[c]"></a>GPIOC_IRQHandler</STRONG> (Thumb, 0 bytes, Stack size 0 bytes, startup_msp432e401y_uvision.o(.text))
<BR>[Address Reference Count : 1]<UL><LI> startup_msp432e401y_uvision.o(RESET)
</UL>
<P><STRONG><a name="[d]"></a>GPIOD_IRQHandler</STRONG> (Thumb, 0 bytes, Stack size 0 bytes, startup_msp432e401y_uvision.o(.text))
<BR>[Address Reference Count : 1]<UL><LI> startup_msp432e401y_uvision.o(RESET)
</UL>
<P><STRONG><a name="[e]"></a>GPIOE_IRQHandler</STRONG> (Thumb, 0 bytes, Stack size 0 bytes, startup_msp432e401y_uvision.o(.text))
<BR>[Address Reference Count : 1]<UL><LI> startup_msp432e401y_uvision.o(RESET)
</UL>
<P><STRONG><a name="[28]"></a>GPIOF_IRQHandler</STRONG> (Thumb, 0 bytes, Stack size 0 bytes, startup_msp432e401y_uvision.o(.text))
<BR>[Address Reference Count : 1]<UL><LI> startup_msp432e401y_uvision.o(RESET)
</UL>
<P><STRONG><a name="[29]"></a>GPIOG_IRQHandler</STRONG> (Thumb, 0 bytes, Stack size 0 bytes, startup_msp432e401y_uvision.o(.text))
<BR>[Address Reference Count : 1]<UL><LI> startup_msp432e401y_uvision.o(RESET)
</UL>
<P><STRONG><a name="[2a]"></a>GPIOH_IRQHandler</STRONG> (Thumb, 0 bytes, Stack size 0 bytes, startup_msp432e401y_uvision.o(.text))
<BR>[Address Reference Count : 1]<UL><LI> startup_msp432e401y_uvision.o(RESET)
</UL>
<P><STRONG><a name="[3d]"></a>GPIOJ_IRQHandler</STRONG> (Thumb, 0 bytes, Stack size 0 bytes, startup_msp432e401y_uvision.o(.text))
<BR>[Address Reference Count : 1]<UL><LI> startup_msp432e401y_uvision.o(RESET)
</UL>
<P><STRONG><a name="[3e]"></a>GPIOK_IRQHandler</STRONG> (Thumb, 0 bytes, Stack size 0 bytes, startup_msp432e401y_uvision.o(.text))
<BR>[Address Reference Count : 1]<UL><LI> startup_msp432e401y_uvision.o(RESET)
</UL>
<P><STRONG><a name="[3f]"></a>GPIOL_IRQHandler</STRONG> (Thumb, 0 bytes, Stack size 0 bytes, startup_msp432e401y_uvision.o(.text))
<BR>[Address Reference Count : 1]<UL><LI> startup_msp432e401y_uvision.o(RESET)
</UL>
<P><STRONG><a name="[50]"></a>GPIOM_IRQHandler</STRONG> (Thumb, 0 bytes, Stack size 0 bytes, startup_msp432e401y_uvision.o(.text))
<BR>[Address Reference Count : 1]<UL><LI> startup_msp432e401y_uvision.o(RESET)
</UL>
<P><STRONG><a name="[51]"></a>GPION_IRQHandler</STRONG> (Thumb, 0 bytes, Stack size 0 bytes, startup_msp432e401y_uvision.o(.text))
<BR>[Address Reference Count : 1]<UL><LI> startup_msp432e401y_uvision.o(RESET)
</UL>
<P><STRONG><a name="[53]"></a>GPIOP0_IRQHandler</STRONG> (Thumb, 0 bytes, Stack size 0 bytes, startup_msp432e401y_uvision.o(.text))
<BR>[Address Reference Count : 1]<UL><LI> startup_msp432e401y_uvision.o(RESET)
</UL>
<P><STRONG><a name="[54]"></a>GPIOP1_IRQHandler</STRONG> (Thumb, 0 bytes, Stack size 0 bytes, startup_msp432e401y_uvision.o(.text))
<BR>[Address Reference Count : 1]<UL><LI> startup_msp432e401y_uvision.o(RESET)
</UL>
<P><STRONG><a name="[55]"></a>GPIOP2_IRQHandler</STRONG> (Thumb, 0 bytes, Stack size 0 bytes, startup_msp432e401y_uvision.o(.text))
<BR>[Address Reference Count : 1]<UL><LI> startup_msp432e401y_uvision.o(RESET)
</UL>
<P><STRONG><a name="[56]"></a>GPIOP3_IRQHandler</STRONG> (Thumb, 0 bytes, Stack size 0 bytes, startup_msp432e401y_uvision.o(.text))
<BR>[Address Reference Count : 1]<UL><LI> startup_msp432e401y_uvision.o(RESET)
</UL>
<P><STRONG><a name="[57]"></a>GPIOP4_IRQHandler</STRONG> (Thumb, 0 bytes, Stack size 0 bytes, startup_msp432e401y_uvision.o(.text))
<BR>[Address Reference Count : 1]<UL><LI> startup_msp432e401y_uvision.o(RESET)
</UL>
<P><STRONG><a name="[58]"></a>GPIOP5_IRQHandler</STRONG> (Thumb, 0 bytes, Stack size 0 bytes, startup_msp432e401y_uvision.o(.text))
<BR>[Address Reference Count : 1]<UL><LI> startup_msp432e401y_uvision.o(RESET)
</UL>
<P><STRONG><a name="[59]"></a>GPIOP6_IRQHandler</STRONG> (Thumb, 0 bytes, Stack size 0 bytes, startup_msp432e401y_uvision.o(.text))
<BR>[Address Reference Count : 1]<UL><LI> startup_msp432e401y_uvision.o(RESET)
</UL>
<P><STRONG><a name="[5a]"></a>GPIOP7_IRQHandler</STRONG> (Thumb, 0 bytes, Stack size 0 bytes, startup_msp432e401y_uvision.o(.text))
<BR>[Address Reference Count : 1]<UL><LI> startup_msp432e401y_uvision.o(RESET)
</UL>
<P><STRONG><a name="[5b]"></a>GPIOQ0_IRQHandler</STRONG> (Thumb, 0 bytes, Stack size 0 bytes, startup_msp432e401y_uvision.o(.text))
<BR>[Address Reference Count : 1]<UL><LI> startup_msp432e401y_uvision.o(RESET)
</UL>
<P><STRONG><a name="[5c]"></a>GPIOQ1_IRQHandler</STRONG> (Thumb, 0 bytes, Stack size 0 bytes, startup_msp432e401y_uvision.o(.text))
<BR>[Address Reference Count : 1]<UL><LI> startup_msp432e401y_uvision.o(RESET)
</UL>
<P><STRONG><a name="[5d]"></a>GPIOQ2_IRQHandler</STRONG> (Thumb, 0 bytes, Stack size 0 bytes, startup_msp432e401y_uvision.o(.text))
<BR>[Address Reference Count : 1]<UL><LI> startup_msp432e401y_uvision.o(RESET)
</UL>
<P><STRONG><a name="[5e]"></a>GPIOQ3_IRQHandler</STRONG> (Thumb, 0 bytes, Stack size 0 bytes, startup_msp432e401y_uvision.o(.text))
<BR>[Address Reference Count : 1]<UL><LI> startup_msp432e401y_uvision.o(RESET)
</UL>
<P><STRONG><a name="[5f]"></a>GPIOQ4_IRQHandler</STRONG> (Thumb, 0 bytes, Stack size 0 bytes, startup_msp432e401y_uvision.o(.text))
<BR>[Address Reference Count : 1]<UL><LI> startup_msp432e401y_uvision.o(RESET)
</UL>
<P><STRONG><a name="[60]"></a>GPIOQ5_IRQHandler</STRONG> (Thumb, 0 bytes, Stack size 0 bytes, startup_msp432e401y_uvision.o(.text))
<BR>[Address Reference Count : 1]<UL><LI> startup_msp432e401y_uvision.o(RESET)
</UL>
<P><STRONG><a name="[61]"></a>GPIOQ6_IRQHandler</STRONG> (Thumb, 0 bytes, Stack size 0 bytes, startup_msp432e401y_uvision.o(.text))
<BR>[Address Reference Count : 1]<UL><LI> startup_msp432e401y_uvision.o(RESET)
</UL>
<P><STRONG><a name="[62]"></a>GPIOQ7_IRQHandler</STRONG> (Thumb, 0 bytes, Stack size 0 bytes, startup_msp432e401y_uvision.o(.text))
<BR>[Address Reference Count : 1]<UL><LI> startup_msp432e401y_uvision.o(RESET)
</UL>
<P><STRONG><a name="[33]"></a>HIBERNATE_IRQHandler</STRONG> (Thumb, 0 bytes, Stack size 0 bytes, startup_msp432e401y_uvision.o(.text))
<BR>[Address Reference Count : 1]<UL><LI> startup_msp432e401y_uvision.o(RESET)
</UL>
<P><STRONG><a name="[12]"></a>I2C0_IRQHandler</STRONG> (Thumb, 0 bytes, Stack size 0 bytes, startup_msp432e401y_uvision.o(.text))
<BR>[Address Reference Count : 1]<UL><LI> startup_msp432e401y_uvision.o(RESET)
</UL>
<P><STRONG><a name="[2f]"></a>I2C1_IRQHandler</STRONG> (Thumb, 0 bytes, Stack size 0 bytes, startup_msp432e401y_uvision.o(.text))
<BR>[Address Reference Count : 1]<UL><LI> startup_msp432e401y_uvision.o(RESET)
</UL>
<P><STRONG><a name="[47]"></a>I2C2_IRQHandler</STRONG> (Thumb, 0 bytes, Stack size 0 bytes, startup_msp432e401y_uvision.o(.text))
<BR>[Address Reference Count : 1]<UL><LI> startup_msp432e401y_uvision.o(RESET)
</UL>
<P><STRONG><a name="[48]"></a>I2C3_IRQHandler</STRONG> (Thumb, 0 bytes, Stack size 0 bytes, startup_msp432e401y_uvision.o(.text))
<BR>[Address Reference Count : 1]<UL><LI> startup_msp432e401y_uvision.o(RESET)
</UL>
<P><STRONG><a name="[4e]"></a>I2C4_IRQHandler</STRONG> (Thumb, 0 bytes, Stack size 0 bytes, startup_msp432e401y_uvision.o(.text))
<BR>[Address Reference Count : 1]<UL><LI> startup_msp432e401y_uvision.o(RESET)
</UL>
<P><STRONG><a name="[4f]"></a>I2C5_IRQHandler</STRONG> (Thumb, 0 bytes, Stack size 0 bytes, startup_msp432e401y_uvision.o(.text))
<BR>[Address Reference Count : 1]<UL><LI> startup_msp432e401y_uvision.o(RESET)
</UL>
<P><STRONG><a name="[6a]"></a>I2C6_IRQHandler</STRONG> (Thumb, 0 bytes, Stack size 0 bytes, startup_msp432e401y_uvision.o(.text))
<BR>[Address Reference Count : 1]<UL><LI> startup_msp432e401y_uvision.o(RESET)
</UL>
<P><STRONG><a name="[6b]"></a>I2C7_IRQHandler</STRONG> (Thumb, 0 bytes, Stack size 0 bytes, startup_msp432e401y_uvision.o(.text))
<BR>[Address Reference Count : 1]<UL><LI> startup_msp432e401y_uvision.o(RESET)
</UL>
<P><STRONG><a name="[6c]"></a>I2C8_IRQHandler</STRONG> (Thumb, 0 bytes, Stack size 0 bytes, startup_msp432e401y_uvision.o(.text))
<BR>[Address Reference Count : 1]<UL><LI> startup_msp432e401y_uvision.o(RESET)
</UL>
<P><STRONG><a name="[6d]"></a>I2C9_IRQHandler</STRONG> (Thumb, 0 bytes, Stack size 0 bytes, startup_msp432e401y_uvision.o(.text))
<BR>[Address Reference Count : 1]<UL><LI> startup_msp432e401y_uvision.o(RESET)
</UL>
<P><STRONG><a name="[14]"></a>PWM0_0_IRQHandler</STRONG> (Thumb, 0 bytes, Stack size 0 bytes, startup_msp432e401y_uvision.o(.text))
<BR>[Address Reference Count : 1]<UL><LI> startup_msp432e401y_uvision.o(RESET)
</UL>
<P><STRONG><a name="[15]"></a>PWM0_1_IRQHandler</STRONG> (Thumb, 0 bytes, Stack size 0 bytes, startup_msp432e401y_uvision.o(.text))
<BR>[Address Reference Count : 1]<UL><LI> startup_msp432e401y_uvision.o(RESET)
</UL>
<P><STRONG><a name="[16]"></a>PWM0_2_IRQHandler</STRONG> (Thumb, 0 bytes, Stack size 0 bytes, startup_msp432e401y_uvision.o(.text))
<BR>[Address Reference Count : 1]<UL><LI> startup_msp432e401y_uvision.o(RESET)
</UL>
<P><STRONG><a name="[35]"></a>PWM0_3_IRQHandler</STRONG> (Thumb, 0 bytes, Stack size 0 bytes, startup_msp432e401y_uvision.o(.text))
<BR>[Address Reference Count : 1]<UL><LI> startup_msp432e401y_uvision.o(RESET)
</UL>
<P><STRONG><a name="[13]"></a>PWM0_FAULT_IRQHandler</STRONG> (Thumb, 0 bytes, Stack size 0 bytes, startup_msp432e401y_uvision.o(.text))
<BR>[Address Reference Count : 1]<UL><LI> startup_msp432e401y_uvision.o(RESET)
</UL>
<P><STRONG><a name="[17]"></a>QEI0_IRQHandler</STRONG> (Thumb, 0 bytes, Stack size 0 bytes, startup_msp432e401y_uvision.o(.text))
<BR>[Address Reference Count : 1]<UL><LI> startup_msp432e401y_uvision.o(RESET)
</UL>
<P><STRONG><a name="[63]"></a>SHA0_IRQHandler</STRONG> (Thumb, 0 bytes, Stack size 0 bytes, startup_msp432e401y_uvision.o(.text))
<BR>[Address Reference Count : 1]<UL><LI> startup_msp432e401y_uvision.o(RESET)
</UL>
<P><STRONG><a name="[11]"></a>SSI0_IRQHandler</STRONG> (Thumb, 0 bytes, Stack size 0 bytes, startup_msp432e401y_uvision.o(.text))
<BR>[Address Reference Count : 1]<UL><LI> startup_msp432e401y_uvision.o(RESET)
</UL>
<P><STRONG><a name="[2c]"></a>SSI1_IRQHandler</STRONG> (Thumb, 0 bytes, Stack size 0 bytes, startup_msp432e401y_uvision.o(.text))
<BR>[Address Reference Count : 1]<UL><LI> startup_msp432e401y_uvision.o(RESET)
</UL>
<P><STRONG><a name="[40]"></a>SSI2_IRQHandler</STRONG> (Thumb, 0 bytes, Stack size 0 bytes, startup_msp432e401y_uvision.o(.text))
<BR>[Address Reference Count : 1]<UL><LI> startup_msp432e401y_uvision.o(RESET)
</UL>
<P><STRONG><a name="[41]"></a>SSI3_IRQHandler</STRONG> (Thumb, 0 bytes, Stack size 0 bytes, startup_msp432e401y_uvision.o(.text))
<BR>[Address Reference Count : 1]<UL><LI> startup_msp432e401y_uvision.o(RESET)
</UL>
<P><STRONG><a name="[26]"></a>SYSCTL_IRQHandler</STRONG> (Thumb, 0 bytes, Stack size 0 bytes, startup_msp432e401y_uvision.o(.text))
<BR>[Address Reference Count : 1]<UL><LI> startup_msp432e401y_uvision.o(RESET)
</UL>
<P><STRONG><a name="[4d]"></a>SYSEXC_IRQHandler</STRONG> (Thumb, 0 bytes, Stack size 0 bytes, startup_msp432e401y_uvision.o(.text))
<BR>[Address Reference Count : 1]<UL><LI> startup_msp432e401y_uvision.o(RESET)
</UL>
<P><STRONG><a name="[52]"></a>TAMPER0_IRQHandler</STRONG> (Thumb, 0 bytes, Stack size 0 bytes, startup_msp432e401y_uvision.o(.text))
<BR>[Address Reference Count : 1]<UL><LI> startup_msp432e401y_uvision.o(RESET)
</UL>
<P><STRONG><a name="[1d]"></a>TIMER0A_IRQHandler</STRONG> (Thumb, 0 bytes, Stack size 0 bytes, startup_msp432e401y_uvision.o(.text))
<BR>[Address Reference Count : 1]<UL><LI> startup_msp432e401y_uvision.o(RESET)
</UL>
<P><STRONG><a name="[1e]"></a>TIMER0B_IRQHandler</STRONG> (Thumb, 0 bytes, Stack size 0 bytes, startup_msp432e401y_uvision.o(.text))
<BR>[Address Reference Count : 1]<UL><LI> startup_msp432e401y_uvision.o(RESET)
</UL>
<P><STRONG><a name="[1f]"></a>TIMER1A_IRQHandler</STRONG> (Thumb, 0 bytes, Stack size 0 bytes, startup_msp432e401y_uvision.o(.text))
<BR>[Address Reference Count : 1]<UL><LI> startup_msp432e401y_uvision.o(RESET)
</UL>
<P><STRONG><a name="[20]"></a>TIMER1B_IRQHandler</STRONG> (Thumb, 0 bytes, Stack size 0 bytes, startup_msp432e401y_uvision.o(.text))
<BR>[Address Reference Count : 1]<UL><LI> startup_msp432e401y_uvision.o(RESET)
</UL>
<P><STRONG><a name="[22]"></a>TIMER2B_IRQHandler</STRONG> (Thumb, 0 bytes, Stack size 0 bytes, startup_msp432e401y_uvision.o(.text))
<BR>[Address Reference Count : 1]<UL><LI> startup_msp432e401y_uvision.o(RESET)
</UL>
<P><STRONG><a name="[2d]"></a>TIMER3A_IRQHandler</STRONG> (Thumb, 0 bytes, Stack size 0 bytes, startup_msp432e401y_uvision.o(.text))
<BR>[Address Reference Count : 1]<UL><LI> startup_msp432e401y_uvision.o(RESET)
</UL>
<P><STRONG><a name="[49]"></a>TIMER4A_IRQHandler</STRONG> (Thumb, 0 bytes, Stack size 0 bytes, startup_msp432e401y_uvision.o(.text))
<BR>[Address Reference Count : 1]<UL><LI> startup_msp432e401y_uvision.o(RESET)
</UL>
<P><STRONG><a name="[4a]"></a>TIMER4B_IRQHandler</STRONG> (Thumb, 0 bytes, Stack size 0 bytes, startup_msp432e401y_uvision.o(.text))
<BR>[Address Reference Count : 1]<UL><LI> startup_msp432e401y_uvision.o(RESET)
</UL>
<P><STRONG><a name="[4b]"></a>TIMER5A_IRQHandler</STRONG> (Thumb, 0 bytes, Stack size 0 bytes, startup_msp432e401y_uvision.o(.text))
<BR>[Address Reference Count : 1]<UL><LI> startup_msp432e401y_uvision.o(RESET)
</UL>
<P><STRONG><a name="[4c]"></a>TIMER5B_IRQHandler</STRONG> (Thumb, 0 bytes, Stack size 0 bytes, startup_msp432e401y_uvision.o(.text))
<BR>[Address Reference Count : 1]<UL><LI> startup_msp432e401y_uvision.o(RESET)
</UL>
<P><STRONG><a name="[66]"></a>TIMER6A_IRQHandler</STRONG> (Thumb, 0 bytes, Stack size 0 bytes, startup_msp432e401y_uvision.o(.text))
<BR>[Address Reference Count : 1]<UL><LI> startup_msp432e401y_uvision.o(RESET)
</UL>
<P><STRONG><a name="[67]"></a>TIMER6B_IRQHandler</STRONG> (Thumb, 0 bytes, Stack size 0 bytes, startup_msp432e401y_uvision.o(.text))
<BR>[Address Reference Count : 1]<UL><LI> startup_msp432e401y_uvision.o(RESET)
</UL>
<P><STRONG><a name="[68]"></a>TIMER7A_IRQHandler</STRONG> (Thumb, 0 bytes, Stack size 0 bytes, startup_msp432e401y_uvision.o(.text))
<BR>[Address Reference Count : 1]<UL><LI> startup_msp432e401y_uvision.o(RESET)
</UL>
<P><STRONG><a name="[69]"></a>TIMER7B_IRQHandler</STRONG> (Thumb, 0 bytes, Stack size 0 bytes, startup_msp432e401y_uvision.o(.text))
<BR>[Address Reference Count : 1]<UL><LI> startup_msp432e401y_uvision.o(RESET)
</UL>
<P><STRONG><a name="[10]"></a>UART1_IRQHandler</STRONG> (Thumb, 0 bytes, Stack size 0 bytes, startup_msp432e401y_uvision.o(.text))
<BR>[Address Reference Count : 1]<UL><LI> startup_msp432e401y_uvision.o(RESET)
</UL>
<P><STRONG><a name="[42]"></a>UART3_IRQHandler</STRONG> (Thumb, 0 bytes, Stack size 0 bytes, startup_msp432e401y_uvision.o(.text))
<BR>[Address Reference Count : 1]<UL><LI> startup_msp432e401y_uvision.o(RESET)
</UL>
<P><STRONG><a name="[43]"></a>UART4_IRQHandler</STRONG> (Thumb, 0 bytes, Stack size 0 bytes, startup_msp432e401y_uvision.o(.text))
<BR>[Address Reference Count : 1]<UL><LI> startup_msp432e401y_uvision.o(RESET)
</UL>
<P><STRONG><a name="[44]"></a>UART5_IRQHandler</STRONG> (Thumb, 0 bytes, Stack size 0 bytes, startup_msp432e401y_uvision.o(.text))
<BR>[Address Reference Count : 1]<UL><LI> startup_msp432e401y_uvision.o(RESET)
</UL>
<P><STRONG><a name="[45]"></a>UART6_IRQHandler</STRONG> (Thumb, 0 bytes, Stack size 0 bytes, startup_msp432e401y_uvision.o(.text))
<BR>[Address Reference Count : 1]<UL><LI> startup_msp432e401y_uvision.o(RESET)
</UL>
<P><STRONG><a name="[46]"></a>UART7_IRQHandler</STRONG> (Thumb, 0 bytes, Stack size 0 bytes, startup_msp432e401y_uvision.o(.text))
<BR>[Address Reference Count : 1]<UL><LI> startup_msp432e401y_uvision.o(RESET)
</UL>
<P><STRONG><a name="[37]"></a>UDMAERR_IRQHandler</STRONG> (Thumb, 0 bytes, Stack size 0 bytes, startup_msp432e401y_uvision.o(.text))
<BR>[Address Reference Count : 1]<UL><LI> startup_msp432e401y_uvision.o(RESET)
</UL>
<P><STRONG><a name="[36]"></a>UDMA_IRQHandler</STRONG> (Thumb, 0 bytes, Stack size 0 bytes, startup_msp432e401y_uvision.o(.text))
<BR>[Address Reference Count : 1]<UL><LI> startup_msp432e401y_uvision.o(RESET)
</UL>
<P><STRONG><a name="[34]"></a>USB0_IRQHandler</STRONG> (Thumb, 0 bytes, Stack size 0 bytes, startup_msp432e401y_uvision.o(.text))
<BR>[Address Reference Count : 1]<UL><LI> startup_msp432e401y_uvision.o(RESET)
</UL>
<P><STRONG><a name="[1c]"></a>WATCHDOG_IRQHandler</STRONG> (Thumb, 0 bytes, Stack size 0 bytes, startup_msp432e401y_uvision.o(.text))
<BR>[Address Reference Count : 1]<UL><LI> startup_msp432e401y_uvision.o(RESET)
</UL>
<P><STRONG><a name="[75]"></a>__aeabi_dadd</STRONG> (Thumb, 322 bytes, Stack size 48 bytes, dadd.o(.text))
<BR><BR>[Stack]<UL><LI>Max Depth = 88<LI>Call Chain = __aeabi_dadd &rArr; _double_epilogue &rArr; _double_round
</UL>
<BR>[Calls]<UL><LI><a href="#[77]">&gt;&gt;</a>&nbsp;&nbsp;&nbsp;__aeabi_lasr
<LI><a href="#[76]">&gt;&gt;</a>&nbsp;&nbsp;&nbsp;__aeabi_llsl
<LI><a href="#[79]">&gt;&gt;</a>&nbsp;&nbsp;&nbsp;_double_round
<LI><a href="#[78]">&gt;&gt;</a>&nbsp;&nbsp;&nbsp;_double_epilogue
</UL>
<BR>[Called By]<UL><LI><a href="#[7a]">&gt;&gt;</a>&nbsp;&nbsp;&nbsp;__aeabi_dsub
<LI><a href="#[7b]">&gt;&gt;</a>&nbsp;&nbsp;&nbsp;__aeabi_drsub
<LI><a href="#[6e]">&gt;&gt;</a>&nbsp;&nbsp;&nbsp;main
<LI><a href="#[a3]">&gt;&gt;</a>&nbsp;&nbsp;&nbsp;Filter1
<LI><a href="#[98]">&gt;&gt;</a>&nbsp;&nbsp;&nbsp;Filter
<LI><a href="#[96]">&gt;&gt;</a>&nbsp;&nbsp;&nbsp;C_Measure
</UL>

<P><STRONG><a name="[7a]"></a>__aeabi_dsub</STRONG> (Thumb, 6 bytes, Stack size 0 bytes, dadd.o(.text))
<BR><BR>[Stack]<UL><LI>Max Depth = 88<LI>Call Chain = __aeabi_dsub &rArr; __aeabi_dadd &rArr; _double_epilogue &rArr; _double_round
</UL>
<BR>[Calls]<UL><LI><a href="#[75]">&gt;&gt;</a>&nbsp;&nbsp;&nbsp;__aeabi_dadd
</UL>
<BR>[Called By]<UL><LI><a href="#[6e]">&gt;&gt;</a>&nbsp;&nbsp;&nbsp;main
<LI><a href="#[96]">&gt;&gt;</a>&nbsp;&nbsp;&nbsp;C_Measure
</UL>

<P><STRONG><a name="[7b]"></a>__aeabi_drsub</STRONG> (Thumb, 6 bytes, Stack size 0 bytes, dadd.o(.text))
<BR><BR>[Stack]<UL><LI>Max Depth = 88<LI>Call Chain = __aeabi_drsub &rArr; __aeabi_dadd &rArr; _double_epilogue &rArr; _double_round
</UL>
<BR>[Calls]<UL><LI><a href="#[75]">&gt;&gt;</a>&nbsp;&nbsp;&nbsp;__aeabi_dadd
</UL>
<BR>[Called By]<UL><LI><a href="#[96]">&gt;&gt;</a>&nbsp;&nbsp;&nbsp;C_Measure
</UL>

<P><STRONG><a name="[7c]"></a>__aeabi_dmul</STRONG> (Thumb, 228 bytes, Stack size 48 bytes, dmul.o(.text))
<BR><BR>[Stack]<UL><LI>Max Depth = 88<LI>Call Chain = __aeabi_dmul &rArr; _double_epilogue &rArr; _double_round
</UL>
<BR>[Calls]<UL><LI><a href="#[78]">&gt;&gt;</a>&nbsp;&nbsp;&nbsp;_double_epilogue
</UL>
<BR>[Called By]<UL><LI><a href="#[6e]">&gt;&gt;</a>&nbsp;&nbsp;&nbsp;main
<LI><a href="#[a3]">&gt;&gt;</a>&nbsp;&nbsp;&nbsp;Filter1
<LI><a href="#[98]">&gt;&gt;</a>&nbsp;&nbsp;&nbsp;Filter
<LI><a href="#[96]">&gt;&gt;</a>&nbsp;&nbsp;&nbsp;C_Measure
<LI><a href="#[8f]">&gt;&gt;</a>&nbsp;&nbsp;&nbsp;Write_CFTW0
</UL>

<P><STRONG><a name="[7d]"></a>__aeabi_ddiv</STRONG> (Thumb, 222 bytes, Stack size 32 bytes, ddiv.o(.text))
<BR><BR>[Stack]<UL><LI>Max Depth = 40<LI>Call Chain = __aeabi_ddiv &rArr; _double_round
</UL>
<BR>[Calls]<UL><LI><a href="#[79]">&gt;&gt;</a>&nbsp;&nbsp;&nbsp;_double_round
</UL>
<BR>[Called By]<UL><LI><a href="#[6e]">&gt;&gt;</a>&nbsp;&nbsp;&nbsp;main
<LI><a href="#[a3]">&gt;&gt;</a>&nbsp;&nbsp;&nbsp;Filter1
<LI><a href="#[98]">&gt;&gt;</a>&nbsp;&nbsp;&nbsp;Filter
<LI><a href="#[96]">&gt;&gt;</a>&nbsp;&nbsp;&nbsp;C_Measure
</UL>

<P><STRONG><a name="[7e]"></a>__aeabi_ui2d</STRONG> (Thumb, 26 bytes, Stack size 16 bytes, dfltui.o(.text))
<BR><BR>[Stack]<UL><LI>Max Depth = 56<LI>Call Chain = __aeabi_ui2d &rArr; _double_epilogue &rArr; _double_round
</UL>
<BR>[Calls]<UL><LI><a href="#[78]">&gt;&gt;</a>&nbsp;&nbsp;&nbsp;_double_epilogue
</UL>
<BR>[Called By]<UL><LI><a href="#[a3]">&gt;&gt;</a>&nbsp;&nbsp;&nbsp;Filter1
<LI><a href="#[98]">&gt;&gt;</a>&nbsp;&nbsp;&nbsp;Filter
<LI><a href="#[8f]">&gt;&gt;</a>&nbsp;&nbsp;&nbsp;Write_CFTW0
</UL>

<P><STRONG><a name="[7f]"></a>__aeabi_d2uiz</STRONG> (Thumb, 50 bytes, Stack size 8 bytes, dfixui.o(.text))
<BR><BR>[Stack]<UL><LI>Max Depth = 8<LI>Call Chain = __aeabi_d2uiz
</UL>
<BR>[Calls]<UL><LI><a href="#[80]">&gt;&gt;</a>&nbsp;&nbsp;&nbsp;__aeabi_llsr
</UL>
<BR>[Called By]<UL><LI><a href="#[6e]">&gt;&gt;</a>&nbsp;&nbsp;&nbsp;main
<LI><a href="#[96]">&gt;&gt;</a>&nbsp;&nbsp;&nbsp;C_Measure
<LI><a href="#[8f]">&gt;&gt;</a>&nbsp;&nbsp;&nbsp;Write_CFTW0
</UL>

<P><STRONG><a name="[9f]"></a>__aeabi_f2d</STRONG> (Thumb, 38 bytes, Stack size 0 bytes, f2d.o(.text))
<BR><BR>[Called By]<UL><LI><a href="#[6e]">&gt;&gt;</a>&nbsp;&nbsp;&nbsp;main
<LI><a href="#[96]">&gt;&gt;</a>&nbsp;&nbsp;&nbsp;C_Measure
</UL>

<P><STRONG><a name="[cc]"></a>__aeabi_cdcmpeq</STRONG> (Thumb, 0 bytes, Stack size 0 bytes, cdcmple.o(.text), UNUSED)

<P><STRONG><a name="[9a]"></a>__aeabi_cdcmple</STRONG> (Thumb, 48 bytes, Stack size 0 bytes, cdcmple.o(.text))
<BR><BR>[Called By]<UL><LI><a href="#[96]">&gt;&gt;</a>&nbsp;&nbsp;&nbsp;C_Measure
</UL>

<P><STRONG><a name="[99]"></a>__aeabi_cdrcmple</STRONG> (Thumb, 48 bytes, Stack size 0 bytes, cdrcmple.o(.text))
<BR><BR>[Called By]<UL><LI><a href="#[96]">&gt;&gt;</a>&nbsp;&nbsp;&nbsp;C_Measure
</UL>

<P><STRONG><a name="[81]"></a>__aeabi_d2f</STRONG> (Thumb, 56 bytes, Stack size 8 bytes, d2f.o(.text))
<BR><BR>[Stack]<UL><LI>Max Depth = 8<LI>Call Chain = __aeabi_d2f
</UL>
<BR>[Calls]<UL><LI><a href="#[82]">&gt;&gt;</a>&nbsp;&nbsp;&nbsp;_float_round
</UL>
<BR>[Called By]<UL><LI><a href="#[6e]">&gt;&gt;</a>&nbsp;&nbsp;&nbsp;main
<LI><a href="#[96]">&gt;&gt;</a>&nbsp;&nbsp;&nbsp;C_Measure
</UL>

<P><STRONG><a name="[cd]"></a>__aeabi_uidiv</STRONG> (Thumb, 0 bytes, Stack size 12 bytes, uidiv.o(.text), UNUSED)

<P><STRONG><a name="[b6]"></a>__aeabi_uidivmod</STRONG> (Thumb, 44 bytes, Stack size 12 bytes, uidiv.o(.text), UNUSED)
<BR><BR>[Called By]<UL><LI><a href="#[ae]">&gt;&gt;</a>&nbsp;&nbsp;&nbsp;_printf_core
</UL>

<P><STRONG><a name="[76]"></a>__aeabi_llsl</STRONG> (Thumb, 30 bytes, Stack size 0 bytes, llshl.o(.text))
<BR><BR>[Called By]<UL><LI><a href="#[75]">&gt;&gt;</a>&nbsp;&nbsp;&nbsp;__aeabi_dadd
<LI><a href="#[78]">&gt;&gt;</a>&nbsp;&nbsp;&nbsp;_double_epilogue
</UL>

<P><STRONG><a name="[ce]"></a>_ll_shift_l</STRONG> (Thumb, 0 bytes, Stack size 0 bytes, llshl.o(.text), UNUSED)

<P><STRONG><a name="[80]"></a>__aeabi_llsr</STRONG> (Thumb, 32 bytes, Stack size 0 bytes, llushr.o(.text))
<BR><BR>[Called By]<UL><LI><a href="#[7f]">&gt;&gt;</a>&nbsp;&nbsp;&nbsp;__aeabi_d2uiz
<LI><a href="#[78]">&gt;&gt;</a>&nbsp;&nbsp;&nbsp;_double_epilogue
</UL>

<P><STRONG><a name="[cf]"></a>_ll_ushift_r</STRONG> (Thumb, 0 bytes, Stack size 0 bytes, llushr.o(.text), UNUSED)

<P><STRONG><a name="[77]"></a>__aeabi_lasr</STRONG> (Thumb, 36 bytes, Stack size 0 bytes, llsshr.o(.text))
<BR><BR>[Called By]<UL><LI><a href="#[75]">&gt;&gt;</a>&nbsp;&nbsp;&nbsp;__aeabi_dadd
</UL>

<P><STRONG><a name="[d0]"></a>_ll_sshift_r</STRONG> (Thumb, 0 bytes, Stack size 0 bytes, llsshr.o(.text), UNUSED)

<P><STRONG><a name="[d1]"></a>__I$use$fp</STRONG> (Thumb, 0 bytes, Stack size 0 bytes, iusefp.o(.text), UNUSED)

<P><STRONG><a name="[82]"></a>_float_round</STRONG> (Thumb, 18 bytes, Stack size 0 bytes, fepilogue.o(.text))
<BR><BR>[Called By]<UL><LI><a href="#[81]">&gt;&gt;</a>&nbsp;&nbsp;&nbsp;__aeabi_d2f
</UL>

<P><STRONG><a name="[d2]"></a>_float_epilogue</STRONG> (Thumb, 92 bytes, Stack size 4 bytes, fepilogue.o(.text), UNUSED)

<P><STRONG><a name="[79]"></a>_double_round</STRONG> (Thumb, 30 bytes, Stack size 8 bytes, depilogue.o(.text))
<BR><BR>[Stack]<UL><LI>Max Depth = 8<LI>Call Chain = _double_round
</UL>
<BR>[Called By]<UL><LI><a href="#[7d]">&gt;&gt;</a>&nbsp;&nbsp;&nbsp;__aeabi_ddiv
<LI><a href="#[75]">&gt;&gt;</a>&nbsp;&nbsp;&nbsp;__aeabi_dadd
<LI><a href="#[78]">&gt;&gt;</a>&nbsp;&nbsp;&nbsp;_double_epilogue
</UL>

<P><STRONG><a name="[78]"></a>_double_epilogue</STRONG> (Thumb, 156 bytes, Stack size 32 bytes, depilogue.o(.text))
<BR><BR>[Stack]<UL><LI>Max Depth = 40<LI>Call Chain = _double_epilogue &rArr; _double_round
</UL>
<BR>[Calls]<UL><LI><a href="#[80]">&gt;&gt;</a>&nbsp;&nbsp;&nbsp;__aeabi_llsr
<LI><a href="#[76]">&gt;&gt;</a>&nbsp;&nbsp;&nbsp;__aeabi_llsl
<LI><a href="#[79]">&gt;&gt;</a>&nbsp;&nbsp;&nbsp;_double_round
</UL>
<BR>[Called By]<UL><LI><a href="#[7e]">&gt;&gt;</a>&nbsp;&nbsp;&nbsp;__aeabi_ui2d
<LI><a href="#[7c]">&gt;&gt;</a>&nbsp;&nbsp;&nbsp;__aeabi_dmul
<LI><a href="#[75]">&gt;&gt;</a>&nbsp;&nbsp;&nbsp;__aeabi_dadd
</UL>

<P><STRONG><a name="[73]"></a>__scatterload</STRONG> (Thumb, 28 bytes, Stack size 0 bytes, init.o(.text))
<BR><BR>[Calls]<UL><LI><a href="#[83]">&gt;&gt;</a>&nbsp;&nbsp;&nbsp;__main_after_scatterload
</UL>
<BR>[Called By]<UL><LI><a href="#[72]">&gt;&gt;</a>&nbsp;&nbsp;&nbsp;_main_scatterload
</UL>

<P><STRONG><a name="[d3]"></a>__scatterload_rt2</STRONG> (Thumb, 0 bytes, Stack size 0 bytes, init.o(.text), UNUSED)

<P><STRONG><a name="[d4]"></a>__decompress</STRONG> (Thumb, 0 bytes, Stack size unknown bytes, __dczerorl.o(.text), UNUSED)

<P><STRONG><a name="[d5]"></a>__decompress0</STRONG> (Thumb, 58 bytes, Stack size unknown bytes, __dczerorl.o(.text), UNUSED)

<P><STRONG><a name="[84]"></a>AD9959_IOInit</STRONG> (Thumb, 276 bytes, Stack size 16 bytes, ad9959.o(i.AD9959_IOInit))
<BR><BR>[Stack]<UL><LI>Max Depth = 56<LI>Call Chain = AD9959_IOInit &rArr; GPIOPinTypeGPIOOutput &rArr; GPIOPadConfigSet
</UL>
<BR>[Calls]<UL><LI><a href="#[86]">&gt;&gt;</a>&nbsp;&nbsp;&nbsp;SysCtlPeripheralReady
<LI><a href="#[87]">&gt;&gt;</a>&nbsp;&nbsp;&nbsp;GPIOPinTypeGPIOOutput
<LI><a href="#[85]">&gt;&gt;</a>&nbsp;&nbsp;&nbsp;SysCtlPeripheralEnable
</UL>
<BR>[Called By]<UL><LI><a href="#[88]">&gt;&gt;</a>&nbsp;&nbsp;&nbsp;AD9959_Init
</UL>

<P><STRONG><a name="[88]"></a>AD9959_Init</STRONG> (Thumb, 40 bytes, Stack size 8 bytes, ad9959.o(i.AD9959_Init))
<BR><BR>[Stack]<UL><LI>Max Depth = 64<LI>Call Chain = AD9959_Init &rArr; AD9959_IOInit &rArr; GPIOPinTypeGPIOOutput &rArr; GPIOPadConfigSet
</UL>
<BR>[Calls]<UL><LI><a href="#[89]">&gt;&gt;</a>&nbsp;&nbsp;&nbsp;Intserve
<LI><a href="#[8a]">&gt;&gt;</a>&nbsp;&nbsp;&nbsp;IntReset
<LI><a href="#[8b]">&gt;&gt;</a>&nbsp;&nbsp;&nbsp;AD9959_WriteData
<LI><a href="#[84]">&gt;&gt;</a>&nbsp;&nbsp;&nbsp;AD9959_IOInit
</UL>
<BR>[Called By]<UL><LI><a href="#[a1]">&gt;&gt;</a>&nbsp;&nbsp;&nbsp;DDS_Init
</UL>

<P><STRONG><a name="[8c]"></a>AD9959_Set_Amp</STRONG> (Thumb, 30 bytes, Stack size 16 bytes, ad9959.o(i.AD9959_Set_Amp))
<BR><BR>[Stack]<UL><LI>Max Depth = 56<LI>Call Chain = AD9959_Set_Amp &rArr; Write_ACR &rArr; AD9959_WriteData
</UL>
<BR>[Calls]<UL><LI><a href="#[8d]">&gt;&gt;</a>&nbsp;&nbsp;&nbsp;Write_ACR
<LI><a href="#[8b]">&gt;&gt;</a>&nbsp;&nbsp;&nbsp;AD9959_WriteData
</UL>
<BR>[Called By]<UL><LI><a href="#[a1]">&gt;&gt;</a>&nbsp;&nbsp;&nbsp;DDS_Init
</UL>

<P><STRONG><a name="[8e]"></a>AD9959_Set_Fre</STRONG> (Thumb, 30 bytes, Stack size 16 bytes, ad9959.o(i.AD9959_Set_Fre))
<BR><BR>[Stack]<UL><LI>Max Depth = 112<LI>Call Chain = AD9959_Set_Fre &rArr; Write_CFTW0 &rArr; __aeabi_dmul &rArr; _double_epilogue &rArr; _double_round
</UL>
<BR>[Calls]<UL><LI><a href="#[8f]">&gt;&gt;</a>&nbsp;&nbsp;&nbsp;Write_CFTW0
<LI><a href="#[8b]">&gt;&gt;</a>&nbsp;&nbsp;&nbsp;AD9959_WriteData
</UL>
<BR>[Called By]<UL><LI><a href="#[a1]">&gt;&gt;</a>&nbsp;&nbsp;&nbsp;DDS_Init
</UL>

<P><STRONG><a name="[90]"></a>AD9959_Set_Phase</STRONG> (Thumb, 30 bytes, Stack size 16 bytes, ad9959.o(i.AD9959_Set_Phase))
<BR><BR>[Stack]<UL><LI>Max Depth = 56<LI>Call Chain = AD9959_Set_Phase &rArr; Write_CPOW0 &rArr; AD9959_WriteData
</UL>
<BR>[Calls]<UL><LI><a href="#[91]">&gt;&gt;</a>&nbsp;&nbsp;&nbsp;Write_CPOW0
<LI><a href="#[8b]">&gt;&gt;</a>&nbsp;&nbsp;&nbsp;AD9959_WriteData
</UL>
<BR>[Called By]<UL><LI><a href="#[a1]">&gt;&gt;</a>&nbsp;&nbsp;&nbsp;DDS_Init
</UL>

<P><STRONG><a name="[8b]"></a>AD9959_WriteData</STRONG> (Thumb, 190 bytes, Stack size 32 bytes, ad9959.o(i.AD9959_WriteData))
<BR><BR>[Stack]<UL><LI>Max Depth = 32<LI>Call Chain = AD9959_WriteData
</UL>
<BR>[Calls]<UL><LI><a href="#[92]">&gt;&gt;</a>&nbsp;&nbsp;&nbsp;GPIOPinWrite
</UL>
<BR>[Called By]<UL><LI><a href="#[90]">&gt;&gt;</a>&nbsp;&nbsp;&nbsp;AD9959_Set_Phase
<LI><a href="#[8e]">&gt;&gt;</a>&nbsp;&nbsp;&nbsp;AD9959_Set_Fre
<LI><a href="#[8c]">&gt;&gt;</a>&nbsp;&nbsp;&nbsp;AD9959_Set_Amp
<LI><a href="#[88]">&gt;&gt;</a>&nbsp;&nbsp;&nbsp;AD9959_Init
<LI><a href="#[91]">&gt;&gt;</a>&nbsp;&nbsp;&nbsp;Write_CPOW0
<LI><a href="#[8f]">&gt;&gt;</a>&nbsp;&nbsp;&nbsp;Write_CFTW0
<LI><a href="#[8d]">&gt;&gt;</a>&nbsp;&nbsp;&nbsp;Write_ACR
</UL>

<P><STRONG><a name="[1b]"></a>ADC0SS3_IRQHandler</STRONG> (Thumb, 66 bytes, Stack size 16 bytes, adc_1.o(i.ADC0SS3_IRQHandler))
<BR><BR>[Stack]<UL><LI>Max Depth = 16<LI>Call Chain = ADC0SS3_IRQHandler
</UL>
<BR>[Calls]<UL><LI><a href="#[93]">&gt;&gt;</a>&nbsp;&nbsp;&nbsp;ADCIntClearEx
</UL>
<BR>[Address Reference Count : 1]<UL><LI> startup_msp432e401y_uvision.o(RESET)
</UL>
<P><STRONG><a name="[3b]"></a>ADC1SS3_IRQHandler</STRONG> (Thumb, 66 bytes, Stack size 24 bytes, adc_1.o(i.ADC1SS3_IRQHandler))
<BR><BR>[Stack]<UL><LI>Max Depth = 24<LI>Call Chain = ADC1SS3_IRQHandler
</UL>
<BR>[Calls]<UL><LI><a href="#[93]">&gt;&gt;</a>&nbsp;&nbsp;&nbsp;ADCIntClearEx
</UL>
<BR>[Address Reference Count : 1]<UL><LI> startup_msp432e401y_uvision.o(RESET)
</UL>
<P><STRONG><a name="[93]"></a>ADCIntClearEx</STRONG> (Thumb, 4 bytes, Stack size 0 bytes, adc.o(i.ADCIntClearEx))
<BR><BR>[Called By]<UL><LI><a href="#[b8]">&gt;&gt;</a>&nbsp;&nbsp;&nbsp;adc_init
<LI><a href="#[3b]">&gt;&gt;</a>&nbsp;&nbsp;&nbsp;ADC1SS3_IRQHandler
<LI><a href="#[1b]">&gt;&gt;</a>&nbsp;&nbsp;&nbsp;ADC0SS3_IRQHandler
</UL>

<P><STRONG><a name="[b9]"></a>ADCSequenceStepConfigure</STRONG> (Thumb, 112 bytes, Stack size 12 bytes, adc.o(i.ADCSequenceStepConfigure))
<BR><BR>[Stack]<UL><LI>Max Depth = 12<LI>Call Chain = ADCSequenceStepConfigure
</UL>
<BR>[Called By]<UL><LI><a href="#[b8]">&gt;&gt;</a>&nbsp;&nbsp;&nbsp;adc_init
</UL>

<P><STRONG><a name="[97]"></a>ADC_All_Init</STRONG> (Thumb, 40 bytes, Stack size 8 bytes, main.o(i.ADC_All_Init))
<BR><BR>[Stack]<UL><LI>Max Depth = 8<LI>Call Chain = ADC_All_Init
</UL>
<BR>[Called By]<UL><LI><a href="#[6e]">&gt;&gt;</a>&nbsp;&nbsp;&nbsp;main
<LI><a href="#[96]">&gt;&gt;</a>&nbsp;&nbsp;&nbsp;C_Measure
</UL>

<P><STRONG><a name="[94]"></a>CD4051_Init</STRONG> (Thumb, 50 bytes, Stack size 8 bytes, cd4051.o(i.CD4051_Init))
<BR><BR>[Stack]<UL><LI>Max Depth = 48<LI>Call Chain = CD4051_Init &rArr; GPIOPinTypeGPIOOutput &rArr; GPIOPadConfigSet
</UL>
<BR>[Calls]<UL><LI><a href="#[86]">&gt;&gt;</a>&nbsp;&nbsp;&nbsp;SysCtlPeripheralReady
<LI><a href="#[87]">&gt;&gt;</a>&nbsp;&nbsp;&nbsp;GPIOPinTypeGPIOOutput
<LI><a href="#[85]">&gt;&gt;</a>&nbsp;&nbsp;&nbsp;SysCtlPeripheralEnable
</UL>
<BR>[Called By]<UL><LI><a href="#[6e]">&gt;&gt;</a>&nbsp;&nbsp;&nbsp;main
</UL>

<P><STRONG><a name="[95]"></a>CD4051_Select_Channel</STRONG> (Thumb, 142 bytes, Stack size 8 bytes, cd4051.o(i.CD4051_Select_Channel))
<BR><BR>[Stack]<UL><LI>Max Depth = 8<LI>Call Chain = CD4051_Select_Channel
</UL>
<BR>[Calls]<UL><LI><a href="#[92]">&gt;&gt;</a>&nbsp;&nbsp;&nbsp;GPIOPinWrite
</UL>
<BR>[Called By]<UL><LI><a href="#[6e]">&gt;&gt;</a>&nbsp;&nbsp;&nbsp;main
</UL>

<P><STRONG><a name="[96]"></a>C_Measure</STRONG> (Thumb, 926 bytes, Stack size 72 bytes, main.o(i.C_Measure))
<BR><BR>[Stack]<UL><LI>Max Depth = 208<LI>Call Chain = C_Measure &rArr; Filter &rArr; __aeabi_dmul &rArr; _double_epilogue &rArr; _double_round
</UL>
<BR>[Calls]<UL><LI><a href="#[9d]">&gt;&gt;</a>&nbsp;&nbsp;&nbsp;delay_ms
<LI><a href="#[9f]">&gt;&gt;</a>&nbsp;&nbsp;&nbsp;__aeabi_f2d
<LI><a href="#[7a]">&gt;&gt;</a>&nbsp;&nbsp;&nbsp;__aeabi_dsub
<LI><a href="#[7b]">&gt;&gt;</a>&nbsp;&nbsp;&nbsp;__aeabi_drsub
<LI><a href="#[7c]">&gt;&gt;</a>&nbsp;&nbsp;&nbsp;__aeabi_dmul
<LI><a href="#[7d]">&gt;&gt;</a>&nbsp;&nbsp;&nbsp;__aeabi_ddiv
<LI><a href="#[75]">&gt;&gt;</a>&nbsp;&nbsp;&nbsp;__aeabi_dadd
<LI><a href="#[7f]">&gt;&gt;</a>&nbsp;&nbsp;&nbsp;__aeabi_d2uiz
<LI><a href="#[81]">&gt;&gt;</a>&nbsp;&nbsp;&nbsp;__aeabi_d2f
<LI><a href="#[99]">&gt;&gt;</a>&nbsp;&nbsp;&nbsp;__aeabi_cdrcmple
<LI><a href="#[9a]">&gt;&gt;</a>&nbsp;&nbsp;&nbsp;__aeabi_cdcmple
<LI><a href="#[9c]">&gt;&gt;</a>&nbsp;&nbsp;&nbsp;UARTSend
<LI><a href="#[98]">&gt;&gt;</a>&nbsp;&nbsp;&nbsp;Filter
<LI><a href="#[97]">&gt;&gt;</a>&nbsp;&nbsp;&nbsp;ADC_All_Init
<LI><a href="#[9b]">&gt;&gt;</a>&nbsp;&nbsp;&nbsp;__2sprintf
<LI><a href="#[a0]">&gt;&gt;</a>&nbsp;&nbsp;&nbsp;__hardfp_tanf
<LI><a href="#[9e]">&gt;&gt;</a>&nbsp;&nbsp;&nbsp;__hardfp_sqrtf
</UL>
<BR>[Called By]<UL><LI><a href="#[6e]">&gt;&gt;</a>&nbsp;&nbsp;&nbsp;main
</UL>

<P><STRONG><a name="[a1]"></a>DDS_Init</STRONG> (Thumb, 70 bytes, Stack size 8 bytes, main.o(i.DDS_Init))
<BR><BR>[Stack]<UL><LI>Max Depth = 120<LI>Call Chain = DDS_Init &rArr; AD9959_Set_Fre &rArr; Write_CFTW0 &rArr; __aeabi_dmul &rArr; _double_epilogue &rArr; _double_round
</UL>
<BR>[Calls]<UL><LI><a href="#[a2]">&gt;&gt;</a>&nbsp;&nbsp;&nbsp;IO_Update
<LI><a href="#[90]">&gt;&gt;</a>&nbsp;&nbsp;&nbsp;AD9959_Set_Phase
<LI><a href="#[8e]">&gt;&gt;</a>&nbsp;&nbsp;&nbsp;AD9959_Set_Fre
<LI><a href="#[8c]">&gt;&gt;</a>&nbsp;&nbsp;&nbsp;AD9959_Set_Amp
<LI><a href="#[88]">&gt;&gt;</a>&nbsp;&nbsp;&nbsp;AD9959_Init
</UL>
<BR>[Called By]<UL><LI><a href="#[6e]">&gt;&gt;</a>&nbsp;&nbsp;&nbsp;main
</UL>

<P><STRONG><a name="[98]"></a>Filter</STRONG> (Thumb, 106 bytes, Stack size 48 bytes, main.o(i.Filter))
<BR><BR>[Stack]<UL><LI>Max Depth = 136<LI>Call Chain = Filter &rArr; __aeabi_dmul &rArr; _double_epilogue &rArr; _double_round
</UL>
<BR>[Calls]<UL><LI><a href="#[9d]">&gt;&gt;</a>&nbsp;&nbsp;&nbsp;delay_ms
<LI><a href="#[7e]">&gt;&gt;</a>&nbsp;&nbsp;&nbsp;__aeabi_ui2d
<LI><a href="#[7c]">&gt;&gt;</a>&nbsp;&nbsp;&nbsp;__aeabi_dmul
<LI><a href="#[7d]">&gt;&gt;</a>&nbsp;&nbsp;&nbsp;__aeabi_ddiv
<LI><a href="#[75]">&gt;&gt;</a>&nbsp;&nbsp;&nbsp;__aeabi_dadd
</UL>
<BR>[Called By]<UL><LI><a href="#[96]">&gt;&gt;</a>&nbsp;&nbsp;&nbsp;C_Measure
</UL>

<P><STRONG><a name="[a3]"></a>Filter1</STRONG> (Thumb, 94 bytes, Stack size 40 bytes, main.o(i.Filter1))
<BR><BR>[Stack]<UL><LI>Max Depth = 128<LI>Call Chain = Filter1 &rArr; __aeabi_dmul &rArr; _double_epilogue &rArr; _double_round
</UL>
<BR>[Calls]<UL><LI><a href="#[9d]">&gt;&gt;</a>&nbsp;&nbsp;&nbsp;delay_ms
<LI><a href="#[7e]">&gt;&gt;</a>&nbsp;&nbsp;&nbsp;__aeabi_ui2d
<LI><a href="#[7c]">&gt;&gt;</a>&nbsp;&nbsp;&nbsp;__aeabi_dmul
<LI><a href="#[7d]">&gt;&gt;</a>&nbsp;&nbsp;&nbsp;__aeabi_ddiv
<LI><a href="#[75]">&gt;&gt;</a>&nbsp;&nbsp;&nbsp;__aeabi_dadd
</UL>
<BR>[Called By]<UL><LI><a href="#[6e]">&gt;&gt;</a>&nbsp;&nbsp;&nbsp;main
</UL>

<P><STRONG><a name="[a5]"></a>GPIODirModeSet</STRONG> (Thumb, 38 bytes, Stack size 0 bytes, gpio.o(i.GPIODirModeSet))
<BR><BR>[Called By]<UL><LI><a href="#[87]">&gt;&gt;</a>&nbsp;&nbsp;&nbsp;GPIOPinTypeGPIOOutput
</UL>

<P><STRONG><a name="[a4]"></a>GPIOPadConfigSet</STRONG> (Thumb, 284 bytes, Stack size 28 bytes, gpio.o(i.GPIOPadConfigSet))
<BR><BR>[Stack]<UL><LI>Max Depth = 28<LI>Call Chain = GPIOPadConfigSet
</UL>
<BR>[Called By]<UL><LI><a href="#[87]">&gt;&gt;</a>&nbsp;&nbsp;&nbsp;GPIOPinTypeGPIOOutput
</UL>

<P><STRONG><a name="[87]"></a>GPIOPinTypeGPIOOutput</STRONG> (Thumb, 28 bytes, Stack size 12 bytes, gpio.o(i.GPIOPinTypeGPIOOutput))
<BR><BR>[Stack]<UL><LI>Max Depth = 40<LI>Call Chain = GPIOPinTypeGPIOOutput &rArr; GPIOPadConfigSet
</UL>
<BR>[Calls]<UL><LI><a href="#[a4]">&gt;&gt;</a>&nbsp;&nbsp;&nbsp;GPIOPadConfigSet
<LI><a href="#[a5]">&gt;&gt;</a>&nbsp;&nbsp;&nbsp;GPIODirModeSet
</UL>
<BR>[Called By]<UL><LI><a href="#[94]">&gt;&gt;</a>&nbsp;&nbsp;&nbsp;CD4051_Init
<LI><a href="#[a6]">&gt;&gt;</a>&nbsp;&nbsp;&nbsp;HMI_Reset_Sys_Init
<LI><a href="#[84]">&gt;&gt;</a>&nbsp;&nbsp;&nbsp;AD9959_IOInit
</UL>

<P><STRONG><a name="[92]"></a>GPIOPinWrite</STRONG> (Thumb, 6 bytes, Stack size 0 bytes, gpio.o(i.GPIOPinWrite))
<BR><BR>[Called By]<UL><LI><a href="#[f]">&gt;&gt;</a>&nbsp;&nbsp;&nbsp;UART0_IRQHandler
<LI><a href="#[a2]">&gt;&gt;</a>&nbsp;&nbsp;&nbsp;IO_Update
<LI><a href="#[95]">&gt;&gt;</a>&nbsp;&nbsp;&nbsp;CD4051_Select_Channel
<LI><a href="#[89]">&gt;&gt;</a>&nbsp;&nbsp;&nbsp;Intserve
<LI><a href="#[8a]">&gt;&gt;</a>&nbsp;&nbsp;&nbsp;IntReset
<LI><a href="#[8b]">&gt;&gt;</a>&nbsp;&nbsp;&nbsp;AD9959_WriteData
</UL>

<P><STRONG><a name="[c2]"></a>HMI_Init</STRONG> (Thumb, 44 bytes, Stack size 0 bytes, main.o(i.HMI_Init))
<BR><BR>[Called By]<UL><LI><a href="#[6e]">&gt;&gt;</a>&nbsp;&nbsp;&nbsp;main
</UL>

<P><STRONG><a name="[a6]"></a>HMI_Reset_Sys_Init</STRONG> (Thumb, 20 bytes, Stack size 8 bytes, main.o(i.HMI_Reset_Sys_Init))
<BR><BR>[Stack]<UL><LI>Max Depth = 48<LI>Call Chain = HMI_Reset_Sys_Init &rArr; GPIOPinTypeGPIOOutput &rArr; GPIOPadConfigSet
</UL>
<BR>[Calls]<UL><LI><a href="#[87]">&gt;&gt;</a>&nbsp;&nbsp;&nbsp;GPIOPinTypeGPIOOutput
<LI><a href="#[85]">&gt;&gt;</a>&nbsp;&nbsp;&nbsp;SysCtlPeripheralEnable
</UL>
<BR>[Called By]<UL><LI><a href="#[6e]">&gt;&gt;</a>&nbsp;&nbsp;&nbsp;main
</UL>

<P><STRONG><a name="[a2]"></a>IO_Update</STRONG> (Thumb, 50 bytes, Stack size 8 bytes, ad9959.o(i.IO_Update))
<BR><BR>[Stack]<UL><LI>Max Depth = 8<LI>Call Chain = IO_Update
</UL>
<BR>[Calls]<UL><LI><a href="#[92]">&gt;&gt;</a>&nbsp;&nbsp;&nbsp;GPIOPinWrite
<LI><a href="#[a7]">&gt;&gt;</a>&nbsp;&nbsp;&nbsp;delay1
</UL>
<BR>[Called By]<UL><LI><a href="#[a1]">&gt;&gt;</a>&nbsp;&nbsp;&nbsp;DDS_Init
</UL>

<P><STRONG><a name="[bd]"></a>IntPrioritySet</STRONG> (Thumb, 30 bytes, Stack size 8 bytes, interrupt.o(i.IntPrioritySet))
<BR><BR>[Stack]<UL><LI>Max Depth = 8<LI>Call Chain = IntPrioritySet
</UL>
<BR>[Called By]<UL><LI><a href="#[6e]">&gt;&gt;</a>&nbsp;&nbsp;&nbsp;main
</UL>

<P><STRONG><a name="[ab]"></a>IntRegister</STRONG> (Thumb, 38 bytes, Stack size 16 bytes, interrupt.o(i.IntRegister))
<BR><BR>[Stack]<UL><LI>Max Depth = 16<LI>Call Chain = IntRegister
</UL>
<BR>[Called By]<UL><LI><a href="#[aa]">&gt;&gt;</a>&nbsp;&nbsp;&nbsp;SysTickIntRegister
</UL>

<P><STRONG><a name="[8a]"></a>IntReset</STRONG> (Thumb, 50 bytes, Stack size 8 bytes, ad9959.o(i.IntReset))
<BR><BR>[Stack]<UL><LI>Max Depth = 8<LI>Call Chain = IntReset
</UL>
<BR>[Calls]<UL><LI><a href="#[92]">&gt;&gt;</a>&nbsp;&nbsp;&nbsp;GPIOPinWrite
<LI><a href="#[a7]">&gt;&gt;</a>&nbsp;&nbsp;&nbsp;delay1
</UL>
<BR>[Called By]<UL><LI><a href="#[88]">&gt;&gt;</a>&nbsp;&nbsp;&nbsp;AD9959_Init
</UL>

<P><STRONG><a name="[89]"></a>Intserve</STRONG> (Thumb, 134 bytes, Stack size 16 bytes, ad9959.o(i.Intserve))
<BR><BR>[Stack]<UL><LI>Max Depth = 16<LI>Call Chain = Intserve
</UL>
<BR>[Calls]<UL><LI><a href="#[92]">&gt;&gt;</a>&nbsp;&nbsp;&nbsp;GPIOPinWrite
</UL>
<BR>[Called By]<UL><LI><a href="#[88]">&gt;&gt;</a>&nbsp;&nbsp;&nbsp;AD9959_Init
</UL>

<P><STRONG><a name="[a8]"></a>SysCtlClockFreqSet</STRONG> (Thumb, 530 bytes, Stack size 40 bytes, sysctl.o(i.SysCtlClockFreqSet))
<BR><BR>[Stack]<UL><LI>Max Depth = 40<LI>Call Chain = SysCtlClockFreqSet
</UL>
<BR>[Calls]<UL><LI><a href="#[a9]">&gt;&gt;</a>&nbsp;&nbsp;&nbsp;_SysCtlMemTimingGet
</UL>
<BR>[Called By]<UL><LI><a href="#[be]">&gt;&gt;</a>&nbsp;&nbsp;&nbsp;sys_init
</UL>

<P><STRONG><a name="[85]"></a>SysCtlPeripheralEnable</STRONG> (Thumb, 36 bytes, Stack size 0 bytes, sysctl.o(i.SysCtlPeripheralEnable))
<BR><BR>[Called By]<UL><LI><a href="#[94]">&gt;&gt;</a>&nbsp;&nbsp;&nbsp;CD4051_Init
<LI><a href="#[a6]">&gt;&gt;</a>&nbsp;&nbsp;&nbsp;HMI_Reset_Sys_Init
<LI><a href="#[84]">&gt;&gt;</a>&nbsp;&nbsp;&nbsp;AD9959_IOInit
</UL>

<P><STRONG><a name="[86]"></a>SysCtlPeripheralReady</STRONG> (Thumb, 40 bytes, Stack size 0 bytes, sysctl.o(i.SysCtlPeripheralReady))
<BR><BR>[Called By]<UL><LI><a href="#[bc]">&gt;&gt;</a>&nbsp;&nbsp;&nbsp;capture2_init
<LI><a href="#[ba]">&gt;&gt;</a>&nbsp;&nbsp;&nbsp;capture1_init
<LI><a href="#[b8]">&gt;&gt;</a>&nbsp;&nbsp;&nbsp;adc_init
<LI><a href="#[94]">&gt;&gt;</a>&nbsp;&nbsp;&nbsp;CD4051_Init
<LI><a href="#[84]">&gt;&gt;</a>&nbsp;&nbsp;&nbsp;AD9959_IOInit
</UL>

<P><STRONG><a name="[c4]"></a>SysTickEnable</STRONG> (Thumb, 14 bytes, Stack size 0 bytes, systick.o(i.SysTickEnable))
<BR><BR>[Called By]<UL><LI><a href="#[be]">&gt;&gt;</a>&nbsp;&nbsp;&nbsp;sys_init
</UL>

<P><STRONG><a name="[c3]"></a>SysTickIntEnable</STRONG> (Thumb, 14 bytes, Stack size 0 bytes, systick.o(i.SysTickIntEnable))
<BR><BR>[Called By]<UL><LI><a href="#[be]">&gt;&gt;</a>&nbsp;&nbsp;&nbsp;sys_init
</UL>

<P><STRONG><a name="[aa]"></a>SysTickIntRegister</STRONG> (Thumb, 24 bytes, Stack size 8 bytes, systick.o(i.SysTickIntRegister))
<BR><BR>[Stack]<UL><LI>Max Depth = 24<LI>Call Chain = SysTickIntRegister &rArr; IntRegister
</UL>
<BR>[Calls]<UL><LI><a href="#[ab]">&gt;&gt;</a>&nbsp;&nbsp;&nbsp;IntRegister
</UL>
<BR>[Called By]<UL><LI><a href="#[be]">&gt;&gt;</a>&nbsp;&nbsp;&nbsp;sys_init
</UL>

<P><STRONG><a name="[9]"></a>SysTick_Handler</STRONG> (Thumb, 2 bytes, Stack size 0 bytes, system_init.o(i.SysTick_Handler))
<BR>[Address Reference Count : 2]<UL><LI> startup_msp432e401y_uvision.o(RESET)
<LI> system_init.o(i.sys_init)
</UL>
<P><STRONG><a name="[6f]"></a>SystemInit</STRONG> (Thumb, 18 bytes, Stack size 0 bytes, system_msp432e401y.o(i.SystemInit))
<BR>[Address Reference Count : 1]<UL><LI> startup_msp432e401y_uvision.o(.text)
</UL>
<P><STRONG><a name="[21]"></a>TIMER2A_IRQHandler</STRONG> (Thumb, 128 bytes, Stack size 24 bytes, main.o(i.TIMER2A_IRQHandler))
<BR><BR>[Stack]<UL><LI>Max Depth = 24<LI>Call Chain = TIMER2A_IRQHandler
</UL>
<BR>[Calls]<UL><LI><a href="#[ac]">&gt;&gt;</a>&nbsp;&nbsp;&nbsp;TimerValueGet
</UL>
<BR>[Address Reference Count : 1]<UL><LI> startup_msp432e401y_uvision.o(RESET)
</UL>
<P><STRONG><a name="[2e]"></a>TIMER3B_IRQHandler</STRONG> (Thumb, 74 bytes, Stack size 24 bytes, main.o(i.TIMER3B_IRQHandler))
<BR><BR>[Stack]<UL><LI>Max Depth = 24<LI>Call Chain = TIMER3B_IRQHandler
</UL>
<BR>[Calls]<UL><LI><a href="#[ac]">&gt;&gt;</a>&nbsp;&nbsp;&nbsp;TimerValueGet
</UL>
<BR>[Address Reference Count : 1]<UL><LI> startup_msp432e401y_uvision.o(RESET)
</UL>
<P><STRONG><a name="[bb]"></a>TimerPrescaleSet</STRONG> (Thumb, 18 bytes, Stack size 0 bytes, timer.o(i.TimerPrescaleSet))
<BR><BR>[Called By]<UL><LI><a href="#[bc]">&gt;&gt;</a>&nbsp;&nbsp;&nbsp;capture2_init
<LI><a href="#[ba]">&gt;&gt;</a>&nbsp;&nbsp;&nbsp;capture1_init
</UL>

<P><STRONG><a name="[c1]"></a>TimerSynchronize</STRONG> (Thumb, 4 bytes, Stack size 0 bytes, timer.o(i.TimerSynchronize))
<BR><BR>[Called By]<UL><LI><a href="#[6e]">&gt;&gt;</a>&nbsp;&nbsp;&nbsp;main
</UL>

<P><STRONG><a name="[ac]"></a>TimerValueGet</STRONG> (Thumb, 12 bytes, Stack size 0 bytes, timer.o(i.TimerValueGet))
<BR><BR>[Called By]<UL><LI><a href="#[2e]">&gt;&gt;</a>&nbsp;&nbsp;&nbsp;TIMER3B_IRQHandler
<LI><a href="#[21]">&gt;&gt;</a>&nbsp;&nbsp;&nbsp;TIMER2A_IRQHandler
</UL>

<P><STRONG><a name="[f]"></a>UART0_IRQHandler</STRONG> (Thumb, 100 bytes, Stack size 16 bytes, uart_1.o(i.UART0_IRQHandler))
<BR><BR>[Stack]<UL><LI>Max Depth = 16<LI>Call Chain = UART0_IRQHandler
</UL>
<BR>[Calls]<UL><LI><a href="#[74]">&gt;&gt;</a>&nbsp;&nbsp;&nbsp;SysCtlDelay
<LI><a href="#[92]">&gt;&gt;</a>&nbsp;&nbsp;&nbsp;GPIOPinWrite
</UL>
<BR>[Address Reference Count : 1]<UL><LI> startup_msp432e401y_uvision.o(RESET)
</UL>
<P><STRONG><a name="[2b]"></a>UART2_IRQHandler</STRONG> (Thumb, 186 bytes, Stack size 40 bytes, main.o(i.UART2_IRQHandler))
<BR><BR>[Stack]<UL><LI>Max Depth = 40<LI>Call Chain = UART2_IRQHandler
</UL>
<BR>[Calls]<UL><LI><a href="#[9d]">&gt;&gt;</a>&nbsp;&nbsp;&nbsp;delay_ms
</UL>
<BR>[Address Reference Count : 1]<UL><LI> startup_msp432e401y_uvision.o(RESET)
</UL>
<P><STRONG><a name="[9c]"></a>UARTSend</STRONG> (Thumb, 36 bytes, Stack size 24 bytes, uart_1.o(i.UARTSend))
<BR><BR>[Stack]<UL><LI>Max Depth = 24<LI>Call Chain = UARTSend
</UL>
<BR>[Called By]<UL><LI><a href="#[6e]">&gt;&gt;</a>&nbsp;&nbsp;&nbsp;main
<LI><a href="#[96]">&gt;&gt;</a>&nbsp;&nbsp;&nbsp;C_Measure
</UL>

<P><STRONG><a name="[c5]"></a>UARTStdioConfig</STRONG> (Thumb, 82 bytes, Stack size 32 bytes, uartstdio.o(i.UARTStdioConfig))
<BR><BR>[Stack]<UL><LI>Max Depth = 32<LI>Call Chain = UARTStdioConfig
</UL>
<BR>[Called By]<UL><LI><a href="#[c0]">&gt;&gt;</a>&nbsp;&nbsp;&nbsp;uart2_init
</UL>

<P><STRONG><a name="[8d]"></a>Write_ACR</STRONG> (Thumb, 32 bytes, Stack size 8 bytes, ad9959.o(i.Write_ACR))
<BR><BR>[Stack]<UL><LI>Max Depth = 40<LI>Call Chain = Write_ACR &rArr; AD9959_WriteData
</UL>
<BR>[Calls]<UL><LI><a href="#[8b]">&gt;&gt;</a>&nbsp;&nbsp;&nbsp;AD9959_WriteData
</UL>
<BR>[Called By]<UL><LI><a href="#[8c]">&gt;&gt;</a>&nbsp;&nbsp;&nbsp;AD9959_Set_Amp
</UL>

<P><STRONG><a name="[8f]"></a>Write_CFTW0</STRONG> (Thumb, 70 bytes, Stack size 8 bytes, ad9959.o(i.Write_CFTW0))
<BR><BR>[Stack]<UL><LI>Max Depth = 96<LI>Call Chain = Write_CFTW0 &rArr; __aeabi_dmul &rArr; _double_epilogue &rArr; _double_round
</UL>
<BR>[Calls]<UL><LI><a href="#[7e]">&gt;&gt;</a>&nbsp;&nbsp;&nbsp;__aeabi_ui2d
<LI><a href="#[7c]">&gt;&gt;</a>&nbsp;&nbsp;&nbsp;__aeabi_dmul
<LI><a href="#[7f]">&gt;&gt;</a>&nbsp;&nbsp;&nbsp;__aeabi_d2uiz
<LI><a href="#[8b]">&gt;&gt;</a>&nbsp;&nbsp;&nbsp;AD9959_WriteData
</UL>
<BR>[Called By]<UL><LI><a href="#[8e]">&gt;&gt;</a>&nbsp;&nbsp;&nbsp;AD9959_Set_Fre
</UL>

<P><STRONG><a name="[91]"></a>Write_CPOW0</STRONG> (Thumb, 28 bytes, Stack size 8 bytes, ad9959.o(i.Write_CPOW0))
<BR><BR>[Stack]<UL><LI>Max Depth = 40<LI>Call Chain = Write_CPOW0 &rArr; AD9959_WriteData
</UL>
<BR>[Calls]<UL><LI><a href="#[8b]">&gt;&gt;</a>&nbsp;&nbsp;&nbsp;AD9959_WriteData
</UL>
<BR>[Called By]<UL><LI><a href="#[90]">&gt;&gt;</a>&nbsp;&nbsp;&nbsp;AD9959_Set_Phase
</UL>

<P><STRONG><a name="[ad]"></a>__0sprintf$6</STRONG> (Thumb, 34 bytes, Stack size 24 bytes, printf6.o(i.__0sprintf$6), UNUSED)
<BR><BR>[Calls]<UL><LI><a href="#[71]">&gt;&gt;</a>&nbsp;&nbsp;&nbsp;_sputc
<LI><a href="#[ae]">&gt;&gt;</a>&nbsp;&nbsp;&nbsp;_printf_core
</UL>

<P><STRONG><a name="[d6]"></a>__1sprintf$6</STRONG> (Thumb, 0 bytes, Stack size 24 bytes, printf6.o(i.__0sprintf$6), UNUSED)

<P><STRONG><a name="[9b]"></a>__2sprintf</STRONG> (Thumb, 0 bytes, Stack size 24 bytes, printf6.o(i.__0sprintf$6))
<BR><BR>[Stack]<UL><LI>Max Depth = 24<LI>Call Chain = __2sprintf
</UL>
<BR>[Called By]<UL><LI><a href="#[6e]">&gt;&gt;</a>&nbsp;&nbsp;&nbsp;main
<LI><a href="#[96]">&gt;&gt;</a>&nbsp;&nbsp;&nbsp;C_Measure
</UL>

<P><STRONG><a name="[b1]"></a>__ARM_fpclassifyf</STRONG> (Thumb, 38 bytes, Stack size 0 bytes, fpclassifyf.o(i.__ARM_fpclassifyf))
<BR><BR>[Called By]<UL><LI><a href="#[a0]">&gt;&gt;</a>&nbsp;&nbsp;&nbsp;__hardfp_tanf
</UL>

<P><STRONG><a name="[9e]"></a>__hardfp_sqrtf</STRONG> (Thumb, 58 bytes, Stack size 16 bytes, sqrtf.o(i.__hardfp_sqrtf))
<BR><BR>[Stack]<UL><LI>Max Depth = 16<LI>Call Chain = __hardfp_sqrtf
</UL>
<BR>[Calls]<UL><LI><a href="#[af]">&gt;&gt;</a>&nbsp;&nbsp;&nbsp;__set_errno
</UL>
<BR>[Called By]<UL><LI><a href="#[6e]">&gt;&gt;</a>&nbsp;&nbsp;&nbsp;main
<LI><a href="#[96]">&gt;&gt;</a>&nbsp;&nbsp;&nbsp;C_Measure
</UL>

<P><STRONG><a name="[a0]"></a>__hardfp_tanf</STRONG> (Thumb, 322 bytes, Stack size 16 bytes, tanf.o(i.__hardfp_tanf))
<BR><BR>[Stack]<UL><LI>Max Depth = 36<LI>Call Chain = __hardfp_tanf &rArr; __mathlib_rredf2
</UL>
<BR>[Calls]<UL><LI><a href="#[af]">&gt;&gt;</a>&nbsp;&nbsp;&nbsp;__set_errno
<LI><a href="#[b0]">&gt;&gt;</a>&nbsp;&nbsp;&nbsp;__mathlib_rredf2
<LI><a href="#[b2]">&gt;&gt;</a>&nbsp;&nbsp;&nbsp;__mathlib_flt_underflow
<LI><a href="#[b3]">&gt;&gt;</a>&nbsp;&nbsp;&nbsp;__mathlib_flt_invalid
<LI><a href="#[b4]">&gt;&gt;</a>&nbsp;&nbsp;&nbsp;__mathlib_flt_infnan
<LI><a href="#[b1]">&gt;&gt;</a>&nbsp;&nbsp;&nbsp;__ARM_fpclassifyf
</UL>
<BR>[Called By]<UL><LI><a href="#[96]">&gt;&gt;</a>&nbsp;&nbsp;&nbsp;C_Measure
</UL>

<P><STRONG><a name="[b4]"></a>__mathlib_flt_infnan</STRONG> (Thumb, 6 bytes, Stack size 0 bytes, funder.o(i.__mathlib_flt_infnan))
<BR><BR>[Called By]<UL><LI><a href="#[a0]">&gt;&gt;</a>&nbsp;&nbsp;&nbsp;__hardfp_tanf
</UL>

<P><STRONG><a name="[b3]"></a>__mathlib_flt_invalid</STRONG> (Thumb, 10 bytes, Stack size 0 bytes, funder.o(i.__mathlib_flt_invalid))
<BR><BR>[Called By]<UL><LI><a href="#[a0]">&gt;&gt;</a>&nbsp;&nbsp;&nbsp;__hardfp_tanf
</UL>

<P><STRONG><a name="[b2]"></a>__mathlib_flt_underflow</STRONG> (Thumb, 10 bytes, Stack size 0 bytes, funder.o(i.__mathlib_flt_underflow))
<BR><BR>[Called By]<UL><LI><a href="#[a0]">&gt;&gt;</a>&nbsp;&nbsp;&nbsp;__hardfp_tanf
</UL>

<P><STRONG><a name="[b0]"></a>__mathlib_rredf2</STRONG> (Thumb, 316 bytes, Stack size 20 bytes, rredf.o(i.__mathlib_rredf2))
<BR><BR>[Stack]<UL><LI>Max Depth = 20<LI>Call Chain = __mathlib_rredf2
</UL>
<BR>[Called By]<UL><LI><a href="#[a0]">&gt;&gt;</a>&nbsp;&nbsp;&nbsp;__hardfp_tanf
</UL>

<P><STRONG><a name="[d7]"></a>__scatterload_copy</STRONG> (Thumb, 14 bytes, Stack size unknown bytes, handlers.o(i.__scatterload_copy), UNUSED)

<P><STRONG><a name="[d8]"></a>__scatterload_null</STRONG> (Thumb, 2 bytes, Stack size unknown bytes, handlers.o(i.__scatterload_null), UNUSED)

<P><STRONG><a name="[d9]"></a>__scatterload_zeroinit</STRONG> (Thumb, 14 bytes, Stack size unknown bytes, handlers.o(i.__scatterload_zeroinit), UNUSED)

<P><STRONG><a name="[af]"></a>__set_errno</STRONG> (Thumb, 6 bytes, Stack size 0 bytes, errno.o(i.__set_errno))
<BR><BR>[Called By]<UL><LI><a href="#[a0]">&gt;&gt;</a>&nbsp;&nbsp;&nbsp;__hardfp_tanf
<LI><a href="#[9e]">&gt;&gt;</a>&nbsp;&nbsp;&nbsp;__hardfp_sqrtf
</UL>

<P><STRONG><a name="[b8]"></a>adc_init</STRONG> (Thumb, 410 bytes, Stack size 24 bytes, adc_1.o(i.adc_init))
<BR><BR>[Stack]<UL><LI>Max Depth = 36<LI>Call Chain = adc_init &rArr; ADCSequenceStepConfigure
</UL>
<BR>[Calls]<UL><LI><a href="#[b9]">&gt;&gt;</a>&nbsp;&nbsp;&nbsp;ADCSequenceStepConfigure
<LI><a href="#[93]">&gt;&gt;</a>&nbsp;&nbsp;&nbsp;ADCIntClearEx
<LI><a href="#[86]">&gt;&gt;</a>&nbsp;&nbsp;&nbsp;SysCtlPeripheralReady
</UL>
<BR>[Called By]<UL><LI><a href="#[6e]">&gt;&gt;</a>&nbsp;&nbsp;&nbsp;main
</UL>

<P><STRONG><a name="[ba]"></a>capture1_init</STRONG> (Thumb, 144 bytes, Stack size 16 bytes, tim.o(i.capture1_init))
<BR><BR>[Stack]<UL><LI>Max Depth = 16<LI>Call Chain = capture1_init
</UL>
<BR>[Calls]<UL><LI><a href="#[86]">&gt;&gt;</a>&nbsp;&nbsp;&nbsp;SysCtlPeripheralReady
<LI><a href="#[bb]">&gt;&gt;</a>&nbsp;&nbsp;&nbsp;TimerPrescaleSet
</UL>
<BR>[Called By]<UL><LI><a href="#[6e]">&gt;&gt;</a>&nbsp;&nbsp;&nbsp;main
</UL>

<P><STRONG><a name="[bc]"></a>capture2_init</STRONG> (Thumb, 148 bytes, Stack size 16 bytes, tim.o(i.capture2_init))
<BR><BR>[Stack]<UL><LI>Max Depth = 16<LI>Call Chain = capture2_init
</UL>
<BR>[Calls]<UL><LI><a href="#[86]">&gt;&gt;</a>&nbsp;&nbsp;&nbsp;SysCtlPeripheralReady
<LI><a href="#[bb]">&gt;&gt;</a>&nbsp;&nbsp;&nbsp;TimerPrescaleSet
</UL>
<BR>[Called By]<UL><LI><a href="#[6e]">&gt;&gt;</a>&nbsp;&nbsp;&nbsp;main
</UL>

<P><STRONG><a name="[a7]"></a>delay1</STRONG> (Thumb, 12 bytes, Stack size 0 bytes, ad9959.o(i.delay1))
<BR><BR>[Called By]<UL><LI><a href="#[a2]">&gt;&gt;</a>&nbsp;&nbsp;&nbsp;IO_Update
<LI><a href="#[8a]">&gt;&gt;</a>&nbsp;&nbsp;&nbsp;IntReset
</UL>

<P><STRONG><a name="[9d]"></a>delay_ms</STRONG> (Thumb, 10 bytes, Stack size 0 bytes, delay.o(i.delay_ms))
<BR><BR>[Calls]<UL><LI><a href="#[74]">&gt;&gt;</a>&nbsp;&nbsp;&nbsp;SysCtlDelay
</UL>
<BR>[Called By]<UL><LI><a href="#[6e]">&gt;&gt;</a>&nbsp;&nbsp;&nbsp;main
<LI><a href="#[2b]">&gt;&gt;</a>&nbsp;&nbsp;&nbsp;UART2_IRQHandler
<LI><a href="#[a3]">&gt;&gt;</a>&nbsp;&nbsp;&nbsp;Filter1
<LI><a href="#[98]">&gt;&gt;</a>&nbsp;&nbsp;&nbsp;Filter
<LI><a href="#[96]">&gt;&gt;</a>&nbsp;&nbsp;&nbsp;C_Measure
</UL>

<P><STRONG><a name="[6e]"></a>main</STRONG> (Thumb, 492 bytes, Stack size 32 bytes, main.o(i.main))
<BR><BR>[Stack]<UL><LI>Max Depth = 240<LI>Call Chain = main &rArr; C_Measure &rArr; Filter &rArr; __aeabi_dmul &rArr; _double_epilogue &rArr; _double_round
</UL>
<BR>[Calls]<UL><LI><a href="#[bd]">&gt;&gt;</a>&nbsp;&nbsp;&nbsp;IntPrioritySet
<LI><a href="#[c1]">&gt;&gt;</a>&nbsp;&nbsp;&nbsp;TimerSynchronize
<LI><a href="#[c0]">&gt;&gt;</a>&nbsp;&nbsp;&nbsp;uart2_init
<LI><a href="#[bf]">&gt;&gt;</a>&nbsp;&nbsp;&nbsp;uart0_init
<LI><a href="#[be]">&gt;&gt;</a>&nbsp;&nbsp;&nbsp;sys_init
<LI><a href="#[9d]">&gt;&gt;</a>&nbsp;&nbsp;&nbsp;delay_ms
<LI><a href="#[bc]">&gt;&gt;</a>&nbsp;&nbsp;&nbsp;capture2_init
<LI><a href="#[ba]">&gt;&gt;</a>&nbsp;&nbsp;&nbsp;capture1_init
<LI><a href="#[b8]">&gt;&gt;</a>&nbsp;&nbsp;&nbsp;adc_init
<LI><a href="#[9f]">&gt;&gt;</a>&nbsp;&nbsp;&nbsp;__aeabi_f2d
<LI><a href="#[7a]">&gt;&gt;</a>&nbsp;&nbsp;&nbsp;__aeabi_dsub
<LI><a href="#[7c]">&gt;&gt;</a>&nbsp;&nbsp;&nbsp;__aeabi_dmul
<LI><a href="#[7d]">&gt;&gt;</a>&nbsp;&nbsp;&nbsp;__aeabi_ddiv
<LI><a href="#[75]">&gt;&gt;</a>&nbsp;&nbsp;&nbsp;__aeabi_dadd
<LI><a href="#[7f]">&gt;&gt;</a>&nbsp;&nbsp;&nbsp;__aeabi_d2uiz
<LI><a href="#[81]">&gt;&gt;</a>&nbsp;&nbsp;&nbsp;__aeabi_d2f
<LI><a href="#[9c]">&gt;&gt;</a>&nbsp;&nbsp;&nbsp;UARTSend
<LI><a href="#[95]">&gt;&gt;</a>&nbsp;&nbsp;&nbsp;CD4051_Select_Channel
<LI><a href="#[94]">&gt;&gt;</a>&nbsp;&nbsp;&nbsp;CD4051_Init
<LI><a href="#[a6]">&gt;&gt;</a>&nbsp;&nbsp;&nbsp;HMI_Reset_Sys_Init
<LI><a href="#[c2]">&gt;&gt;</a>&nbsp;&nbsp;&nbsp;HMI_Init
<LI><a href="#[a3]">&gt;&gt;</a>&nbsp;&nbsp;&nbsp;Filter1
<LI><a href="#[a1]">&gt;&gt;</a>&nbsp;&nbsp;&nbsp;DDS_Init
<LI><a href="#[96]">&gt;&gt;</a>&nbsp;&nbsp;&nbsp;C_Measure
<LI><a href="#[97]">&gt;&gt;</a>&nbsp;&nbsp;&nbsp;ADC_All_Init
<LI><a href="#[9b]">&gt;&gt;</a>&nbsp;&nbsp;&nbsp;__2sprintf
<LI><a href="#[9e]">&gt;&gt;</a>&nbsp;&nbsp;&nbsp;__hardfp_sqrtf
</UL>
<BR>[Address Reference Count : 1]<UL><LI> entry9a.o(.ARM.Collect$$$$0000000B)
</UL>
<P><STRONG><a name="[be]"></a>sys_init</STRONG> (Thumb, 32 bytes, Stack size 8 bytes, system_init.o(i.sys_init))
<BR><BR>[Stack]<UL><LI>Max Depth = 48<LI>Call Chain = sys_init &rArr; SysCtlClockFreqSet
</UL>
<BR>[Calls]<UL><LI><a href="#[aa]">&gt;&gt;</a>&nbsp;&nbsp;&nbsp;SysTickIntRegister
<LI><a href="#[c3]">&gt;&gt;</a>&nbsp;&nbsp;&nbsp;SysTickIntEnable
<LI><a href="#[c4]">&gt;&gt;</a>&nbsp;&nbsp;&nbsp;SysTickEnable
<LI><a href="#[a8]">&gt;&gt;</a>&nbsp;&nbsp;&nbsp;SysCtlClockFreqSet
</UL>
<BR>[Called By]<UL><LI><a href="#[6e]">&gt;&gt;</a>&nbsp;&nbsp;&nbsp;main
</UL>

<P><STRONG><a name="[bf]"></a>uart0_init</STRONG> (Thumb, 74 bytes, Stack size 8 bytes, uart_1.o(i.uart0_init))
<BR><BR>[Stack]<UL><LI>Max Depth = 8<LI>Call Chain = uart0_init
</UL>
<BR>[Called By]<UL><LI><a href="#[6e]">&gt;&gt;</a>&nbsp;&nbsp;&nbsp;main
</UL>

<P><STRONG><a name="[c0]"></a>uart2_init</STRONG> (Thumb, 90 bytes, Stack size 8 bytes, uart_1.o(i.uart2_init))
<BR><BR>[Stack]<UL><LI>Max Depth = 40<LI>Call Chain = uart2_init &rArr; UARTStdioConfig
</UL>
<BR>[Calls]<UL><LI><a href="#[c5]">&gt;&gt;</a>&nbsp;&nbsp;&nbsp;UARTStdioConfig
</UL>
<BR>[Called By]<UL><LI><a href="#[6e]">&gt;&gt;</a>&nbsp;&nbsp;&nbsp;main
</UL>
<P>
<H3>
Local Symbols
</H3>
<P><STRONG><a name="[a9]"></a>_SysCtlMemTimingGet</STRONG> (Thumb, 30 bytes, Stack size 0 bytes, sysctl.o(i._SysCtlMemTimingGet))
<BR><BR>[Called By]<UL><LI><a href="#[a8]">&gt;&gt;</a>&nbsp;&nbsp;&nbsp;SysCtlClockFreqSet
</UL>

<P><STRONG><a name="[ae]"></a>_printf_core</STRONG> (Thumb, 748 bytes, Stack size 96 bytes, printf6.o(i._printf_core), UNUSED)
<BR><BR>[Calls]<UL><LI><a href="#[b5]">&gt;&gt;</a>&nbsp;&nbsp;&nbsp;_printf_pre_padding
<LI><a href="#[b7]">&gt;&gt;</a>&nbsp;&nbsp;&nbsp;_printf_post_padding
<LI><a href="#[b6]">&gt;&gt;</a>&nbsp;&nbsp;&nbsp;__aeabi_uidivmod
</UL>
<BR>[Called By]<UL><LI><a href="#[ad]">&gt;&gt;</a>&nbsp;&nbsp;&nbsp;__0sprintf$6
</UL>

<P><STRONG><a name="[b7]"></a>_printf_post_padding</STRONG> (Thumb, 36 bytes, Stack size 24 bytes, printf6.o(i._printf_post_padding), UNUSED)
<BR><BR>[Called By]<UL><LI><a href="#[ae]">&gt;&gt;</a>&nbsp;&nbsp;&nbsp;_printf_core
</UL>

<P><STRONG><a name="[b5]"></a>_printf_pre_padding</STRONG> (Thumb, 46 bytes, Stack size 24 bytes, printf6.o(i._printf_pre_padding), UNUSED)
<BR><BR>[Called By]<UL><LI><a href="#[ae]">&gt;&gt;</a>&nbsp;&nbsp;&nbsp;_printf_core
</UL>

<P><STRONG><a name="[71]"></a>_sputc</STRONG> (Thumb, 10 bytes, Stack size 0 bytes, printf6.o(i._sputc))
<BR><BR>[Called By]<UL><LI><a href="#[ad]">&gt;&gt;</a>&nbsp;&nbsp;&nbsp;__0sprintf$6
</UL>
<BR>[Address Reference Count : 1]<UL><LI> printf6.o(i.__0sprintf$6)
</UL><P>
<H3>
Undefined Global Symbols
</H3><HR></body></html>
