C51 COMPILER V9.05   MAIN                                                                  05/25/2019 23:29:22 PAGE 1   


C51 COMPILER V9.05, COMPILATION OF MODULE MAIN
OBJECT MODULE PLACED IN main.OBJ
COMPILER INVOKED BY: C:\Keil\C51\BIN\C51.EXE main.c BROWSE INCDIR(..\262_51) DEBUG OBJECTEXTEND TABS(2)

line level    source

   1          //--------------------------------------------------------------------------------------------------------
             ------------
   2          //程序描述：在keli uVision4开发平台下基于51的程序模板
   3          //
   4          // 作   者：凌智电子
   5          //
   6          //    MAX262          51开发板
   7          //      WR--------------P1_0
   8          //      LE--------------P1_7
   9          //      D0--------------P0_4
  10          //      D1--------------P0_5
  11          //      A0--------------P0_0
  12          //      A1--------------P0_1
  13          //      A2--------------P0_2
  14          //      A3--------------P0_3
  15          //      GND--------------GND
  16          //
  17          //------------------------------------------------------------------------------------------
  18          //头文件包含
  19          //--------------------------------------------------------------------------------------------
  20          #include<reg52.h>
  21          #include<max262.h>
  22          #include<delay.h>
  23          //-------------------------------
  24          //主程序
  25          //-------------------------------
  26           void main(  )
  27           {
  28   1         Filter1(0,1,0.842);     //（mode) 控制方式way，中心频率f，品质因数q 
  29   1         Filter2(0,1,0.842);     //（mode) 控制方式way，中心频率f，品质因数q 
  30   1         delayms(100);       
  31   1         P0=0;
  32   1         while(1);     
  33   1       }          
  34           // Filter1(0,1,0.54)
  35           //（mode) 0代表模式1 ，其中的M0 M1控制字 ；1代表模式3,2为模式2,3为模式4。
  36           // 1代表为1khz，以此类推  10为10khz,
  37           // 0.54和1.3代表品质因数Q


MODULE INFORMATION:   STATIC OVERLAYABLE
   CODE SIZE        =     66    ----
   CONSTANT SIZE    =   ----    ----
   XDATA SIZE       =   ----    ----
   PDATA SIZE       =   ----    ----
   DATA SIZE        =   ----    ----
   IDATA SIZE       =   ----    ----
   BIT SIZE         =   ----    ----
END OF MODULE INFORMATION.


C51 COMPILATION COMPLETE.  0 WARNING(S),  0 ERROR(S)
