Component: ARM Compiler 5.05 update 1 (build 106) Tool: armlink [4d0efa]

==============================================================================

Section Cross References

    adc.o(i.ADCIntRegister) refers to adc.o(i._ADCIntNumberGet) for _ADCIntNumberGet
    adc.o(i.ADCIntRegister) refers to interrupt.o(i.IntRegister) for IntRegister
    adc.o(i.ADCIntRegister) refers to interrupt.o(i.IntEnable) for IntEnable
    adc.o(i.ADCIntUnregister) refers to adc.o(i._ADCIntNumberGet) for _ADCIntNumberGet
    adc.o(i.ADCIntUnregister) refers to interrupt.o(i.IntDisable) for IntDisable
    adc.o(i.ADCIntUnregister) refers to interrupt.o(i.IntUnregister) for IntUnregister
    adc.o(i.ADCSoftwareOversampleConfigure) refers to adc.o(.data) for .data
    adc.o(i.ADCSoftwareOversampleDataGet) refers to adc.o(.data) for .data
    adc.o(i.ADCSoftwareOversampleStepConfigure) refers to adc.o(.data) for .data
    aes.o(i.AESDataAuth) refers to aes.o(i.AESLengthSet) for AESLengthSet
    aes.o(i.AESDataAuth) refers to aes.o(i.AESDataWrite) for AESDataWrite
    aes.o(i.AESDataAuth) refers to aes.o(i.AESTagRead) for AESTagRead
    aes.o(i.AESDataProcess) refers to aes.o(i.AESLengthSet) for AESLengthSet
    aes.o(i.AESDataProcess) refers to aes.o(i.AESDataWrite) for AESDataWrite
    aes.o(i.AESDataProcess) refers to aes.o(i.AESDataRead) for AESDataRead
    aes.o(i.AESDataProcessAuth) refers to aes.o(i.AESLengthSet) for AESLengthSet
    aes.o(i.AESDataProcessAuth) refers to aes.o(i.AESDataWrite) for AESDataWrite
    aes.o(i.AESDataProcessAuth) refers to aes.o(i.AESDataRead) for AESDataRead
    aes.o(i.AESDataProcessAuth) refers to aes.o(i.AESTagRead) for AESTagRead
    aes.o(i.AESIntRegister) refers to interrupt.o(i.IntRegister) for IntRegister
    aes.o(i.AESIntRegister) refers to interrupt.o(i.IntEnable) for IntEnable
    aes.o(i.AESIntUnregister) refers to interrupt.o(i.IntDisable) for IntDisable
    aes.o(i.AESIntUnregister) refers to interrupt.o(i.IntUnregister) for IntUnregister
    can.o(i.CANBitRateSet) refers to can.o(.constdata) for .constdata
    can.o(i.CANIntRegister) refers to can.o(i._CANIntNumberGet) for _CANIntNumberGet
    can.o(i.CANIntRegister) refers to interrupt.o(i.IntRegister) for IntRegister
    can.o(i.CANIntRegister) refers to interrupt.o(i.IntEnable) for IntEnable
    can.o(i.CANIntUnregister) refers to can.o(i._CANIntNumberGet) for _CANIntNumberGet
    can.o(i.CANIntUnregister) refers to interrupt.o(i.IntDisable) for IntDisable
    can.o(i.CANIntUnregister) refers to interrupt.o(i.IntUnregister) for IntUnregister
    comp.o(i.ComparatorIntRegister) refers to interrupt.o(i.IntRegister) for IntRegister
    comp.o(i.ComparatorIntRegister) refers to interrupt.o(i.IntEnable) for IntEnable
    comp.o(i.ComparatorIntUnregister) refers to interrupt.o(i.IntDisable) for IntDisable
    comp.o(i.ComparatorIntUnregister) refers to interrupt.o(i.IntUnregister) for IntUnregister
    crc.o(i.CRCDataProcess) refers to crc.o(i.CRCResultRead) for CRCResultRead
    des.o(i.DESDataProcess) refers to des.o(i.DESDataWriteNonBlocking) for DESDataWriteNonBlocking
    des.o(i.DESDataProcess) refers to des.o(i.DESDataReadNonBlocking) for DESDataReadNonBlocking
    des.o(i.DESIntRegister) refers to interrupt.o(i.IntRegister) for IntRegister
    des.o(i.DESIntRegister) refers to interrupt.o(i.IntEnable) for IntEnable
    des.o(i.DESIntUnregister) refers to interrupt.o(i.IntDisable) for IntDisable
    des.o(i.DESIntUnregister) refers to interrupt.o(i.IntUnregister) for IntUnregister
    eeprom.o(i.EEPROMInit) refers to sysctl.o(.emb_text) for SysCtlDelay
    eeprom.o(i.EEPROMInit) refers to eeprom.o(i._EEPROMWaitForDone) for _EEPROMWaitForDone
    eeprom.o(i.EEPROMInit) refers to sysctl.o(i.SysCtlPeripheralReset) for SysCtlPeripheralReset
    eeprom.o(i.EEPROMMassErase) refers to eeprom.o(i._EEPROMWaitForDone) for _EEPROMWaitForDone
    eeprom.o(i.EEPROMMassErase) refers to sysctl.o(i.SysCtlPeripheralReset) for SysCtlPeripheralReset
    eeprom.o(i.EEPROMMassErase) refers to sysctl.o(.emb_text) for SysCtlDelay
    eeprom.o(i.EEPROMProgram) refers to sysctl.o(.emb_text) for SysCtlDelay
    emac.o(i.EMACHashFilterBitCalculate) refers to sw_crc.o(i.Crc32) for Crc32
    emac.o(i.EMACInit) refers to emac.o(.constdata) for .constdata
    emac.o(i.EMACIntRegister) refers to interrupt.o(i.IntRegister) for IntRegister
    emac.o(i.EMACIntRegister) refers to interrupt.o(i.IntEnable) for IntEnable
    emac.o(i.EMACIntUnregister) refers to interrupt.o(i.IntDisable) for IntDisable
    emac.o(i.EMACIntUnregister) refers to interrupt.o(i.IntUnregister) for IntUnregister
    emac.o(i.EMACPHYConfigSet) refers to sysctl.o(i.SysCtlPeripheralReset) for SysCtlPeripheralReset
    emac.o(i.EMACPHYConfigSet) refers to sysctl.o(i.SysCtlPeripheralReady) for SysCtlPeripheralReady
    emac.o(i.EMACPHYConfigSet) refers to sysctl.o(.emb_text) for SysCtlDelay
    emac.o(i.EMACPHYConfigSet) refers to emac.o(i.EMACReset) for EMACReset
[...]
    Removing timer.o(i.TimerControlWaitOnTrigger), (46 bytes).
    Removing timer.o(i.TimerDMAEventGet), (4 bytes).
    Removing timer.o(i.TimerDMAEventSet), (4 bytes).
    Removing timer.o(i.TimerDisable), (14 bytes).
    Removing timer.o(i.TimerEnable), (14 bytes).
    Removing timer.o(i.TimerIntClear), (4 bytes).
    Removing timer.o(i.TimerIntDisable), (8 bytes).
    Removing timer.o(i.TimerIntEnable), (8 bytes).
    Removing timer.o(i.TimerIntRegister), (26 bytes).
    Removing timer.o(i.TimerIntStatus), (10 bytes).
    Removing timer.o(i.TimerIntUnregister), (22 bytes).
    Removing timer.o(i.TimerLoadGet), (12 bytes).
    Removing timer.o(i.TimerLoadSet), (18 bytes).
    Removing timer.o(i.TimerMatchGet), (12 bytes).
    Removing timer.o(i.TimerMatchSet), (18 bytes).
    Removing timer.o(i.TimerPrescaleGet), (12 bytes).
    Removing timer.o(i.TimerPrescaleMatchGet), (12 bytes).
    Removing timer.o(i.TimerPrescaleMatchSet), (18 bytes).
    Removing timer.o(i.TimerRTCDisable), (10 bytes).
    Removing timer.o(i.TimerRTCEnable), (10 bytes).
    Removing timer.o(i.TimerUpdateMode), (38 bytes).
    Removing timer.o(i._TimerIntNumberGet), (48 bytes).
    Removing timer.o(.constdata), (64 bytes).
    Removing uart.o(.rev16_text), (4 bytes).
    Removing uart.o(.revsh_text), (4 bytes).
    Removing uart.o(.rrx_text), (6 bytes).
    Removing uart.o(i.UART9BitAddrSend), (38 bytes).
    Removing uart.o(i.UART9BitAddrSet), (8 bytes).
    Removing uart.o(i.UART9BitDisable), (12 bytes).
    Removing uart.o(i.UART9BitEnable), (12 bytes).
    Removing uart.o(i.UARTBreakCtl), (20 bytes).
    Removing uart.o(i.UARTBusy), (8 bytes).
    Removing uart.o(i.UARTCharGet), (10 bytes).
    Removing uart.o(i.UARTCharGetNonBlocking), (16 bytes).
    Removing uart.o(i.UARTCharPut), (10 bytes).
    Removing uart.o(i.UARTCharPutNonBlocking), (16 bytes).
    Removing uart.o(i.UARTCharsAvail), (10 bytes).
    Removing uart.o(i.UARTClockSourceGet), (6 bytes).
    Removing uart.o(i.UARTClockSourceSet), (6 bytes).
    Removing uart.o(i.UARTConfigGetExpClk), (38 bytes).
    Removing uart.o(i.UARTConfigSetExpClk), (72 bytes).
    Removing uart.o(i.UARTDMADisable), (8 bytes).
    Removing uart.o(i.UARTDMAEnable), (8 bytes).
    Removing uart.o(i.UARTDisable), (26 bytes).
    Removing uart.o(i.UARTDisableSIR), (10 bytes).
    Removing uart.o(i.UARTEnable), (20 bytes).
    Removing uart.o(i.UARTEnableSIR), (20 bytes).
    Removing uart.o(i.UARTFIFODisable), (10 bytes).
    Removing uart.o(i.UARTFIFOEnable), (10 bytes).
    Removing uart.o(i.UARTFIFOLevelGet), (16 bytes).
    Removing uart.o(i.UARTFIFOLevelSet), (6 bytes).
    Removing uart.o(i.UARTFlowControlGet), (8 bytes).
    Removing uart.o(i.UARTFlowControlSet), (12 bytes).
    Removing uart.o(i.UARTIntClear), (4 bytes).
    Removing uart.o(i.UARTIntDisable), (8 bytes).
    Removing uart.o(i.UARTIntEnable), (8 bytes).
    Removing uart.o(i.UARTIntRegister), (26 bytes).
    Removing uart.o(i.UARTIntStatus), (10 bytes).
    Removing uart.o(i.UARTIntUnregister), (22 bytes).
    Removing uart.o(i.UARTLoopbackEnable), (10 bytes).
    Removing uart.o(i.UARTModemControlClear), (12 bytes).
    Removing uart.o(i.UARTModemControlGet), (8 bytes).
    Removing uart.o(i.UARTModemControlSet), (12 bytes).
    Removing uart.o(i.UARTModemStatusGet), (10 bytes).
    Removing uart.o(i.UARTParityModeGet), (8 bytes).
    Removing uart.o(i.UARTParityModeSet), (12 bytes).
    Removing uart.o(i.UARTRxErrorClear), (6 bytes).
    Removing uart.o(i.UARTRxErrorGet), (8 bytes).
    Removing uart.o(i.UARTSmartCardDisable), (10 bytes).
    Removing uart.o(i.UARTSmartCardEnable), (22 bytes).
    Removing uart.o(i.UARTSpaceAvail), (10 bytes).
    Removing uart.o(i.UARTTxIntModeGet), (8 bytes).
    Removing uart.o(i.UARTTxIntModeSet), (12 bytes).
    Removing uart.o(i._UARTIntNumberGet), (40 bytes).
    Removing uart.o(.constdata), (64 bytes).
    Removing udma.o(i.uDMAChannelAssign), (40 bytes).
    Removing udma.o(i.uDMAChannelAttributeDisable), (56 bytes).
    Removing udma.o(i.uDMAChannelAttributeEnable), (56 bytes).
    Removing udma.o(i.uDMAChannelAttributeGet), (60 bytes).
    Removing udma.o(i.uDMAChannelControlSet), (32 bytes).
    Removing udma.o(i.uDMAChannelDisable), (20 bytes).
    Removing udma.o(i.uDMAChannelEnable), (20 bytes).
    Removing udma.o(i.uDMAChannelIsEnabled), (28 bytes).
    Removing udma.o(i.uDMAChannelModeGet), (44 bytes).
    Removing udma.o(i.uDMAChannelRequest), (20 bytes).
    Removing udma.o(i.uDMAChannelScatterGatherSet), (72 bytes).
    Removing udma.o(i.uDMAChannelSizeGet), (32 bytes).
    Removing udma.o(i.uDMAChannelTransferSet), (132 bytes).
    Removing udma.o(i.uDMAControlAlternateBaseGet), (12 bytes).
    Removing udma.o(i.uDMAControlBaseGet), (12 bytes).
    Removing udma.o(i.uDMAControlBaseSet), (12 bytes).
    Removing udma.o(i.uDMADisable), (12 bytes).
    Removing udma.o(i.uDMAEnable), (12 bytes).
    Removing udma.o(i.uDMAErrorStatusClear), (12 bytes).
    Removing udma.o(i.uDMAErrorStatusGet), (12 bytes).
    Removing udma.o(i.uDMAInit), (56 bytes).
    Removing udma.o(i.uDMAIntRegister), (18 bytes).
    Removing udma.o(i.uDMAIntUnregister), (18 bytes).
    Removing usb.o(.rev16_text), (4 bytes).
    Removing usb.o(.revsh_text), (4 bytes).
    Removing usb.o(.rrx_text), (6 bytes).
    Removing usb.o(i.USBClockDisable), (8 bytes).
    Removing usb.o(i.USBClockEnable), (10 bytes).
    Removing usb.o(i.USBDMAChannelAddressGet), (10 bytes).
    Removing usb.o(i.USBDMAChannelAddressSet), (10 bytes).
    Removing usb.o(i.USBDMAChannelConfigSet), (20 bytes).
    Removing usb.o(i.USBDMAChannelCountGet), (10 bytes).
    Removing usb.o(i.USBDMAChannelCountSet), (10 bytes).
    Removing usb.o(i.USBDMAChannelDisable), (18 bytes).
    Removing usb.o(i.USBDMAChannelEnable), (18 bytes).
    Removing usb.o(i.USBDMAChannelIntDisable), (18 bytes).
    Removing usb.o(i.USBDMAChannelIntEnable), (18 bytes).
    Removing usb.o(i.USBDMAChannelIntStatus), (6 bytes).
    Removing usb.o(i.USBDMAChannelStatus), (14 bytes).
    Removing usb.o(i.USBDMAChannelStatusClear), (20 bytes).
    Removing usb.o(i.USBDMANumChannels), (8 bytes).
    Removing usb.o(i.USBDevAddrGet), (4 bytes).
    Removing usb.o(i.USBDevAddrSet), (4 bytes).
    Removing usb.o(i.USBDevConnect), (10 bytes).
    Removing usb.o(i.USBDevDisconnect), (10 bytes).
    Removing usb.o(i.USBDevEndpointConfigGet), (112 bytes).
    Removing usb.o(i.USBDevEndpointConfigSet), (122 bytes).
    Removing usb.o(i.USBDevEndpointDataAck), (36 bytes).
    Removing usb.o(i.USBDevEndpointStall), (48 bytes).
    Removing usb.o(i.USBDevEndpointStallClear), (72 bytes).
    Removing usb.o(i.USBDevEndpointStatusClear), (86 bytes).
    Removing usb.o(i.USBDevLPMConfig), (6 bytes).
    Removing usb.o(i.USBDevLPMDisable), (14 bytes).
    Removing usb.o(i.USBDevLPMEnable), (14 bytes).
    Removing usb.o(i.USBDevLPMRemoteWake), (14 bytes).
    Removing usb.o(i.USBDevMode), (8 bytes).
    Removing usb.o(i.USBDevSpeedGet), (14 bytes).
    Removing usb.o(i.USBEndpointDMAConfigSet), (74 bytes).
    Removing usb.o(i.USBEndpointDMADisable), (34 bytes).
    Removing usb.o(i.USBEndpointDMAEnable), (34 bytes).
    Removing usb.o(i.USBEndpointDataAvail), (30 bytes).
    Removing usb.o(i.USBEndpointDataGet), (66 bytes).
    Removing usb.o(i.USBEndpointDataPut), (48 bytes).
    Removing usb.o(i.USBEndpointDataSend), (46 bytes).
    Removing usb.o(i.USBEndpointDataToggleClear), (34 bytes).
    Removing usb.o(i.USBEndpointPacketCountSet), (12 bytes).
    Removing usb.o(i.USBEndpointStatus), (16 bytes).
    Removing usb.o(i.USBFIFOAddrGet), (8 bytes).
    Removing usb.o(i.USBFIFOConfigGet), (76 bytes).
    Removing usb.o(i.USBFIFOConfigSet), (74 bytes).
    Removing usb.o(i.USBFIFOFlush), (68 bytes).
    Removing usb.o(i.USBFrameNumberGet), (4 bytes).
    Removing usb.o(i.USBHighSpeed), (20 bytes).
    Removing usb.o(i.USBHostAddrGet), (20 bytes).
    Removing usb.o(i.USBHostAddrSet), (22 bytes).
    Removing usb.o(i.USBHostEndpointConfig), (202 bytes).
    Removing usb.o(i.USBHostEndpointDataAck), (32 bytes).
    Removing usb.o(i.USBHostEndpointDataToggle), (88 bytes).
    Removing usb.o(i.USBHostEndpointPing), (28 bytes).
    Removing usb.o(i.USBHostEndpointSpeed), (76 bytes).
    Removing usb.o(i.USBHostEndpointStatusClear), (40 bytes).
    Removing usb.o(i.USBHostHubAddrGet), (20 bytes).
    Removing usb.o(i.USBHostHubAddrSet), (50 bytes).
    Removing usb.o(i.USBHostLPMConfig), (18 bytes).
    Removing usb.o(i.USBHostLPMResume), (14 bytes).
    Removing usb.o(i.USBHostLPMSend), (36 bytes).
    Removing usb.o(i.USBHostMode), (8 bytes).
    Removing usb.o(i.USBHostPwrConfig), (24 bytes).
    Removing usb.o(i.USBHostPwrDisable), (14 bytes).
    Removing usb.o(i.USBHostPwrEnable), (14 bytes).
    Removing usb.o(i.USBHostPwrFaultDisable), (14 bytes).
    Removing usb.o(i.USBHostPwrFaultEnable), (14 bytes).
    Removing usb.o(i.USBHostRequestIN), (18 bytes).
    Removing usb.o(i.USBHostRequestINClear), (22 bytes).
    Removing usb.o(i.USBHostRequestStatus), (8 bytes).
    Removing usb.o(i.USBHostReset), (20 bytes).
    Removing usb.o(i.USBHostResume), (20 bytes).
    Removing usb.o(i.USBHostSpeedGet), (40 bytes).
    Removing usb.o(i.USBHostSuspend), (10 bytes).
    Removing usb.o(i.USBIntDisableControl), (40 bytes).
    Removing usb.o(i.USBIntDisableEndpoint), (22 bytes).
    Removing usb.o(i.USBIntEnableControl), (40 bytes).
    Removing usb.o(i.USBIntEnableEndpoint), (22 bytes).
    Removing usb.o(i.USBIntRegister), (20 bytes).
    Removing usb.o(i.USBIntStatusControl), (56 bytes).
    Removing usb.o(i.USBIntStatusEndpoint), (10 bytes).
    Removing usb.o(i.USBIntUnregister), (20 bytes).
    Removing usb.o(i.USBLPMEndpointGet), (10 bytes).
    Removing usb.o(i.USBLPMIntDisable), (12 bytes).
    Removing usb.o(i.USBLPMIntEnable), (12 bytes).
    Removing usb.o(i.USBLPMIntStatus), (6 bytes).
    Removing usb.o(i.USBLPMLinkStateGet), (10 bytes).
    Removing usb.o(i.USBLPMRemoteWakeEnabled), (16 bytes).
    Removing usb.o(i.USBModeConfig), (6 bytes).
    Removing usb.o(i.USBModeGet), (10 bytes).
    Removing usb.o(i.USBNumEndpointsGet), (10 bytes).
    Removing usb.o(i.USBOTGMode), (8 bytes).
    Removing usb.o(i.USBOTGSessionRequest), (22 bytes).
    Removing usb.o(i.USBPHYPowerOff), (10 bytes).
    Removing usb.o(i.USBPHYPowerOn), (10 bytes).
    Removing usb.o(i.USBULPIConfig), (6 bytes).
    Removing usb.o(i.USBULPIDisable), (14 bytes).
    Removing usb.o(i.USBULPIEnable), (14 bytes).
    Removing usb.o(i.USBULPIRegRead), (30 bytes).
    Removing usb.o(i.USBULPIRegWrite), (30 bytes).
    Removing usb.o(i._USBIndexRead), (22 bytes).
    Removing usb.o(i._USBIndexWrite), (22 bytes).
    Removing watchdog.o(.rev16_text), (4 bytes).
    Removing watchdog.o(.revsh_text), (4 bytes).
    Removing watchdog.o(.rrx_text), (6 bytes).
    Removing watchdog.o(i.WatchdogEnable), (10 bytes).
    Removing watchdog.o(i.WatchdogIntClear), (6 bytes).
    Removing watchdog.o(i.WatchdogIntEnable), (10 bytes).
    Removing watchdog.o(i.WatchdogIntRegister), (18 bytes).
    Removing watchdog.o(i.WatchdogIntStatus), (10 bytes).
    Removing watchdog.o(i.WatchdogIntTypeSet), (12 bytes).
    Removing watchdog.o(i.WatchdogIntUnregister), (18 bytes).
    Removing watchdog.o(i.WatchdogLock), (8 bytes).
    Removing watchdog.o(i.WatchdogLockState), (12 bytes).
    Removing watchdog.o(i.WatchdogReloadGet), (4 bytes).
    Removing watchdog.o(i.WatchdogReloadSet), (4 bytes).
    Removing watchdog.o(i.WatchdogResetDisable), (10 bytes).
    Removing watchdog.o(i.WatchdogResetEnable), (10 bytes).
    Removing watchdog.o(i.WatchdogRunning), (8 bytes).
    Removing watchdog.o(i.WatchdogStallDisable), (14 bytes).
    Removing watchdog.o(i.WatchdogStallEnable), (14 bytes).
    Removing watchdog.o(i.WatchdogUnlock), (12 bytes).
    Removing watchdog.o(i.WatchdogValueGet), (4 bytes).
    Removing main.o(.rev16_text), (4 bytes).
    Removing main.o(.revsh_text), (4 bytes).
    Removing main.o(.rrx_text), (6 bytes).
    Removing main.o(i.Correct_Phase), (2 bytes).
    Removing main.o(i.Correct_Vrms), (2 bytes).
    Removing main.o(i.HMI_DDS_9959), (300 bytes).
    Removing main.o(i.HMI_Reset_Sys), (16 bytes).
    Removing main.o(i.bubble_sort), (54 bytes).
    Removing main.o(i.hexArrayToDecimal), (16 bytes).
    Removing main.o(.bss), (2048 bytes).
    Removing main.o(.data), (8 bytes).
    Removing main.o(.data), (2 bytes).
    Removing main.o(.data), (8 bytes).
    Removing main.o(.data), (8 bytes).
    Removing main.o(.data), (2 bytes).
    Removing main.o(.data), (2 bytes).
    Removing main.o(.data), (3 bytes).
    Removing main.o(.data), (1 bytes).
    Removing delay.o(.rev16_text), (4 bytes).
    Removing delay.o(.revsh_text), (4 bytes).
    Removing delay.o(.rrx_text), (6 bytes).
    Removing delay.o(i.delay_us), (10 bytes).
    Removing button.o(.rev16_text), (4 bytes).
    Removing button.o(.revsh_text), (4 bytes).
    Removing button.o(.rrx_text), (6 bytes).
    Removing button.o(i.Switch_Init), (40 bytes).
    Removing button.o(i.buttons_init), (56 bytes).
    Removing button.o(i.buttons_read), (44 bytes).
    Removing system_init.o(.rev16_text), (4 bytes).
    Removing system_init.o(.revsh_text), (4 bytes).
    Removing system_init.o(.rrx_text), (6 bytes).
    Removing uart_1.o(.rev16_text), (4 bytes).
    Removing uart_1.o(.revsh_text), (4 bytes).
    Removing uart_1.o(.rrx_text), (6 bytes).
    Removing uart_1.o(i.USART2_IRQHandler), (104 bytes).
    Removing uartstdio.o(.rev16_text), (4 bytes).
    Removing uartstdio.o(.revsh_text), (4 bytes).
    Removing uartstdio.o(.rrx_text), (6 bytes).
    Removing uartstdio.o(i.UARTgetc), (24 bytes).
    Removing uartstdio.o(i.UARTgets), (132 bytes).
    Removing uartstdio.o(i.UARTvprintf), (436 bytes).
    Removing uartstdio.o(i.UARTwrite), (60 bytes).
    Removing uartstdio.o(i.printf2), (18 bytes).
    Removing tim.o(.rev16_text), (4 bytes).
    Removing tim.o(.revsh_text), (4 bytes).
    Removing tim.o(.rrx_text), (6 bytes).
    Removing tim.o(i.tim1_init), (100 bytes).
    Removing ad9959.o(.rev16_text), (4 bytes).
    Removing ad9959.o(.revsh_text), (4 bytes).
    Removing ad9959.o(.rrx_text), (6 bytes).
    Removing ad9959.o(i.Write_FDW), (40 bytes).
    Removing ad9959.o(i.Write_LSRR), (26 bytes).
    Removing ad9959.o(i.Write_Profile_Ampli), (32 bytes).
    Removing ad9959.o(i.Write_Profile_Fre), (80 bytes).
    Removing ad9959.o(i.Write_Profile_Phase), (32 bytes).
    Removing ad9959.o(i.Write_RDW), (40 bytes).
    Removing ad9959.o(.data), (3 bytes).
    Removing adc_1.o(.rev16_text), (4 bytes).
    Removing adc_1.o(.revsh_text), (4 bytes).
    Removing adc_1.o(.rrx_text), (6 bytes).
    Removing adc_1.o(i.adc0_init), (268 bytes).
    Removing cd4051.o(.rev16_text), (4 bytes).
    Removing cd4051.o(.revsh_text), (4 bytes).
    Removing cd4051.o(.rrx_text), (6 bytes).
    Removing system_msp432e401y.o(.rev16_text), (4 bytes).
    Removing system_msp432e401y.o(.revsh_text), (4 bytes).
    Removing system_msp432e401y.o(.rrx_text), (6 bytes).
    Removing system_msp432e401y.o(i.SystemCoreClockUpdate), (164 bytes).
    Removing startup_msp432e401y_uvision.o(HEAP), (0 bytes).
    Removing dfixul.o(.text), (48 bytes).

1021 unused section(s) (total 29203 bytes) removed from the image.

==============================================================================

Image Symbol Table

    Local Symbols

    Symbol Name                              Value     Ov Type        Size  Object(Section)

    RESET                                    0x00000000   Section      508  startup_msp432e401y_uvision.o(RESET)
    ../clib/../cmprslib/zerorunl.c           0x00000000   Number         0  __dczerorl.o ABSOLUTE
    ../clib/microlib/division.c              0x00000000   Number         0  uldiv.o ABSOLUTE
    ../clib/microlib/division.c              0x00000000   Number         0  uidiv.o ABSOLUTE
    ../clib/microlib/errno.c                 0x00000000   Number         0  errno.o ABSOLUTE
    ../clib/microlib/init/entry.s            0x00000000   Number         0  entry2.o ABSOLUTE
    ../clib/microlib/init/entry.s            0x00000000   Number         0  entry9b.o ABSOLUTE
    ../clib/microlib/init/entry.s            0x00000000   Number         0  entry10b.o ABSOLUTE
    ../clib/microlib/init/entry.s            0x00000000   Number         0  entry.o ABSOLUTE
    ../clib/microlib/init/entry.s            0x00000000   Number         0  entry10a.o ABSOLUTE
    ../clib/microlib/init/entry.s            0x00000000   Number         0  entry11a.o ABSOLUTE
    ../clib/microlib/init/entry.s            0x00000000   Number         0  entry11b.o ABSOLUTE
    ../clib/microlib/init/entry.s            0x00000000   Number         0  entry5.o ABSOLUTE
    ../clib/microlib/init/entry.s            0x00000000   Number         0  entry9a.o ABSOLUTE
    ../clib/microlib/init/entry.s            0x00000000   Number         0  entry8b.o ABSOLUTE
    ../clib/microlib/init/entry.s            0x00000000   Number         0  entry8a.o ABSOLUTE
    ../clib/microlib/init/entry.s            0x00000000   Number         0  entry7a.o ABSOLUTE
    ../clib/microlib/init/entry.s            0x00000000   Number         0  entry7b.o ABSOLUTE
    ../clib/microlib/longlong.c              0x00000000   Number         0  llshl.o ABSOLUTE
    ../clib/microlib/longlong.c              0x00000000   Number         0  llsshr.o ABSOLUTE
    ../clib/microlib/longlong.c              0x00000000   Number         0  llushr.o ABSOLUTE
    ../clib/microlib/printf/printf.c         0x00000000   Number         0  printf3.o ABSOLUTE
    ../clib/microlib/printf/printf.c         0x00000000   Number         0  printf4.o ABSOLUTE
    ../clib/microlib/printf/printf.c         0x00000000   Number         0  printf5.o ABSOLUTE
    ../clib/microlib/printf/printf.c         0x00000000   Number         0  printf6.o ABSOLUTE
    ../clib/microlib/printf/printf.c         0x00000000   Number         0  printf7.o ABSOLUTE
    ../clib/microlib/printf/printf.c         0x00000000   Number         0  printf8.o ABSOLUTE
    ../clib/microlib/printf/printf.c         0x00000000   Number         0  printfa.o ABSOLUTE
    ../clib/microlib/printf/printf.c         0x00000000   Number         0  printf1.o ABSOLUTE
    ../clib/microlib/printf/printf.c         0x00000000   Number         0  printf2.o ABSOLUTE
    ../clib/microlib/printf/printf.c         0x00000000   Number         0  printfb.o ABSOLUTE
    ../clib/microlib/printf/printf.c         0x00000000   Number         0  printf0.o ABSOLUTE
    ../clib/microlib/printf/stubs.s          0x00000000   Number         0  stubs.o ABSOLUTE
    ../clib/microlib/stdio/fputc.c           0x00000000   Number         0  fputc.o ABSOLUTE
    ../clib/microlib/stdio/semi.s            0x00000000   Number         0  semi.o ABSOLUTE
    ../clib/microlib/stdio/streams.c         0x00000000   Number         0  stdout.o ABSOLUTE
    ../clib/microlib/stubs.s                 0x00000000   Number         0  iusesemip.o ABSOLUTE
    ../clib/microlib/stubs.s                 0x00000000   Number         0  iusefp.o ABSOLUTE
    ../fplib/microlib/d2f.c                  0x00000000   Number         0  d2f.o ABSOLUTE
    ../fplib/microlib/f2d.c                  0x00000000   Number         0  f2d.o ABSOLUTE
    ../fplib/microlib/fpadd.c                0x00000000   Number         0  dadd.o ABSOLUTE
    ../fplib/microlib/fpdiv.c                0x00000000   Number         0  ddiv.o ABSOLUTE
    ../fplib/microlib/fpepilogue.c           0x00000000   Number         0  fepilogue.o ABSOLUTE
    ../fplib/microlib/fpepilogue.c           0x00000000   Number         0  depilogue.o ABSOLUTE
    ../fplib/microlib/fpfix.c                0x00000000   Number         0  dfixui.o ABSOLUTE
    ../fplib/microlib/fpfix.c                0x00000000   Number         0  dfixul.o ABSOLUTE
    ../fplib/microlib/fpflt.c                0x00000000   Number         0  dfltui.o ABSOLUTE
    ../fplib/microlib/fpmul.c                0x00000000   Number         0  dmul.o ABSOLUTE
    ../mathlib/fpclassifyf.c                 0x00000000   Number         0  fpclassifyf.o ABSOLUTE
    ../mathlib/funder.c                      0x00000000   Number         0  funder.o ABSOLUTE
    ../mathlib/rredf.c                       0x00000000   Number         0  rredf.o ABSOLUTE
    ../mathlib/sqrtf.c                       0x00000000   Number         0  sqrtf.o ABSOLUTE
    ../mathlib/sqrtf.c                       0x00000000   Number         0  sqrtf_x.o ABSOLUTE
    ../mathlib/tanf.c                        0x00000000   Number         0  tanf.o ABSOLUTE
    ../mathlib/tanf.c                        0x00000000   Number         0  tanf_x.o ABSOLUTE
    CD4051.c                                 0x00000000   Number         0  cd4051.o ABSOLUTE
    CD4051.c                                 0x00000000   Number         0  cd4051.o ABSOLUTE
    cdcmple.s                                0x00000000   Number         0  cdcmple.o ABSOLUTE
    cdrcmple.s                               0x00000000   Number         0  cdrcmple.o ABSOLUTE
    dc.s                                     0x00000000   Number         0  dc.o ABSOLUTE
    handlers.s                               0x00000000   Number         0  handlers.o ABSOLUTE
    init.s                                   0x00000000   Number         0  init.o ABSOLUTE
    source\AD9910.c                          0x00000000   Number         0  ad9910.o ABSOLUTE
    source\ADS112C04.c                       0x00000000   Number         0  ads112c04.o ABSOLUTE
    source\ADS112C04_i2c.c                   0x00000000   Number         0  ads112c04_i2c.o ABSOLUTE
    source\\adc.c                            0x00000000   Number         0  adc_1.o ABSOLUTE
    source\\app\\AD9959.c                    0x00000000   Number         0  ad9959.o ABSOLUTE
    source\\app\\main.c                      0x00000000   Number         0  main.o ABSOLUTE
    source\\button.c                         0x00000000   Number         0  button.o ABSOLUTE
    source\\delay.c                          0x00000000   Number         0  delay.o ABSOLUTE
    source\\system_init.c                    0x00000000   Number         0  system_init.o ABSOLUTE
    source\\ti\\devices\\msp432e4\\driverlib\\adc.c 0x00000000   Number         0  adc.o ABSOLUTE
    source\\ti\\devices\\msp432e4\\driverlib\\aes.c 0x00000000   Number         0  aes.o ABSOLUTE
    source\\ti\\devices\\msp432e4\\driverlib\\can.c 0x00000000   Number         0  can.o ABSOLUTE
    source\\ti\\devices\\msp432e4\\driverlib\\comp.c 0x00000000   Number         0  comp.o ABSOLUTE
    source\\ti\\devices\\msp432e4\\driverlib\\cpu.c 0x00000000   Number         0  cpu.o ABSOLUTE
    source\\ti\\devices\\msp432e4\\driverlib\\crc.c 0x00000000   Number         0  crc.o ABSOLUTE
    source\\ti\\devices\\msp432e4\\driverlib\\des.c 0x00000000   Number         0  des.o ABSOLUTE
    source\\ti\\devices\\msp432e4\\driverlib\\emac.c 0x00000000   Number         0  emac.o ABSOLUTE
    source\\ti\\devices\\msp432e4\\driverlib\\epi.c 0x00000000   Number         0  epi.o ABSOLUTE
    source\\ti\\devices\\msp432e4\\driverlib\\gpio.c 0x00000000   Number         0  gpio.o ABSOLUTE
    source\\ti\\devices\\msp432e4\\driverlib\\i2c.c 0x00000000   Number         0  i2c.o ABSOLUTE
    source\\ti\\devices\\msp432e4\\driverlib\\lcd.c 0x00000000   Number         0  lcd.o ABSOLUTE
    source\\ti\\devices\\msp432e4\\driverlib\\mpu.c 0x00000000   Number         0  mpu.o ABSOLUTE
    source\\ti\\devices\\msp432e4\\driverlib\\onewire.c 0x00000000   Number         0  onewire.o ABSOLUTE
    source\\ti\\devices\\msp432e4\\driverlib\\pwm.c 0x00000000   Number         0  pwm.o ABSOLUTE
    source\\ti\\devices\\msp432e4\\driverlib\\qei.c 0x00000000   Number         0  qei.o ABSOLUTE
    source\\ti\\devices\\msp432e4\\driverlib\\shamd5.c 0x00000000   Number         0  shamd5.o ABSOLUTE
    source\\ti\\devices\\msp432e4\\driverlib\\ssi.c 0x00000000   Number         0  ssi.o ABSOLUTE
    source\\ti\\devices\\msp432e4\\driverlib\\sysctl.c 0x00000000   Number         0  sysctl.o ABSOLUTE
    source\\ti\\devices\\msp432e4\\driverlib\\timer.c 0x00000000   Number         0  timer.o ABSOLUTE
    source\\ti\\devices\\msp432e4\\driverlib\\uart.c 0x00000000   Number         0  uart.o ABSOLUTE
    source\\ti\\devices\\msp432e4\\driverlib\\usb.c 0x00000000   Number         0  usb.o ABSOLUTE
    source\\ti\\devices\\msp432e4\\driverlib\\watchdog.c 0x00000000   Number         0  watchdog.o ABSOLUTE
    source\\ti\\devices\\msp432e4\\startup_system_files\\system_msp432e401y.c 0x00000000   Number         0  system_msp432e401y.o ABSOLUTE
    source\\tim.c                            0x00000000   Number         0  tim.o ABSOLUTE
    source\\uart.c                           0x00000000   Number         0  uart_1.o ABSOLUTE
    source\\uartstdio.c                      0x00000000   Number         0  uartstdio.o ABSOLUTE
    source\adc.c                             0x00000000   Number         0  adc_1.o ABSOLUTE
    source\app\AD9959.c                      0x00000000   Number         0  ad9959.o ABSOLUTE
    source\app\main.c                        0x00000000   Number         0  main.o ABSOLUTE
    source\button.c                          0x00000000   Number         0  button.o ABSOLUTE
    source\delay.c                           0x00000000   Number         0  delay.o ABSOLUTE
    source\system_init.c                     0x00000000   Number         0  system_init.o ABSOLUTE
    source\ti\devices\msp432e4\driverlib\adc.c 0x00000000   Number         0  adc.o ABSOLUTE
    source\ti\devices\msp432e4\driverlib\aes.c 0x00000000   Number         0  aes.o ABSOLUTE
    source\ti\devices\msp432e4\driverlib\can.c 0x00000000   Number         0  can.o ABSOLUTE
    source\ti\devices\msp432e4\driverlib\comp.c 0x00000000   Number         0  comp.o ABSOLUTE
    source\ti\devices\msp432e4\driverlib\cpu.c 0x00000000   Number         0  cpu.o ABSOLUTE
    source\ti\devices\msp432e4\driverlib\crc.c 0x00000000   Number         0  crc.o ABSOLUTE
    source\ti\devices\msp432e4\driverlib\des.c 0x00000000   Number         0  des.o ABSOLUTE
    source\ti\devices\msp432e4\driverlib\eeprom.c 0x00000000   Number         0  eeprom.o ABSOLUTE
    source\ti\devices\msp432e4\driverlib\emac.c 0x00000000   Number         0  emac.o ABSOLUTE
    source\ti\devices\msp432e4\driverlib\epi.c 0x00000000   Number         0  epi.o ABSOLUTE
    source\ti\devices\msp432e4\driverlib\flash.c 0x00000000   Number         0  flash.o ABSOLUTE
    source\ti\devices\msp432e4\driverlib\fpu.c 0x00000000   Number         0  fpu.o ABSOLUTE
    source\ti\devices\msp432e4\driverlib\gpio.c 0x00000000   Number         0  gpio.o ABSOLUTE
    source\ti\devices\msp432e4\driverlib\hibernate.c 0x00000000   Number         0  hibernate.o ABSOLUTE
    source\ti\devices\msp432e4\driverlib\i2c.c 0x00000000   Number         0  i2c.o ABSOLUTE
    source\ti\devices\msp432e4\driverlib\interrupt.c 0x00000000   Number         0  interrupt.o ABSOLUTE
    source\ti\devices\msp432e4\driverlib\lcd.c 0x00000000   Number         0  lcd.o ABSOLUTE
    source\ti\devices\msp432e4\driverlib\mpu.c 0x00000000   Number         0  mpu.o ABSOLUTE
    source\ti\devices\msp432e4\driverlib\onewire.c 0x00000000   Number         0  onewire.o ABSOLUTE
    source\ti\devices\msp432e4\driverlib\pwm.c 0x00000000   Number         0  pwm.o ABSOLUTE
    source\ti\devices\msp432e4\driverlib\qei.c 0x00000000   Number         0  qei.o ABSOLUTE
    source\ti\devices\msp432e4\driverlib\shamd5.c 0x00000000   Number         0  shamd5.o ABSOLUTE
    source\ti\devices\msp432e4\driverlib\ssi.c 0x00000000   Number         0  ssi.o ABSOLUTE
    source\ti\devices\msp432e4\driverlib\sw_crc.c 0x00000000   Number         0  sw_crc.o ABSOLUTE
    source\ti\devices\msp432e4\driverlib\sysctl.c 0x00000000   Number         0  sysctl.o ABSOLUTE
    source\ti\devices\msp432e4\driverlib\sysexc.c 0x00000000   Number         0  sysexc.o ABSOLUTE
    source\ti\devices\msp432e4\driverlib\systick.c 0x00000000   Number         0  systick.o ABSOLUTE
    source\ti\devices\msp432e4\driverlib\timer.c 0x00000000   Number         0  timer.o ABSOLUTE
    source\ti\devices\msp432e4\driverlib\uart.c 0x00000000   Number         0  uart.o ABSOLUTE
    source\ti\devices\msp432e4\driverlib\udma.c 0x00000000   Number         0  udma.o ABSOLUTE
    source\ti\devices\msp432e4\driverlib\usb.c 0x00000000   Number         0  usb.o ABSOLUTE
    source\ti\devices\msp432e4\driverlib\watchdog.c 0x00000000   Number         0  watchdog.o ABSOLUTE
    source\ti\devices\msp432e4\startup_system_files\keil\startup_msp432e401y_uvision.s 0x00000000   Number         0  startup_msp432e401y_uvision.o ABSOLUTE
    source\ti\devices\msp432e4\startup_system_files\system_msp432e401y.c 0x00000000   Number         0  system_msp432e401y.o ABSOLUTE
    source\tim.c                             0x00000000   Number         0  tim.o ABSOLUTE
    source\uart.c                            0x00000000   Number         0  uart_1.o ABSOLUTE
    source\uartstdio.c                       0x00000000   Number         0  uartstdio.o ABSOLUTE
    .ARM.Collect$$$$00000000                 0x000001fc   Section        0  entry.o(.ARM.Collect$$$$00000000)
    .ARM.Collect$$$$00000001                 0x000001fc   Section        4  entry2.o(.ARM.Collect$$$$00000001)
    .ARM.Collect$$$$00000004                 0x00000200   Section        4  entry5.o(.ARM.Collect$$$$00000004)
    .ARM.Collect$$$$00000008                 0x00000204   Section        0  entry7b.o(.ARM.Collect$$$$00000008)
    .ARM.Collect$$$$0000000A                 0x00000204   Section        0  entry8b.o(.ARM.Collect$$$$0000000A)
    .ARM.Collect$$$$0000000B                 0x00000204   Section        8  entry9a.o(.ARM.Collect$$$$0000000B)
    .ARM.Collect$$$$0000000D                 0x0000020c   Section        0  entry10a.o(.ARM.Collect$$$$0000000D)
    .ARM.Collect$$$$0000000F                 0x0000020c   Section        0  entry11a.o(.ARM.Collect$$$$0000000F)
    .ARM.Collect$$$$00002712                 0x0000020c   Section        4  entry2.o(.ARM.Collect$$$$00002712)
    __lit__00000000                          0x0000020c   Data           4  entry2.o(.ARM.Collect$$$$00002712)
    .emb_text                                0x00000210   Section        6  sysctl.o(.emb_text)
    $v0                                      0x00000210   Number         0  sysctl.o(.emb_text)
    .text                                    0x00000218   Section       36  startup_msp432e401y_uvision.o(.text)
    $v0                                      0x00000218   Number         0  startup_msp432e401y_uvision.o(.text)
    .text                                    0x0000023c   Section        0  dadd.o(.text)
    .text                                    0x0000038a   Section        0  dmul.o(.text)
    .text                                    0x0000046e   Section        0  ddiv.o(.text)
    .text                                    0x0000054c   Section        0  dfltui.o(.text)
    .text                                    0x00000566   Section        0  dfixui.o(.text)
    .text                                    0x00000598   Section        0  f2d.o(.text)
    .text                                    0x000005c0   Section       48  cdcmple.o(.text)
    .text                                    0x000005f0   Section       48  cdrcmple.o(.text)
    .text                                    0x00000620   Section        0  d2f.o(.text)
    .text                                    0x00000658   Section        0  uidiv.o(.text)
    .text                                    0x00000684   Section        0  llshl.o(.text)
    .text                                    0x000006a2   Section        0  llushr.o(.text)
    .text                                    0x000006c2   Section        0  llsshr.o(.text)
    .text                                    0x000006e6   Section        0  iusefp.o(.text)
    .text                                    0x000006e6   Section        0  fepilogue.o(.text)
    .text                                    0x00000754   Section        0  depilogue.o(.text)
    .text                                    0x00000810   Section       36  init.o(.text)
    .text                                    0x00000834   Section        0  __dczerorl.o(.text)
    i.AD9959_IOInit                          0x00000870   Section        0  ad9959.o(i.AD9959_IOInit)
    i.AD9959_Init                            0x000009a4   Section        0  ad9959.o(i.AD9959_Init)
    i.AD9959_Set_Amp                         0x000009d0   Section        0  ad9959.o(i.AD9959_Set_Amp)
    i.AD9959_Set_Fre                         0x000009ee   Section        0  ad9959.o(i.AD9959_Set_Fre)
    i.AD9959_Set_Phase                       0x00000a0c   Section        0  ad9959.o(i.AD9959_Set_Phase)
    i.AD9959_WriteData                       0x00000a2c   Section        0  ad9959.o(i.AD9959_WriteData)
    i.ADC0SS3_IRQHandler                     0x00000af4   Section        0  adc_1.o(i.ADC0SS3_IRQHandler)
    i.ADC1SS3_IRQHandler                     0x00000b40   Section        0  adc_1.o(i.ADC1SS3_IRQHandler)
    i.ADCIntClearEx                          0x00000b94   Section        0  adc.o(i.ADCIntClearEx)
    i.ADCSequenceStepConfigure               0x00000b98   Section        0  adc.o(i.ADCSequenceStepConfigure)
    i.ADC_All_Init                           0x00000c08   Section        0  main.o(i.ADC_All_Init)
    i.CD4051_Init                            0x00000c44   Section        0  cd4051.o(i.CD4051_Init)
    i.CD4051_Select_Channel                  0x00000c80   Section        0  cd4051.o(i.CD4051_Select_Channel)
    i.C_Measure                              0x00000d14   Section        0  main.o(i.C_Measure)
    i.DDS_Init                               0x000011a4   Section        0  main.o(i.DDS_Init)
    i.Filter                                 0x000011f0   Section        0  main.o(i.Filter)
    i.Filter1                                0x00001288   Section        0  main.o(i.Filter1)
    i.GPIODirModeSet                         0x0000130c   Section        0  gpio.o(i.GPIODirModeSet)
    i.GPIOPadConfigSet                       0x00001332   Section        0  gpio.o(i.GPIOPadConfigSet)
    i.GPIOPinTypeGPIOOutput                  0x0000144e   Section        0  gpio.o(i.GPIOPinTypeGPIOOutput)
    i.GPIOPinWrite                           0x0000146a   Section        0  gpio.o(i.GPIOPinWrite)
    i.HMI_Init                               0x00001470   Section        0  main.o(i.HMI_Init)
    i.HMI_Reset_Sys_Init                     0x000014a4   Section        0  main.o(i.HMI_Reset_Sys_Init)
    i.IO_Update                              0x000014c0   Section        0  ad9959.o(i.IO_Update)
    i.IntPrioritySet                         0x000014f8   Section        0  interrupt.o(i.IntPrioritySet)
    i.IntRegister                            0x0000151c   Section        0  interrupt.o(i.IntRegister)
    i.IntReset                               0x0000154c   Section        0  ad9959.o(i.IntReset)
    i.Intserve                               0x00001584   Section        0  ad9959.o(i.Intserve)
    i.SysCtlClockFreqSet                     0x00001628   Section        0  sysctl.o(i.SysCtlClockFreqSet)
    i.SysCtlPeripheralEnable                 0x00001858   Section        0  sysctl.o(i.SysCtlPeripheralEnable)
    i.SysCtlPeripheralReady                  0x00001880   Section        0  sysctl.o(i.SysCtlPeripheralReady)
    i.SysTickEnable                          0x000018ac   Section        0  systick.o(i.SysTickEnable)
    i.SysTickIntEnable                       0x000018ba   Section        0  systick.o(i.SysTickIntEnable)
    i.SysTickIntRegister                     0x000018c8   Section        0  systick.o(i.SysTickIntRegister)
    i.SysTick_Handler                        0x000018e0   Section        0  system_init.o(i.SysTick_Handler)
    i.SystemInit                             0x000018e4   Section        0  system_msp432e401y.o(i.SystemInit)
    i.TIMER2A_IRQHandler                     0x00001904   Section        0  main.o(i.TIMER2A_IRQHandler)
    i.TIMER3B_IRQHandler                     0x00001994   Section        0  main.o(i.TIMER3B_IRQHandler)
    i.TimerPrescaleSet                       0x000019e8   Section        0  timer.o(i.TimerPrescaleSet)
    i.TimerSynchronize                       0x000019fa   Section        0  timer.o(i.TimerSynchronize)
    i.TimerValueGet                          0x000019fe   Section        0  timer.o(i.TimerValueGet)
    i.UART0_IRQHandler                       0x00001a0c   Section        0  uart_1.o(i.UART0_IRQHandler)
    i.UART2_IRQHandler                       0x00001a7c   Section        0  main.o(i.UART2_IRQHandler)
    i.UARTSend                               0x00001b44   Section        0  uart_1.o(i.UARTSend)
    i.UARTStdioConfig                        0x00001b68   Section        0  uartstdio.o(i.UARTStdioConfig)
    i.Write_ACR                              0x00001bc4   Section        0  ad9959.o(i.Write_ACR)
    i.Write_CFTW0                            0x00001be4   Section        0  ad9959.o(i.Write_CFTW0)
    i.Write_CPOW0                            0x00001c30   Section        0  ad9959.o(i.Write_CPOW0)
    i._SysCtlMemTimingGet                    0x00001c4c   Section        0  sysctl.o(i._SysCtlMemTimingGet)
    _SysCtlMemTimingGet                      0x00001c4d   Thumb Code    30  sysctl.o(i._SysCtlMemTimingGet)
    i.__0sprintf$6                           0x00001c70   Section        0  printf6.o(i.__0sprintf$6)
    i.__ARM_fpclassifyf                      0x00001c98   Section        0  fpclassifyf.o(i.__ARM_fpclassifyf)
    i.__hardfp_sqrtf                         0x00001cbe   Section        0  sqrtf.o(i.__hardfp_sqrtf)
    i.__hardfp_tanf                          0x00001cf8   Section        0  tanf.o(i.__hardfp_tanf)
    i.__mathlib_flt_infnan                   0x00001e74   Section        0  funder.o(i.__mathlib_flt_infnan)
    i.__mathlib_flt_invalid                  0x00001e7c   Section        0  funder.o(i.__mathlib_flt_invalid)
    i.__mathlib_flt_underflow                0x00001e8c   Section        0  funder.o(i.__mathlib_flt_underflow)
    i.__mathlib_rredf2                       0x00001e9c   Section        0  rredf.o(i.__mathlib_rredf2)
    i.__scatterload_copy                     0x00001ff0   Section       14  handlers.o(i.__scatterload_copy)
    i.__scatterload_null                     0x00001ffe   Section        2  handlers.o(i.__scatterload_null)
    i.__scatterload_zeroinit                 0x00002000   Section       14  handlers.o(i.__scatterload_zeroinit)
    i.__set_errno                            0x00002010   Section        0  errno.o(i.__set_errno)
    i._printf_core                           0x0000201c   Section        0  printf6.o(i._printf_core)
    _printf_core                             0x0000201d   Thumb Code   748  printf6.o(i._printf_core)
    i._printf_post_padding                   0x0000230c   Section        0  printf6.o(i._printf_post_padding)
    _printf_post_padding                     0x0000230d   Thumb Code    36  printf6.o(i._printf_post_padding)
    i._printf_pre_padding                    0x00002330   Section        0  printf6.o(i._printf_pre_padding)
    _printf_pre_padding                      0x00002331   Thumb Code    46  printf6.o(i._printf_pre_padding)
    i._sputc                                 0x0000235e   Section        0  printf6.o(i._sputc)
    _sputc                                   0x0000235f   Thumb Code    10  printf6.o(i._sputc)
    i.adc_init                               0x00002368   Section        0  adc_1.o(i.adc_init)
    i.capture1_init                          0x0000252c   Section        0  tim.o(i.capture1_init)
    i.capture2_init                          0x000025d4   Section        0  tim.o(i.capture2_init)
    i.delay1                                 0x00002680   Section        0  ad9959.o(i.delay1)
    i.delay_ms                               0x0000268c   Section        0  delay.o(i.delay_ms)
    i.main                                   0x00002698   Section        0  main.o(i.main)
    i.sys_init                               0x00002918   Section        0  system_init.o(i.sys_init)
    i.uart0_init                             0x00002948   Section        0  uart_1.o(i.uart0_init)
    i.uart2_init                             0x000029a8   Section        0  uart_1.o(i.uart2_init)
    .constdata                               0x00002a20   Section      268  interrupt.o(.constdata)
    g_pui32Priority                          0x00002a20   Data          32  interrupt.o(.constdata)
    g_pui32Regs                              0x00002a40   Data         156  interrupt.o(.constdata)
    g_pui32EnRegs                            0x00002adc   Data          20  interrupt.o(.constdata)
    g_pui32Dii16Regs                         0x00002af0   Data          20  interrupt.o(.constdata)
    g_pui32PendRegs                          0x00002b04   Data          20  interrupt.o(.constdata)
    g_pui32UnpendRegs                        0x00002b18   Data          20  interrupt.o(.constdata)
    .constdata                               0x00002b2c   Section      528  sysctl.o(.constdata)
    g_pui32VCOFrequencies                    0x00002b2c   Data           8  sysctl.o(.constdata)
    g_pui32Xtals                             0x00002b34   Data          40  sysctl.o(.constdata)
    g_pppui32XTALtoVCO                       0x00002b5c   Data         432  sysctl.o(.constdata)
    g_sXTALtoMEMTIM                          0x00002d0c   Data          48  sysctl.o(.constdata)
    .constdata                               0x00002d3c   Section       28  uartstdio.o(.constdata)
    g_pcHex                                  0x00002d3c   Data           4  uartstdio.o(.constdata)
    g_ui32UARTBase                           0x00002d40   Data          12  uartstdio.o(.constdata)
    g_ui32UARTPeriph                         0x00002d4c   Data          12  uartstdio.o(.constdata)
    .constdata                               0x00002d58   Section       32  rredf.o(.constdata)
    twooverpi                                0x00002d58   Data          32  rredf.o(.constdata)
    .conststring                             0x00002d78   Section       17  uartstdio.o(.conststring)
    .data                                    0x20000000   Section      128  main.o(.data)
    .data                                    0x20000080   Section        2  main.o(.data)
    .data                                    0x20000084   Section        8  uartstdio.o(.data)
    bLastWasCR                               0x20000084   Data           1  uartstdio.o(.data)
    g_ui32Base                               0x20000088   Data           4  uartstdio.o(.data)
    .data                                    0x20000090   Section       16  ad9959.o(.data)
    .data                                    0x200000a0   Section        4  system_msp432e401y.o(.data)
    .data                                    0x200000a4   Section        4  errno.o(.data)
    _errno                                   0x200000a4   Data           4  errno.o(.data)
    vtable                                   0x20000400   Section      620  interrupt.o(vtable)
    g_pfnRAMVectors                          0x20000400   Data         620  interrupt.o(vtable)
    .bss                                     0x2000066c   Section       16  main.o(.bss)
    .bss                                     0x2000067c   Section     1024  uart_1.o(.bss)
    .bss                                     0x20000c00   Section     1024  adc_1.o(.bss)
    STACK                                    0x20001000   Section      512  startup_msp432e401y_uvision.o(STACK)

    Global Symbols

    Symbol Name                              Value     Ov Type        Size  Object(Section)

    BuildAttributes$$THM_ISAv4$E$P$D$K$B$S$7EM$VFPi3$EXTD16$VFPS$VFMA$PE$A:L22UL41UL21$X:L11$S22US41US21$IEEE1$IW$USESV6$~STKCKD$USESV7$~SHL$OTIME$ROPI$IEEEX$EBA8$MICROLIB$REQ8$PRES8$EABIv2 0x00000000   Number         0  anon$$obj.o ABSOLUTE
    __ARM_use_no_argv                        0x00000000   Number         0  main.o ABSOLUTE
    __Vectors                                0x00000000   Data           4  startup_msp432e401y_uvision.o(RESET)
    _printf_a                                0x00000000   Number         0  stubs.o ABSOLUTE
    _printf_c                                0x00000000   Number         0  stubs.o ABSOLUTE
    _printf_charcount                        0x00000000   Number         0  stubs.o ABSOLUTE
    _printf_d                                0x00000000   Number         0  stubs.o ABSOLUTE
    _printf_e                                0x00000000   Number         0  stubs.o ABSOLUTE
    _printf_f                                0x00000000   Number         0  stubs.o ABSOLUTE
    _printf_flags                            0x00000000   Number         0  stubs.o ABSOLUTE
    _printf_fp_dec                           0x00000000   Number         0  stubs.o ABSOLUTE
    _printf_fp_hex                           0x00000000   Number         0  stubs.o ABSOLUTE
    _printf_g                                0x00000000   Number         0  stubs.o ABSOLUTE
    _printf_i                                0x00000000   Number         0  stubs.o ABSOLUTE
    _printf_int_dec                          0x00000000   Number         0  stubs.o ABSOLUTE
    _printf_l                                0x00000000   Number         0  stubs.o ABSOLUTE
    _printf_lc                               0x00000000   Number         0  stubs.o ABSOLUTE
    _printf_ll                               0x00000000   Number         0  stubs.o ABSOLUTE
    _printf_lld                              0x00000000   Number         0  stubs.o ABSOLUTE
    _printf_lli                              0x00000000   Number         0  stubs.o ABSOLUTE
    _printf_llo                              0x00000000   Number         0  stubs.o ABSOLUTE
    _printf_llu                              0x00000000   Number         0  stubs.o ABSOLUTE
    _printf_llx                              0x00000000   Number         0  stubs.o ABSOLUTE
    _printf_longlong_dec                     0x00000000   Number         0  stubs.o ABSOLUTE
    _printf_longlong_hex                     0x00000000   Number         0  stubs.o ABSOLUTE
    _printf_longlong_oct                     0x00000000   Number         0  stubs.o ABSOLUTE
    _printf_ls                               0x00000000   Number         0  stubs.o ABSOLUTE
    _printf_mbtowc                           0x00000000   Number         0  stubs.o ABSOLUTE
    _printf_n                                0x00000000   Number         0  stubs.o ABSOLUTE
    _printf_o                                0x00000000   Number         0  stubs.o ABSOLUTE
    _printf_p                                0x00000000   Number         0  stubs.o ABSOLUTE
    _printf_percent                          0x00000000   Number         0  stubs.o ABSOLUTE
    _printf_pre_padding                      0x00000000   Number         0  stubs.o ABSOLUTE
    _printf_return_value                     0x00000000   Number         0  stubs.o ABSOLUTE
    _printf_s                                0x00000000   Number         0  stubs.o ABSOLUTE
    _printf_sizespec                         0x00000000   Number         0  stubs.o ABSOLUTE
    _printf_str                              0x00000000   Number         0  stubs.o ABSOLUTE
    _printf_truncate_signed                  0x00000000   Number         0  stubs.o ABSOLUTE
    _printf_truncate_unsigned                0x00000000   Number         0  stubs.o ABSOLUTE
    _printf_u                                0x00000000   Number         0  stubs.o ABSOLUTE
    _printf_wc                               0x00000000   Number         0  stubs.o ABSOLUTE
    _printf_wctomb                           0x00000000   Number         0  stubs.o ABSOLUTE
    _printf_widthprec                        0x00000000   Number         0  stubs.o ABSOLUTE
    _printf_x                                0x00000000   Number         0  stubs.o ABSOLUTE
    __cpp_initialize__aeabi_                  - Undefined Weak Reference
    __cxa_finalize                            - Undefined Weak Reference
    _clock_init                               - Undefined Weak Reference
    _microlib_exit                            - Undefined Weak Reference
    __Vectors_End                            0x000001fc   Data           0  startup_msp432e401y_uvision.o(RESET)
    __Vectors_Size                           0x000001fc   Number         0  startup_msp432e401y_uvision.o ABSOLUTE
    __main                                   0x000001fd   Thumb Code     0  entry.o(.ARM.Collect$$$$00000000)
    _main_stk                                0x000001fd   Thumb Code     0  entry2.o(.ARM.Collect$$$$00000001)
    _main_scatterload                        0x00000201   Thumb Code     0  entry5.o(.ARM.Collect$$$$00000004)
    __main_after_scatterload                 0x00000205   Thumb Code     0  entry5.o(.ARM.Collect$$$$00000004)
    _main_clock                              0x00000205   Thumb Code     0  entry7b.o(.ARM.Collect$$$$00000008)
    _main_cpp_init                           0x00000205   Thumb Code     0  entry8b.o(.ARM.Collect$$$$0000000A)
    _main_init                               0x00000205   Thumb Code     0  entry9a.o(.ARM.Collect$$$$0000000B)
    __rt_final_cpp                           0x0000020d   Thumb Code     0  entry10a.o(.ARM.Collect$$$$0000000D)
    __rt_final_exit                          0x0000020d   Thumb Code     0  entry11a.o(.ARM.Collect$$$$0000000F)
    SysCtlDelay                              0x00000211   Thumb Code     6  sysctl.o(.emb_text)
    Reset_Handler                            0x00000219   Thumb Code     8  startup_msp432e401y_uvision.o(.text)
    NMI_Handler                              0x00000221   Thumb Code     2  startup_msp432e401y_uvision.o(.text)
    HardFault_Handler                        0x00000223   Thumb Code     2  startup_msp432e401y_uvision.o(.text)
    MemManage_Handler                        0x00000225   Thumb Code     2  startup_msp432e401y_uvision.o(.text)
    BusFault_Handler                         0x00000227   Thumb Code     2  startup_msp432e401y_uvision.o(.text)
    UsageFault_Handler                       0x00000229   Thumb Code     2  startup_msp432e401y_uvision.o(.text)
    SVC_Handler                              0x0000022b   Thumb Code     2  startup_msp432e401y_uvision.o(.text)
    DebugMon_Handler                         0x0000022d   Thumb Code     2  startup_msp432e401y_uvision.o(.text)
    PendSV_Handler                           0x0000022f   Thumb Code     2  startup_msp432e401y_uvision.o(.text)
    ADC0SS0_IRQHandler                       0x00000233   Thumb Code     0  startup_msp432e401y_uvision.o(.text)
    ADC0SS1_IRQHandler                       0x00000233   Thumb Code     0  startup_msp432e401y_uvision.o(.text)
    ADC0SS2_IRQHandler                       0x00000233   Thumb Code     0  startup_msp432e401y_uvision.o(.text)
    ADC1SS0_IRQHandler                       0x00000233   Thumb Code     0  startup_msp432e401y_uvision.o(.text)
    ADC1SS1_IRQHandler                       0x00000233   Thumb Code     0  startup_msp432e401y_uvision.o(.text)
    ADC1SS2_IRQHandler                       0x00000233   Thumb Code     0  startup_msp432e401y_uvision.o(.text)
    AES0_IRQHandler                          0x00000233   Thumb Code     0  startup_msp432e401y_uvision.o(.text)
    CAN0_IRQHandler                          0x00000233   Thumb Code     0  startup_msp432e401y_uvision.o(.text)
    CAN1_IRQHandler                          0x00000233   Thumb Code     0  startup_msp432e401y_uvision.o(.text)
    COMP0_IRQHandler                         0x00000233   Thumb Code     0  startup_msp432e401y_uvision.o(.text)
    COMP1_IRQHandler                         0x00000233   Thumb Code     0  startup_msp432e401y_uvision.o(.text)
    COMP2_IRQHandler                         0x00000233   Thumb Code     0  startup_msp432e401y_uvision.o(.text)
    DES0_IRQHandler                          0x00000233   Thumb Code     0  startup_msp432e401y_uvision.o(.text)
    EMAC0_IRQHandler                         0x00000233   Thumb Code     0  startup_msp432e401y_uvision.o(.text)
    EPI0_IRQHandler                          0x00000233   Thumb Code     0  startup_msp432e401y_uvision.o(.text)
    FLASH_IRQHandler                         0x00000233   Thumb Code     0  startup_msp432e401y_uvision.o(.text)
    GPIOA_IRQHandler                         0x00000233   Thumb Code     0  startup_msp432e401y_uvision.o(.text)
    GPIOB_IRQHandler                         0x00000233   Thumb Code     0  startup_msp432e401y_uvision.o(.text)
    GPIOC_IRQHandler                         0x00000233   Thumb Code     0  startup_msp432e401y_uvision.o(.text)
    GPIOD_IRQHandler                         0x00000233   Thumb Code     0  startup_msp432e401y_uvision.o(.text)
    GPIOE_IRQHandler                         0x00000233   Thumb Code     0  startup_msp432e401y_uvision.o(.text)
    GPIOF_IRQHandler                         0x00000233   Thumb Code     0  startup_msp432e401y_uvision.o(.text)
    GPIOG_IRQHandler                         0x00000233   Thumb Code     0  startup_msp432e401y_uvision.o(.text)
    GPIOH_IRQHandler                         0x00000233   Thumb Code     0  startup_msp432e401y_uvision.o(.text)
    GPIOJ_IRQHandler                         0x00000233   Thumb Code     0  startup_msp432e401y_uvision.o(.text)
    GPIOK_IRQHandler                         0x00000233   Thumb Code     0  startup_msp432e401y_uvision.o(.text)
    GPIOL_IRQHandler                         0x00000233   Thumb Code     0  startup_msp432e401y_uvision.o(.text)
    GPIOM_IRQHandler                         0x00000233   Thumb Code     0  startup_msp432e401y_uvision.o(.text)
    GPION_IRQHandler                         0x00000233   Thumb Code     0  startup_msp432e401y_uvision.o(.text)
    GPIOP0_IRQHandler                        0x00000233   Thumb Code     0  startup_msp432e401y_uvision.o(.text)
    GPIOP1_IRQHandler                        0x00000233   Thumb Code     0  startup_msp432e401y_uvision.o(.text)
    GPIOP2_IRQHandler                        0x00000233   Thumb Code     0  startup_msp432e401y_uvision.o(.text)
    GPIOP3_IRQHandler                        0x00000233   Thumb Code     0  startup_msp432e401y_uvision.o(.text)
    GPIOP4_IRQHandler                        0x00000233   Thumb Code     0  startup_msp432e401y_uvision.o(.text)
    GPIOP5_IRQHandler                        0x00000233   Thumb Code     0  startup_msp432e401y_uvision.o(.text)
    GPIOP6_IRQHandler                        0x00000233   Thumb Code     0  startup_msp432e401y_uvision.o(.text)
    GPIOP7_IRQHandler                        0x00000233   Thumb Code     0  startup_msp432e401y_uvision.o(.text)
    GPIOQ0_IRQHandler                        0x00000233   Thumb Code     0  startup_msp432e401y_uvision.o(.text)
    GPIOQ1_IRQHandler                        0x00000233   Thumb Code     0  startup_msp432e401y_uvision.o(.text)
    GPIOQ2_IRQHandler                        0x00000233   Thumb Code     0  startup_msp432e401y_uvision.o(.text)
    GPIOQ3_IRQHandler                        0x00000233   Thumb Code     0  startup_msp432e401y_uvision.o(.text)
    GPIOQ4_IRQHandler                        0x00000233   Thumb Code     0  startup_msp432e401y_uvision.o(.text)
    GPIOQ5_IRQHandler                        0x00000233   Thumb Code     0  startup_msp432e401y_uvision.o(.text)
    GPIOQ6_IRQHandler                        0x00000233   Thumb Code     0  startup_msp432e401y_uvision.o(.text)
    GPIOQ7_IRQHandler                        0x00000233   Thumb Code     0  startup_msp432e401y_uvision.o(.text)
    HIBERNATE_IRQHandler                     0x00000233   Thumb Code     0  startup_msp432e401y_uvision.o(.text)
    I2C0_IRQHandler                          0x00000233   Thumb Code     0  startup_msp432e401y_uvision.o(.text)
    I2C1_IRQHandler                          0x00000233   Thumb Code     0  startup_msp432e401y_uvision.o(.text)
    I2C2_IRQHandler                          0x00000233   Thumb Code     0  startup_msp432e401y_uvision.o(.text)
    I2C3_IRQHandler                          0x00000233   Thumb Code     0  startup_msp432e401y_uvision.o(.text)
    I2C4_IRQHandler                          0x00000233   Thumb Code     0  startup_msp432e401y_uvision.o(.text)
    I2C5_IRQHandler                          0x00000233   Thumb Code     0  startup_msp432e401y_uvision.o(.text)
    I2C6_IRQHandler                          0x00000233   Thumb Code     0  startup_msp432e401y_uvision.o(.text)
    I2C7_IRQHandler                          0x00000233   Thumb Code     0  startup_msp432e401y_uvision.o(.text)
    I2C8_IRQHandler                          0x00000233   Thumb Code     0  startup_msp432e401y_uvision.o(.text)
    I2C9_IRQHandler                          0x00000233   Thumb Code     0  startup_msp432e401y_uvision.o(.text)
    PWM0_0_IRQHandler                        0x00000233   Thumb Code     0  startup_msp432e401y_uvision.o(.text)
    PWM0_1_IRQHandler                        0x00000233   Thumb Code     0  startup_msp432e401y_uvision.o(.text)
    PWM0_2_IRQHandler                        0x00000233   Thumb Code     0  startup_msp432e401y_uvision.o(.text)
    PWM0_3_IRQHandler                        0x00000233   Thumb Code     0  startup_msp432e401y_uvision.o(.text)
    PWM0_FAULT_IRQHandler                    0x00000233   Thumb Code     0  startup_msp432e401y_uvision.o(.text)
    QEI0_IRQHandler                          0x00000233   Thumb Code     0  startup_msp432e401y_uvision.o(.text)
    SHA0_IRQHandler                          0x00000233   Thumb Code     0  startup_msp432e401y_uvision.o(.text)
    SSI0_IRQHandler                          0x00000233   Thumb Code     0  startup_msp432e401y_uvision.o(.text)
    SSI1_IRQHandler                          0x00000233   Thumb Code     0  startup_msp432e401y_uvision.o(.text)
    SSI2_IRQHandler                          0x00000233   Thumb Code     0  startup_msp432e401y_uvision.o(.text)
    SSI3_IRQHandler                          0x00000233   Thumb Code     0  startup_msp432e401y_uvision.o(.text)
    SYSCTL_IRQHandler                        0x00000233   Thumb Code     0  startup_msp432e401y_uvision.o(.text)
    SYSEXC_IRQHandler                        0x00000233   Thumb Code     0  startup_msp432e401y_uvision.o(.text)
    TAMPER0_IRQHandler                       0x00000233   Thumb Code     0  startup_msp432e401y_uvision.o(.text)
    TIMER0A_IRQHandler                       0x00000233   Thumb Code     0  startup_msp432e401y_uvision.o(.text)
    TIMER0B_IRQHandler                       0x00000233   Thumb Code     0  startup_msp432e401y_uvision.o(.text)
    TIMER1A_IRQHandler                       0x00000233   Thumb Code     0  startup_msp432e401y_uvision.o(.text)
    TIMER1B_IRQHandler                       0x00000233   Thumb Code     0  startup_msp432e401y_uvision.o(.text)
    TIMER2B_IRQHandler                       0x00000233   Thumb Code     0  startup_msp432e401y_uvision.o(.text)
    TIMER3A_IRQHandler                       0x00000233   Thumb Code     0  startup_msp432e401y_uvision.o(.text)
    TIMER4A_IRQHandler                       0x00000233   Thumb Code     0  startup_msp432e401y_uvision.o(.text)
    TIMER4B_IRQHandler                       0x00000233   Thumb Code     0  startup_msp432e401y_uvision.o(.text)
    TIMER5A_IRQHandler                       0x00000233   Thumb Code     0  startup_msp432e401y_uvision.o(.text)
    TIMER5B_IRQHandler                       0x00000233   Thumb Code     0  startup_msp432e401y_uvision.o(.text)
    TIMER6A_IRQHandler                       0x00000233   Thumb Code     0  startup_msp432e401y_uvision.o(.text)
    TIMER6B_IRQHandler                       0x00000233   Thumb Code     0  startup_msp432e401y_uvision.o(.text)
    TIMER7A_IRQHandler                       0x00000233   Thumb Code     0  startup_msp432e401y_uvision.o(.text)
    TIMER7B_IRQHandler                       0x00000233   Thumb Code     0  startup_msp432e401y_uvision.o(.text)
    UART1_IRQHandler                         0x00000233   Thumb Code     0  startup_msp432e401y_uvision.o(.text)
    UART3_IRQHandler                         0x00000233   Thumb Code     0  startup_msp432e401y_uvision.o(.text)
    UART4_IRQHandler                         0x00000233   Thumb Code     0  startup_msp432e401y_uvision.o(.text)
    UART5_IRQHandler                         0x00000233   Thumb Code     0  startup_msp432e401y_uvision.o(.text)
    UART6_IRQHandler                         0x00000233   Thumb Code     0  startup_msp432e401y_uvision.o(.text)
    UART7_IRQHandler                         0x00000233   Thumb Code     0  startup_msp432e401y_uvision.o(.text)
    UDMAERR_IRQHandler                       0x00000233   Thumb Code     0  startup_msp432e401y_uvision.o(.text)
    UDMA_IRQHandler                          0x00000233   Thumb Code     0  startup_msp432e401y_uvision.o(.text)
    USB0_IRQHandler                          0x00000233   Thumb Code     0  startup_msp432e401y_uvision.o(.text)
    WATCHDOG_IRQHandler                      0x00000233   Thumb Code     0  startup_msp432e401y_uvision.o(.text)
    __aeabi_dadd                             0x0000023d   Thumb Code   322  dadd.o(.text)
    __aeabi_dsub                             0x0000037f   Thumb Code     6  dadd.o(.text)
    __aeabi_drsub                            0x00000385   Thumb Code     6  dadd.o(.text)
    __aeabi_dmul                             0x0000038b   Thumb Code   228  dmul.o(.text)
    __aeabi_ddiv                             0x0000046f   Thumb Code   222  ddiv.o(.text)
    __aeabi_ui2d                             0x0000054d   Thumb Code    26  dfltui.o(.text)
    __aeabi_d2uiz                            0x00000567   Thumb Code    50  dfixui.o(.text)
    __aeabi_f2d                              0x00000599   Thumb Code    38  f2d.o(.text)
    __aeabi_cdcmpeq                          0x000005c1   Thumb Code     0  cdcmple.o(.text)
    __aeabi_cdcmple                          0x000005c1   Thumb Code    48  cdcmple.o(.text)
    __aeabi_cdrcmple                         0x000005f1   Thumb Code    48  cdrcmple.o(.text)
    __aeabi_d2f                              0x00000621   Thumb Code    56  d2f.o(.text)
    __aeabi_uidiv                            0x00000659   Thumb Code     0  uidiv.o(.text)
    __aeabi_uidivmod                         0x00000659   Thumb Code    44  uidiv.o(.text)
    __aeabi_llsl                             0x00000685   Thumb Code    30  llshl.o(.text)
    _ll_shift_l                              0x00000685   Thumb Code     0  llshl.o(.text)
    __aeabi_llsr                             0x000006a3   Thumb Code    32  llushr.o(.text)
    _ll_ushift_r                             0x000006a3   Thumb Code     0  llushr.o(.text)
    __aeabi_lasr                             0x000006c3   Thumb Code    36  llsshr.o(.text)
    _ll_sshift_r                             0x000006c3   Thumb Code     0  llsshr.o(.text)
    __I$use$fp                               0x000006e7   Thumb Code     0  iusefp.o(.text)
    _float_round                             0x000006e7   Thumb Code    18  fepilogue.o(.text)
    _float_epilogue                          0x000006f9   Thumb Code    92  fepilogue.o(.text)
    _double_round                            0x00000755   Thumb Code    30  depilogue.o(.text)
    _double_epilogue                         0x00000773   Thumb Code   156  depilogue.o(.text)
    __scatterload                            0x00000811   Thumb Code    28  init.o(.text)
    __scatterload_rt2                        0x00000811   Thumb Code     0  init.o(.text)
    __decompress                             0x00000835   Thumb Code     0  __dczerorl.o(.text)
    __decompress0                            0x00000835   Thumb Code    58  __dczerorl.o(.text)
    AD9959_IOInit                            0x00000871   Thumb Code   276  ad9959.o(i.AD9959_IOInit)
    AD9959_Init                              0x000009a5   Thumb Code    40  ad9959.o(i.AD9959_Init)
    AD9959_Set_Amp                           0x000009d1   Thumb Code    30  ad9959.o(i.AD9959_Set_Amp)
    AD9959_Set_Fre                           0x000009ef   Thumb Code    30  ad9959.o(i.AD9959_Set_Fre)
    AD9959_Set_Phase                         0x00000a0d   Thumb Code    30  ad9959.o(i.AD9959_Set_Phase)
    AD9959_WriteData                         0x00000a2d   Thumb Code   190  ad9959.o(i.AD9959_WriteData)
    ADC0SS3_IRQHandler                       0x00000af5   Thumb Code    66  adc_1.o(i.ADC0SS3_IRQHandler)
    ADC1SS3_IRQHandler                       0x00000b41   Thumb Code    66  adc_1.o(i.ADC1SS3_IRQHandler)
    ADCIntClearEx                            0x00000b95   Thumb Code     4  adc.o(i.ADCIntClearEx)
    ADCSequenceStepConfigure                 0x00000b99   Thumb Code   112  adc.o(i.ADCSequenceStepConfigure)
    ADC_All_Init                             0x00000c09   Thumb Code    40  main.o(i.ADC_All_Init)
    CD4051_Init                              0x00000c45   Thumb Code    50  cd4051.o(i.CD4051_Init)
    CD4051_Select_Channel                    0x00000c81   Thumb Code   142  cd4051.o(i.CD4051_Select_Channel)
    C_Measure                                0x00000d15   Thumb Code   926  main.o(i.C_Measure)
    DDS_Init                                 0x000011a5   Thumb Code    70  main.o(i.DDS_Init)
    Filter                                   0x000011f1   Thumb Code   106  main.o(i.Filter)
    Filter1                                  0x00001289   Thumb Code    94  main.o(i.Filter1)
    GPIODirModeSet                           0x0000130d   Thumb Code    38  gpio.o(i.GPIODirModeSet)
    GPIOPadConfigSet                         0x00001333   Thumb Code   284  gpio.o(i.GPIOPadConfigSet)
    GPIOPinTypeGPIOOutput                    0x0000144f   Thumb Code    28  gpio.o(i.GPIOPinTypeGPIOOutput)
    GPIOPinWrite                             0x0000146b   Thumb Code     6  gpio.o(i.GPIOPinWrite)
    HMI_Init                                 0x00001471   Thumb Code    44  main.o(i.HMI_Init)
    HMI_Reset_Sys_Init                       0x000014a5   Thumb Code    20  main.o(i.HMI_Reset_Sys_Init)
    IO_Update                                0x000014c1   Thumb Code    50  ad9959.o(i.IO_Update)
    IntPrioritySet                           0x000014f9   Thumb Code    30  interrupt.o(i.IntPrioritySet)
    IntRegister                              0x0000151d   Thumb Code    38  interrupt.o(i.IntRegister)
    IntReset                                 0x0000154d   Thumb Code    50  ad9959.o(i.IntReset)
    Intserve                                 0x00001585   Thumb Code   134  ad9959.o(i.Intserve)
    SysCtlClockFreqSet                       0x00001629   Thumb Code   530  sysctl.o(i.SysCtlClockFreqSet)
    SysCtlPeripheralEnable                   0x00001859   Thumb Code    36  sysctl.o(i.SysCtlPeripheralEnable)
    SysCtlPeripheralReady                    0x00001881   Thumb Code    40  sysctl.o(i.SysCtlPeripheralReady)
    SysTickEnable                            0x000018ad   Thumb Code    14  systick.o(i.SysTickEnable)
    SysTickIntEnable                         0x000018bb   Thumb Code    14  systick.o(i.SysTickIntEnable)
    SysTickIntRegister                       0x000018c9   Thumb Code    24  systick.o(i.SysTickIntRegister)
    SysTick_Handler                          0x000018e1   Thumb Code     2  system_init.o(i.SysTick_Handler)
    SystemInit                               0x000018e5   Thumb Code    18  system_msp432e401y.o(i.SystemInit)
    TIMER2A_IRQHandler                       0x00001905   Thumb Code   128  main.o(i.TIMER2A_IRQHandler)
    TIMER3B_IRQHandler                       0x00001995   Thumb Code    74  main.o(i.TIMER3B_IRQHandler)
    TimerPrescaleSet                         0x000019e9   Thumb Code    18  timer.o(i.TimerPrescaleSet)
    TimerSynchronize                         0x000019fb   Thumb Code     4  timer.o(i.TimerSynchronize)
    TimerValueGet                            0x000019ff   Thumb Code    12  timer.o(i.TimerValueGet)
    UART0_IRQHandler                         0x00001a0d   Thumb Code   100  uart_1.o(i.UART0_IRQHandler)
    UART2_IRQHandler                         0x00001a7d   Thumb Code   186  main.o(i.UART2_IRQHandler)
    UARTSend                                 0x00001b45   Thumb Code    36  uart_1.o(i.UARTSend)
    UARTStdioConfig                          0x00001b69   Thumb Code    82  uartstdio.o(i.UARTStdioConfig)
    Write_ACR                                0x00001bc5   Thumb Code    32  ad9959.o(i.Write_ACR)
    Write_CFTW0                              0x00001be5   Thumb Code    70  ad9959.o(i.Write_CFTW0)
    Write_CPOW0                              0x00001c31   Thumb Code    28  ad9959.o(i.Write_CPOW0)
    __0sprintf$6                             0x00001c71   Thumb Code    34  printf6.o(i.__0sprintf$6)
    __1sprintf$6                             0x00001c71   Thumb Code     0  printf6.o(i.__0sprintf$6)
    __2sprintf                               0x00001c71   Thumb Code     0  printf6.o(i.__0sprintf$6)
    __ARM_fpclassifyf                        0x00001c99   Thumb Code    38  fpclassifyf.o(i.__ARM_fpclassifyf)
    __hardfp_sqrtf                           0x00001cbf   Thumb Code    58  sqrtf.o(i.__hardfp_sqrtf)
    __hardfp_tanf                            0x00001cf9   Thumb Code   322  tanf.o(i.__hardfp_tanf)
    __mathlib_flt_infnan                     0x00001e75   Thumb Code     6  funder.o(i.__mathlib_flt_infnan)
    __mathlib_flt_invalid                    0x00001e7d   Thumb Code    10  funder.o(i.__mathlib_flt_invalid)
    __mathlib_flt_underflow                  0x00001e8d   Thumb Code    10  funder.o(i.__mathlib_flt_underflow)
    __mathlib_rredf2                         0x00001e9d   Thumb Code   316  rredf.o(i.__mathlib_rredf2)
    __scatterload_copy                       0x00001ff1   Thumb Code    14  handlers.o(i.__scatterload_copy)
    __scatterload_null                       0x00001fff   Thumb Code     2  handlers.o(i.__scatterload_null)
    __scatterload_zeroinit                   0x00002001   Thumb Code    14  handlers.o(i.__scatterload_zeroinit)
    __set_errno                              0x00002011   Thumb Code     6  errno.o(i.__set_errno)
    adc_init                                 0x00002369   Thumb Code   410  adc_1.o(i.adc_init)
    capture1_init                            0x0000252d   Thumb Code   144  tim.o(i.capture1_init)
    capture2_init                            0x000025d5   Thumb Code   148  tim.o(i.capture2_init)
    delay1                                   0x00002681   Thumb Code    12  ad9959.o(i.delay1)
    delay_ms                                 0x0000268d   Thumb Code    10  delay.o(i.delay_ms)
    main                                     0x00002699   Thumb Code   492  main.o(i.main)
    sys_init                                 0x00002919   Thumb Code    32  system_init.o(i.sys_init)
    uart0_init                               0x00002949   Thumb Code    74  uart_1.o(i.uart0_init)
    uart2_init                               0x000029a9   Thumb Code    90  uart_1.o(i.uart2_init)
    Region$$Table$$Base                      0x00002d8c   Number         0  anon$$obj.o(Region$$Table)
    Region$$Table$$Limit                     0x00002dac   Number         0  anon$$obj.o(Region$$Table)
    HMI_Commond                              0x20000000   Data           1  main.o(.data)
    bgetConvStatus                           0x20000001   Data           1  main.o(.data)
    DataState                                0x20000002   Data           1  main.o(.data)
    length                                   0x20000004   Data           2  main.o(.data)
    CH1_Ampl                                 0x20000006   Data           2  main.o(.data)
    CH2_Ampl                                 0x20000008   Data           2  main.o(.data)
    dataBufferB                              0x2000000a   Data           2  main.o(.data)
    CH1_Freq                                 0x2000000c   Data           4  main.o(.data)
    CH2_Freq                                 0x20000010   Data           4  main.o(.data)
    ui32SysClock                             0x20000014   Data           4  main.o(.data)
    Count1                                   0x20000018   Data           4  main.o(.data)
    Count2                                   0x2000001c   Data           4  main.o(.data)
    Phase                                    0x20000020   Data           4  main.o(.data)
    freq1                                    0x20000024   Data           4  main.o(.data)
    loc2                                     0x20000028   Data           4  main.o(.data)
    flag                                     0x2000002c   Data           4  main.o(.data)
    Q_Vin                                    0x20000030   Data           8  main.o(.data)
    Q_Vout                                   0x20000038   Data           8  main.o(.data)
    C_Pow                                    0x20000040   Data           8  main.o(.data)
    Q_fz                                     0x20000048   Data           8  main.o(.data)
    Q_fm                                     0x20000050   Data           8  main.o(.data)
    L_Vin                                    0x20000058   Data           8  main.o(.data)
    L_Vout                                   0x20000060   Data           8  main.o(.data)
    L_Pow                                    0x20000068   Data           8  main.o(.data)
    L_fz                                     0x20000070   Data           8  main.o(.data)
    L_fm                                     0x20000078   Data           8  main.o(.data)
    dataBufferA                              0x20000080   Data           2  main.o(.data)
    FR2_DATA                                 0x20000090   Data           2  ad9959.o(.data)
    FR1_DATA                                 0x20000092   Data           3  ad9959.o(.data)
    ACC_FRE_FACTOR                           0x20000098   Data           8  ad9959.o(.data)
    SystemCoreClock                          0x200000a0   Data           4  system_msp432e401y.o(.data)
    ReceiveData                              0x2000066c   Data          16  main.o(.bss)
    u_buf                                    0x2000067c   Data        1024  uart_1.o(.bss)
    pui8ControlTable                         0x20000c00   Data        1024  adc_1.o(.bss)
    __initial_sp                             0x20001200   Data           0  startup_msp432e401y_uvision.o(STACK)



==============================================================================

Memory Map of the image

  Image Entry point : 0x000001fd

  Load Region LR_IROM1 (Base: 0x00000000, Size: 0x00003418, Max: 0x00100000, ABSOLUTE, COMPRESSED[0x00002dd4])

    Execution Region ER_IROM1 (Exec base: 0x00000000, Load base: 0x00000000, Size: 0x00002dac, Max: 0x00100000, ABSOLUTE)

    Exec Addr    Load Addr    Size         Type   Attr      Idx    E Section Name        Object

    0x00000000   0x00000000   0x000001fc   Data   RO         6861    RESET               startup_msp432e401y_uvision.o
    0x000001fc   0x000001fc   0x00000000   Code   RO         6890  * .ARM.Collect$$$$00000000  mc_w.l(entry.o)
    0x000001fc   0x000001fc   0x00000004   Code   RO         7191    .ARM.Collect$$$$00000001  mc_w.l(entry2.o)
    0x00000200   0x00000200   0x00000004   Code   RO         7194    .ARM.Collect$$$$00000004  mc_w.l(entry5.o)
    0x00000204   0x00000204   0x00000000   Code   RO         7196    .ARM.Collect$$$$00000008  mc_w.l(entry7b.o)
    0x00000204   0x00000204   0x00000000   Code   RO         7198    .ARM.Collect$$$$0000000A  mc_w.l(entry8b.o)
    0x00000204   0x00000204   0x00000008   Code   RO         7199    .ARM.Collect$$$$0000000B  mc_w.l(entry9a.o)
    0x0000020c   0x0000020c   0x00000000   Code   RO         7201    .ARM.Collect$$$$0000000D  mc_w.l(entry10a.o)
    0x0000020c   0x0000020c   0x00000000   Code   RO         7203    .ARM.Collect$$$$0000000F  mc_w.l(entry11a.o)
    0x0000020c   0x0000020c   0x00000004   Code   RO         7192    .ARM.Collect$$$$00002712  mc_w.l(entry2.o)
    0x00000210   0x00000210   0x00000006   Code   RO         4196    .emb_text           sysctl.o
    0x00000216   0x00000216   0x00000002   PAD
    0x00000218   0x00000218   0x00000024   Code   RO         6862    .text               startup_msp432e401y_uvision.o
    0x0000023c   0x0000023c   0x0000014e   Code   RO         7154    .text               mf_w.l(dadd.o)
    0x0000038a   0x0000038a   0x000000e4   Code   RO         7156    .text               mf_w.l(dmul.o)
    0x0000046e   0x0000046e   0x000000de   Code   RO         7158    .text               mf_w.l(ddiv.o)
    0x0000054c   0x0000054c   0x0000001a   Code   RO         7160    .text               mf_w.l(dfltui.o)
    0x00000566   0x00000566   0x00000032   Code   RO         7162    .text               mf_w.l(dfixui.o)
    0x00000598   0x00000598   0x00000026   Code   RO         7164    .text               mf_w.l(f2d.o)
    0x000005be   0x000005be   0x00000002   PAD
    0x000005c0   0x000005c0   0x00000030   Code   RO         7166    .text               mf_w.l(cdcmple.o)
    0x000005f0   0x000005f0   0x00000030   Code   RO         7168    .text               mf_w.l(cdrcmple.o)
    0x00000620   0x00000620   0x00000038   Code   RO         7170    .text               mf_w.l(d2f.o)
    0x00000658   0x00000658   0x0000002c   Code   RO         7208    .text               mc_w.l(uidiv.o)
    0x00000684   0x00000684   0x0000001e   Code   RO         7212    .text               mc_w.l(llshl.o)
    0x000006a2   0x000006a2   0x00000020   Code   RO         7214    .text               mc_w.l(llushr.o)
    0x000006c2   0x000006c2   0x00000024   Code   RO         7216    .text               mc_w.l(llsshr.o)
    0x000006e6   0x000006e6   0x00000000   Code   RO         7225    .text               mc_w.l(iusefp.o)
    0x000006e6   0x000006e6   0x0000006e   Code   RO         7226    .text               mf_w.l(fepilogue.o)
    0x00000754   0x00000754   0x000000ba   Code   RO         7228    .text               mf_w.l(depilogue.o)
    0x0000080e   0x0000080e   0x00000002   PAD
    0x00000810   0x00000810   0x00000024   Code   RO         7232    .text               mc_w.l(init.o)
    0x00000834   0x00000834   0x0000003a   Code   RO         7244    .text               mc_w.l(__dczerorl.o)
    0x0000086e   0x0000086e   0x00000002   PAD
    0x00000870   0x00000870   0x00000134   Code   RO         6607    i.AD9959_IOInit     ad9959.o
    0x000009a4   0x000009a4   0x0000002c   Code   RO         6608    i.AD9959_Init       ad9959.o
    0x000009d0   0x000009d0   0x0000001e   Code   RO         6609    i.AD9959_Set_Amp    ad9959.o
    0x000009ee   0x000009ee   0x0000001e   Code   RO         6610    i.AD9959_Set_Fre    ad9959.o
    0x00000a0c   0x00000a0c   0x0000001e   Code   RO         6611    i.AD9959_Set_Phase  ad9959.o
    0x00000a2a   0x00000a2a   0x00000002   PAD
    0x00000a2c   0x00000a2c   0x000000c8   Code   RO         6612    i.AD9959_WriteData  ad9959.o
    0x00000af4   0x00000af4   0x0000004c   Code   RO         6744    i.ADC0SS3_IRQHandler  adc_1.o
    0x00000b40   0x00000b40   0x00000054   Code   RO         6745    i.ADC1SS3_IRQHandler  adc_1.o
    0x00000b94   0x00000b94   0x00000004   Code   RO           16    i.ADCIntClearEx     adc.o
    0x00000b98   0x00000b98   0x00000070   Code   RO           38    i.ADCSequenceStepConfigure  adc.o
    0x00000c08   0x00000c08   0x0000003c   Code   RO         6039    i.ADC_All_Init      main.o
    0x00000c44   0x00000c44   0x0000003c   Code   RO         6793    i.CD4051_Init       cd4051.o
    0x00000c80   0x00000c80   0x00000094   Code   RO         6794    i.CD4051_Select_Channel  cd4051.o
    0x00000d14   0x00000d14   0x00000490   Code   RO         6040    i.C_Measure         main.o
    0x000011a4   0x000011a4   0x0000004c   Code   RO         6043    i.DDS_Init          main.o
    0x000011f0   0x000011f0   0x00000098   Code   RO         6044    i.Filter            main.o
    0x00001288   0x00001288   0x00000084   Code   RO         6045    i.Filter1           main.o
    0x0000130c   0x0000130c   0x00000026   Code   RO         1966    i.GPIODirModeSet    gpio.o
    0x00001332   0x00001332   0x0000011c   Code   RO         1978    i.GPIOPadConfigSet  gpio.o
    0x0000144e   0x0000144e   0x0000001c   Code   RO         1990    i.GPIOPinTypeGPIOOutput  gpio.o
    0x0000146a   0x0000146a   0x00000006   Code   RO         2008    i.GPIOPinWrite      gpio.o
    0x00001470   0x00001470   0x00000034   Code   RO         6047    i.HMI_Init          main.o
    0x000014a4   0x000014a4   0x0000001c   Code   RO         6049    i.HMI_Reset_Sys_Init  main.o
    0x000014c0   0x000014c0   0x00000038   Code   RO         6613    i.IO_Update         ad9959.o
    0x000014f8   0x000014f8   0x00000024   Code   RO         2969    i.IntPrioritySet    interrupt.o
    0x0000151c   0x0000151c   0x00000030   Code   RO         2970    i.IntRegister       interrupt.o
    0x0000154c   0x0000154c   0x00000038   Code   RO         6614    i.IntReset          ad9959.o
    0x00001584   0x00001584   0x000000a4   Code   RO         6615    i.Intserve          ad9959.o
    0x00001628   0x00001628   0x00000230   Code   RO         4198    i.SysCtlClockFreqSet  sysctl.o
    0x00001858   0x00001858   0x00000028   Code   RO         4221    i.SysCtlPeripheralEnable  sysctl.o
    0x00001880   0x00001880   0x0000002c   Code   RO         4225    i.SysCtlPeripheralReady  sysctl.o
    0x000018ac   0x000018ac   0x0000000e   Code   RO         4523    i.SysTickEnable     systick.o
    0x000018ba   0x000018ba   0x0000000e   Code   RO         4525    i.SysTickIntEnable  systick.o
    0x000018c8   0x000018c8   0x00000018   Code   RO         4526    i.SysTickIntRegister  systick.o
    0x000018e0   0x000018e0   0x00000002   Code   RO         6408    i.SysTick_Handler   system_init.o
    0x000018e2   0x000018e2   0x00000002   PAD
    0x000018e4   0x000018e4   0x00000020   Code   RO         6827    i.SystemInit        system_msp432e401y.o
    0x00001904   0x00001904   0x00000090   Code   RO         6050    i.TIMER2A_IRQHandler  main.o
    0x00001994   0x00001994   0x00000054   Code   RO         6051    i.TIMER3B_IRQHandler  main.o
    0x000019e8   0x000019e8   0x00000012   Code   RO         4615    i.TimerPrescaleSet  timer.o
    0x000019fa   0x000019fa   0x00000004   Code   RO         4618    i.TimerSynchronize  timer.o
    0x000019fe   0x000019fe   0x0000000c   Code   RO         4620    i.TimerValueGet     timer.o
    0x00001a0a   0x00001a0a   0x00000002   PAD
    0x00001a0c   0x00001a0c   0x00000070   Code   RO         6442    i.UART0_IRQHandler  uart_1.o
    0x00001a7c   0x00001a7c   0x000000c8   Code   RO         6052    i.UART2_IRQHandler  main.o
    0x00001b44   0x00001b44   0x00000024   Code   RO         6443    i.UARTSend          uart_1.o
    0x00001b68   0x00001b68   0x0000005c   Code   RO         6506    i.UARTStdioConfig   uartstdio.o
    0x00001bc4   0x00001bc4   0x00000020   Code   RO         6616    i.Write_ACR         ad9959.o
    0x00001be4   0x00001be4   0x0000004c   Code   RO         6617    i.Write_CFTW0       ad9959.o
    0x00001c30   0x00001c30   0x0000001c   Code   RO         6618    i.Write_CPOW0       ad9959.o
    0x00001c4c   0x00001c4c   0x00000024   Code   RO         4241    i._SysCtlMemTimingGet  sysctl.o
    0x00001c70   0x00001c70   0x00000028   Code   RO         7050    i.__0sprintf$6      mc_w.l(printf6.o)
    0x00001c98   0x00001c98   0x00000026   Code   RO         7172    i.__ARM_fpclassifyf  m_wm.l(fpclassifyf.o)
    0x00001cbe   0x00001cbe   0x0000003a   Code   RO         6866    i.__hardfp_sqrtf    m_wm.l(sqrtf.o)
    0x00001cf8   0x00001cf8   0x0000017c   Code   RO         6878    i.__hardfp_tanf     m_wm.l(tanf.o)
    0x00001e74   0x00001e74   0x00000006   Code   RO         7175    i.__mathlib_flt_infnan  m_wm.l(funder.o)
    0x00001e7a   0x00001e7a   0x00000002   PAD
    0x00001e7c   0x00001e7c   0x00000010   Code   RO         7177    i.__mathlib_flt_invalid  m_wm.l(funder.o)
    0x00001e8c   0x00001e8c   0x00000010   Code   RO         7180    i.__mathlib_flt_underflow  m_wm.l(funder.o)
    0x00001e9c   0x00001e9c   0x00000154   Code   RO         7188    i.__mathlib_rredf2  m_wm.l(rredf.o)
    0x00001ff0   0x00001ff0   0x0000000e   Code   RO         7238    i.__scatterload_copy  mc_w.l(handlers.o)
    0x00001ffe   0x00001ffe   0x00000002   Code   RO         7239    i.__scatterload_null  mc_w.l(handlers.o)
    0x00002000   0x00002000   0x0000000e   Code   RO         7240    i.__scatterload_zeroinit  mc_w.l(handlers.o)
    0x0000200e   0x0000200e   0x00000002   PAD
    0x00002010   0x00002010   0x0000000c   Code   RO         7220    i.__set_errno       mc_w.l(errno.o)
    0x0000201c   0x0000201c   0x000002f0   Code   RO         7055    i._printf_core      mc_w.l(printf6.o)
    0x0000230c   0x0000230c   0x00000024   Code   RO         7056    i._printf_post_padding  mc_w.l(printf6.o)
    0x00002330   0x00002330   0x0000002e   Code   RO         7057    i._printf_pre_padding  mc_w.l(printf6.o)
    0x0000235e   0x0000235e   0x0000000a   Code   RO         7059    i._sputc            mc_w.l(printf6.o)
    0x00002368   0x00002368   0x000001c4   Code   RO         6747    i.adc_init          adc_1.o
    0x0000252c   0x0000252c   0x000000a8   Code   RO         6567    i.capture1_init     tim.o
    0x000025d4   0x000025d4   0x000000ac   Code   RO         6568    i.capture2_init     tim.o
    0x00002680   0x00002680   0x0000000c   Code   RO         6625    i.delay1            ad9959.o
    0x0000268c   0x0000268c   0x0000000a   Code   RO         6333    i.delay_ms          delay.o
    0x00002696   0x00002696   0x00000002   PAD
    0x00002698   0x00002698   0x00000280   Code   RO         6055    i.main              main.o
    0x00002918   0x00002918   0x00000030   Code   RO         6409    i.sys_init          system_init.o
    0x00002948   0x00002948   0x00000060   Code   RO         6445    i.uart0_init        uart_1.o
    0x000029a8   0x000029a8   0x00000078   Code   RO         6446    i.uart2_init        uart_1.o
    0x00002a20   0x00002a20   0x0000010c   Data   RO         2974    .constdata          interrupt.o
    0x00002b2c   0x00002b2c   0x00000210   Data   RO         4242    .constdata          sysctl.o
    0x00002d3c   0x00002d3c   0x0000001c   Data   RO         6512    .constdata          uartstdio.o
    0x00002d58   0x00002d58   0x00000020   Data   RO         7189    .constdata          m_wm.l(rredf.o)
    0x00002d78   0x00002d78   0x00000011   Data   RO         6513    .conststring        uartstdio.o
    0x00002d89   0x00002d89   0x00000003   PAD
    0x00002d8c   0x00002d8c   0x00000020   Data   RO         7236    Region$$Table       anon$$obj.o


    Execution Region RW_IRAM1 (Exec base: 0x20000000, Load base: 0x00002dac, Size: 0x00001200, Max: 0x00040000, ABSOLUTE, COMPRESSED[0x00000028])

    Exec Addr    Load Addr    Size         Type   Attr      Idx    E Section Name        Object

    0x20000000   COMPRESSED   0x00000080   Data   RW         6058    .data               main.o
    0x20000080   COMPRESSED   0x00000002   Data   RW         6065    .data               main.o
    0x20000082   COMPRESSED   0x00000002   PAD
    0x20000084   COMPRESSED   0x00000008   Data   RW         6514    .data               uartstdio.o
    0x2000008c   COMPRESSED   0x00000004   PAD
    0x20000090   COMPRESSED   0x00000010   Data   RW         6626    .data               ad9959.o
    0x200000a0   COMPRESSED   0x00000004   Data   RW         6828    .data               system_msp432e401y.o
    0x200000a4   COMPRESSED   0x00000004   Data   RW         7221    .data               mc_w.l(errno.o)
    0x200000a8   COMPRESSED   0x00000358   PAD
    0x20000400   COMPRESSED   0x0000026c   Data   RW         2975    vtable              interrupt.o
    0x2000066c        -       0x00000010   Zero   RW         6057    .bss                main.o
    0x2000067c        -       0x00000400   Zero   RW         6447    .bss                uart_1.o
    0x20000a7c   COMPRESSED   0x00000184   PAD
    0x20000c00        -       0x00000400   Zero   RW         6748    .bss                adc_1.o
    0x20001000        -       0x00000200   Zero   RW         6859    STACK               startup_msp432e401y_uvision.o


==============================================================================

Image component sizes


      Code (inc. data)   RO Data    RW Data    ZI Data      Debug   Object Name

      1066         94          0         16          0       8873   ad9959.o
       116          0          0          0          0       5915   adc.o
       612         70          0          0       1024       2765   adc_1.o
       208         16          0          0          0       1250   cd4051.o
        10          0          0          0          0        503   delay.o
       356          0          0          0          0       3771   gpio.o
        84         16        268        620          0       2507   interrupt.o
      2736        556          0        130         16       9836   main.o
        36          8        508          0        512        980   startup_msp432e401y_uvision.o
       686         44        528          0          0       5674   sysctl.o
        50         16          0          0          0       1073   system_init.o
        32         14          0          4          0        951   system_msp432e401y.o
        52          0          0          0          0       1792   systick.o
       340         48          0          0          0       1216   tim.o
        34          0          0          0          0       1918   timer.o
       364         64          0          0       1024       2935   uart_1.o
        92         10         45          8          0       2249   uartstdio.o

    ----------------------------------------------------------------------
      6884        956       1384        784       2964      54208   Object Totals
         0          0         32          0          0          0   (incl. Generated)
        10          0          3          6        388          0   (incl. Padding)

    ----------------------------------------------------------------------

      Code (inc. data)   RO Data    RW Data    ZI Data      Debug   Library Member Name

        38          0          0          0          0        116   fpclassifyf.o
        38         12          0          0          0        348   funder.o
       340         24         32          0          0        160   rredf.o
        58          0          0          0          0        136   sqrtf.o
       380         58          0          0          0        200   tanf.o
        58          0          0          0          0          0   __dczerorl.o
         0          0          0          0          0          0   entry.o
         0          0          0          0          0          0   entry10a.o
         0          0          0          0          0          0   entry11a.o
         8          4          0          0          0          0   entry2.o
         4          0          0          0          0          0   entry5.o
         0          0          0          0          0          0   entry7b.o
         0          0          0          0          0          0   entry8b.o
         8          4          0          0          0          0   entry9a.o
        12          6          0          4          0         68   errno.o
        30          0          0          0          0          0   handlers.o
        36          8          0          0          0         68   init.o
         0          0          0          0          0          0   iusefp.o
        30          0          0          0          0         68   llshl.o
        36          0          0          0          0         68   llsshr.o
        32          0          0          0          0         68   llushr.o
       884         10          0          0          0        420   printf6.o
        44          0          0          0          0         80   uidiv.o
        48          0          0          0          0         68   cdcmple.o
        48          0          0          0          0         68   cdrcmple.o
        56          0          0          0          0         88   d2f.o
       334          0          0          0          0        148   dadd.o
       222          0          0          0          0        100   ddiv.o
       186          0          0          0          0        176   depilogue.o
        50          0          0          0          0         76   dfixui.o
        26          0          0          0          0         76   dfltui.o
       228          0          0          0          0         96   dmul.o
        38          0          0          0          0         68   f2d.o
       110          0          0          0          0        168   fepilogue.o

    ----------------------------------------------------------------------
      3392        126         32        860          0       2932   Library Totals
        10          0          0        856          0          0   (incl. Padding)

    ----------------------------------------------------------------------

      Code (inc. data)   RO Data    RW Data    ZI Data      Debug   Library Name

       854         94         32          0          0        960   m_wm.l
      1182         32          0          4          0        840   mc_w.l
      1346          0          0          0          0       1132   mf_w.l

    ----------------------------------------------------------------------
      3392        126         32        860          0       2932   Library Totals

    ----------------------------------------------------------------------

==============================================================================


      Code (inc. data)   RO Data    RW Data    ZI Data      Debug   

     10276       1082       1416       1644       2964      50436   Grand Totals
     10276       1082       1416         40       2964      50436   ELF Image Totals (compressed)
     10276       1082       1416         40          0          0   ROM Totals

==============================================================================

    Total RO  Size (Code + RO Data)                11692 (  11.42kB)
    Total RW  Size (RW Data + ZI Data)              4608 (   4.50kB)
    Total ROM Size (Code + RO Data + RW Data)      11732 (  11.46kB)

==============================================================================

